Component: ARM Compiler 5.06 update 6 (build 750) Tool: armlink [4d35ed]

==============================================================================

Section Cross References

    at32f435_437_adc.o(i.adc_reset) refers to at32f435_437_crm.o(i.crm_periph_reset) for crm_periph_reset
    at32f435_437_can.o(i.can_interrupt_flag_get) refers to at32f435_437_can.o(i.can_flag_get) for can_flag_get
    at32f435_437_can.o(i.can_message_receive) refers to at32f435_437_can.o(i.can_receive_fifo_release) for can_receive_fifo_release
    at32f435_437_can.o(i.can_reset) refers to at32f435_437_crm.o(i.crm_periph_reset) for crm_periph_reset
    at32f435_437_crm.o(i.crm_clocks_freq_get) refers to at32f435_437_crm.o(i.crm_sysclk_switch_status_get) for crm_sysclk_switch_status_get
    at32f435_437_crm.o(i.crm_clocks_freq_get) refers to uldiv.o(.text) for __aeabi_uldivmod
    at32f435_437_crm.o(i.crm_clocks_freq_get) refers to at32f435_437_crm.o(.constdata) for pll_fr_table
    at32f435_437_crm.o(i.crm_hext_stable_wait) refers to at32f435_437_crm.o(i.crm_flag_get) for crm_flag_get
    at32f435_437_crm.o(i.crm_hick_sclk_frequency_select) refers to at32f435_437_crm.o(i.crm_hick_divider_select) for crm_hick_divider_select
    at32f435_437_crm.o(i.crm_usb_clock_source_select) refers to at32f435_437_crm.o(i.crm_hick_sclk_frequency_select) for crm_hick_sclk_frequency_select
    at32f435_437_dac.o(i.dac_reset) refers to at32f435_437_crm.o(i.crm_periph_reset) for crm_periph_reset
    at32f435_437_dvp.o(i.dvp_reset) refers to at32f435_437_crm.o(i.crm_periph_reset) for crm_periph_reset
    at32f435_437_ertc.o(i.ertc_alarm_enable) refers to at32f435_437_ertc.o(i.ertc_write_protect_disable) for ertc_write_protect_disable
    at32f435_437_ertc.o(i.ertc_alarm_enable) refers to at32f435_437_ertc.o(i.ertc_wait_flag) for ertc_wait_flag
    at32f435_437_ertc.o(i.ertc_alarm_enable) refers to at32f435_437_ertc.o(i.ertc_write_protect_enable) for ertc_write_protect_enable
    at32f435_437_ertc.o(i.ertc_alarm_get) refers to at32f435_437_ertc.o(i.ertc_bcd_to_num) for ertc_bcd_to_num
    at32f435_437_ertc.o(i.ertc_alarm_mask_set) refers to at32f435_437_ertc.o(i.ertc_write_protect_disable) for ertc_write_protect_disable
    at32f435_437_ertc.o(i.ertc_alarm_mask_set) refers to at32f435_437_ertc.o(i.ertc_write_protect_enable) for ertc_write_protect_enable
    at32f435_437_ertc.o(i.ertc_alarm_set) refers to at32f435_437_ertc.o(i.ertc_num_to_bcd) for ertc_num_to_bcd
    at32f435_437_ertc.o(i.ertc_alarm_set) refers to at32f435_437_ertc.o(i.ertc_write_protect_disable) for ertc_write_protect_disable
    at32f435_437_ertc.o(i.ertc_alarm_set) refers to at32f435_437_ertc.o(i.ertc_write_protect_enable) for ertc_write_protect_enable
    at32f435_437_ertc.o(i.ertc_alarm_sub_second_set) refers to at32f435_437_ertc.o(i.ertc_write_protect_disable) for ertc_write_protect_disable
    at32f435_437_ertc.o(i.ertc_alarm_sub_second_set) refers to at32f435_437_ertc.o(i.ertc_write_protect_enable) for ertc_write_protect_enable
    at32f435_437_ertc.o(i.ertc_alarm_week_date_select) refers to at32f435_437_ertc.o(i.ertc_write_protect_disable) for ertc_write_protect_disable
    at32f435_437_ertc.o(i.ertc_alarm_week_date_select) refers to at32f435_437_ertc.o(i.ertc_write_protect_enable) for ertc_write_protect_enable
    at32f435_437_ertc.o(i.ertc_cal_output_enable) refers to at32f435_437_ertc.o(i.ertc_write_protect_disable) for ertc_write_protect_disable
    at32f435_437_ertc.o(i.ertc_cal_output_enable) refers to at32f435_437_ertc.o(i.ertc_write_protect_enable) for ertc_write_protect_enable
    at32f435_437_ertc.o(i.ertc_cal_output_select) refers to at32f435_437_ertc.o(i.ertc_write_protect_disable) for ertc_write_protect_disable
    at32f435_437_ertc.o(i.ertc_cal_output_select) refers to at32f435_437_ertc.o(i.ertc_write_protect_enable) for ertc_write_protect_enable
    at32f435_437_ertc.o(i.ertc_calendar_get) refers to at32f435_437_ertc.o(i.ertc_bcd_to_num) for ertc_bcd_to_num
    at32f435_437_ertc.o(i.ertc_coarse_calibration_enable) refers to at32f435_437_ertc.o(i.ertc_write_protect_disable) for ertc_write_protect_disable
    at32f435_437_ertc.o(i.ertc_coarse_calibration_enable) refers to at32f435_437_ertc.o(i.ertc_init_mode_enter) for ertc_init_mode_enter
    at32f435_437_ertc.o(i.ertc_coarse_calibration_enable) refers to at32f435_437_ertc.o(i.ertc_init_mode_exit) for ertc_init_mode_exit
    at32f435_437_ertc.o(i.ertc_coarse_calibration_enable) refers to at32f435_437_ertc.o(i.ertc_write_protect_enable) for ertc_write_protect_enable
    at32f435_437_ertc.o(i.ertc_coarse_calibration_set) refers to at32f435_437_ertc.o(i.ertc_write_protect_disable) for ertc_write_protect_disable
    at32f435_437_ertc.o(i.ertc_coarse_calibration_set) refers to at32f435_437_ertc.o(i.ertc_init_mode_enter) for ertc_init_mode_enter
    at32f435_437_ertc.o(i.ertc_coarse_calibration_set) refers to at32f435_437_ertc.o(i.ertc_init_mode_exit) for ertc_init_mode_exit
[...]
    Removing at32f435_437_ertc.o(i.ertc_sub_second_get), (20 bytes).
    Removing at32f435_437_ertc.o(i.ertc_tamper_1_pin_select), (32 bytes).
    Removing at32f435_437_ertc.o(i.ertc_tamper_detect_freq_set), (32 bytes).
    Removing at32f435_437_ertc.o(i.ertc_tamper_enable), (48 bytes).
    Removing at32f435_437_ertc.o(i.ertc_tamper_filter_set), (32 bytes).
    Removing at32f435_437_ertc.o(i.ertc_tamper_precharge_set), (32 bytes).
    Removing at32f435_437_ertc.o(i.ertc_tamper_pull_up_enable), (40 bytes).
    Removing at32f435_437_ertc.o(i.ertc_tamper_timestamp_enable), (32 bytes).
    Removing at32f435_437_ertc.o(i.ertc_tamper_valid_edge_set), (48 bytes).
    Removing at32f435_437_ertc.o(i.ertc_time_adjust), (92 bytes).
    Removing at32f435_437_ertc.o(i.ertc_time_set), (120 bytes).
    Removing at32f435_437_ertc.o(i.ertc_timestamp_enable), (32 bytes).
    Removing at32f435_437_ertc.o(i.ertc_timestamp_get), (108 bytes).
    Removing at32f435_437_ertc.o(i.ertc_timestamp_pin_select), (32 bytes).
    Removing at32f435_437_ertc.o(i.ertc_timestamp_sub_second_get), (12 bytes).
    Removing at32f435_437_ertc.o(i.ertc_timestamp_valid_edge_set), (32 bytes).
    Removing at32f435_437_ertc.o(i.ertc_wait_flag), (38 bytes).
    Removing at32f435_437_ertc.o(i.ertc_wait_update), (56 bytes).
    Removing at32f435_437_ertc.o(i.ertc_wakeup_clock_set), (32 bytes).
    Removing at32f435_437_ertc.o(i.ertc_wakeup_counter_get), (12 bytes).
    Removing at32f435_437_ertc.o(i.ertc_wakeup_counter_set), (32 bytes).
    Removing at32f435_437_ertc.o(i.ertc_wakeup_enable), (52 bytes).
    Removing at32f435_437_ertc.o(i.ertc_write_protect_disable), (16 bytes).
    Removing at32f435_437_ertc.o(i.ertc_write_protect_enable), (12 bytes).
    Removing at32f435_437_exint.o(.rev16_text), (4 bytes).
    Removing at32f435_437_exint.o(.revsh_text), (4 bytes).
    Removing at32f435_437_exint.o(.rrx_text), (6 bytes).
    Removing at32f435_437_exint.o(i.exint_default_para_init), (14 bytes).
    Removing at32f435_437_exint.o(i.exint_event_enable), (32 bytes).
    Removing at32f435_437_exint.o(i.exint_flag_clear), (12 bytes).
    Removing at32f435_437_exint.o(i.exint_flag_get), (28 bytes).
    Removing at32f435_437_exint.o(i.exint_init), (152 bytes).
    Removing at32f435_437_exint.o(i.exint_interrupt_enable), (32 bytes).
    Removing at32f435_437_exint.o(i.exint_interrupt_flag_get), (40 bytes).
    Removing at32f435_437_exint.o(i.exint_reset), (40 bytes).
    Removing at32f435_437_exint.o(i.exint_software_interrupt_event_generate), (16 bytes).
    Removing at32f435_437_flash.o(.rev16_text), (4 bytes).
    Removing at32f435_437_flash.o(.revsh_text), (4 bytes).
    Removing at32f435_437_flash.o(.rrx_text), (6 bytes).
    Removing at32f435_437_flash.o(i.flash_bank1_erase), (60 bytes).
    Removing at32f435_437_flash.o(i.flash_bank1_lock), (20 bytes).
    Removing at32f435_437_flash.o(i.flash_bank1_operation_status_get), (52 bytes).
    Removing at32f435_437_flash.o(i.flash_bank1_operation_wait_for), (36 bytes).
    Removing at32f435_437_flash.o(i.flash_bank1_unlock), (24 bytes).
    Removing at32f435_437_flash.o(i.flash_bank2_erase), (60 bytes).
    Removing at32f435_437_flash.o(i.flash_bank2_lock), (20 bytes).
    Removing at32f435_437_flash.o(i.flash_bank2_operation_status_get), (52 bytes).
    Removing at32f435_437_flash.o(i.flash_bank2_operation_wait_for), (36 bytes).
    Removing at32f435_437_flash.o(i.flash_bank2_unlock), (24 bytes).
    Removing at32f435_437_flash.o(i.flash_block_erase), (156 bytes).
    Removing at32f435_437_flash.o(i.flash_byte_program), (132 bytes).
    Removing at32f435_437_flash.o(i.flash_continue_read_enable), (20 bytes).
    Removing at32f435_437_flash.o(i.flash_crc_calibrate), (64 bytes).
    Removing at32f435_437_flash.o(i.flash_eopb0_config), (100 bytes).
    Removing at32f435_437_flash.o(i.flash_epp_set), (352 bytes).
    Removing at32f435_437_flash.o(i.flash_epp_status_get), (20 bytes).
    Removing at32f435_437_flash.o(i.flash_fap_enable), (168 bytes).
    Removing at32f435_437_flash.o(i.flash_fap_status_get), (16 bytes).
    Removing at32f435_437_flash.o(i.flash_flag_clear), (44 bytes).
    Removing at32f435_437_flash.o(i.flash_flag_get), (80 bytes).
    Removing at32f435_437_flash.o(i.flash_halfword_program), (132 bytes).
    Removing at32f435_437_flash.o(i.flash_internal_all_erase), (116 bytes).
    Removing at32f435_437_flash.o(i.flash_interrupt_enable), (88 bytes).
    Removing at32f435_437_flash.o(i.flash_lock), (40 bytes).
    Removing at32f435_437_flash.o(i.flash_nzw_boost_enable), (20 bytes).
    Removing at32f435_437_flash.o(i.flash_operation_status_get), (52 bytes).
    Removing at32f435_437_flash.o(i.flash_operation_wait_for), (36 bytes).
    Removing at32f435_437_flash.o(i.flash_sector_erase), (156 bytes).
    Removing at32f435_437_flash.o(i.flash_slib_disable), (52 bytes).
    Removing at32f435_437_flash.o(i.flash_slib_enable), (152 bytes).
    Removing at32f435_437_flash.o(i.flash_slib_end_sector_get), (12 bytes).
    Removing at32f435_437_flash.o(i.flash_slib_inststart_sector_get), (12 bytes).
    Removing at32f435_437_flash.o(i.flash_slib_remaining_count_get), (16 bytes).
    Removing at32f435_437_flash.o(i.flash_slib_start_sector_get), (12 bytes).
    Removing at32f435_437_flash.o(i.flash_slib_state_get), (24 bytes).
    Removing at32f435_437_flash.o(i.flash_ssb_set), (100 bytes).
    Removing at32f435_437_flash.o(i.flash_ssb_status_get), (16 bytes).
    Removing at32f435_437_flash.o(i.flash_unlock), (36 bytes).
    Removing at32f435_437_flash.o(i.flash_user_system_data_erase), (164 bytes).
    Removing at32f435_437_flash.o(i.flash_user_system_data_program), (116 bytes).
    Removing at32f435_437_flash.o(i.flash_word_program), (132 bytes).
    Removing at32f435_437_flash.o(.constdata), (8 bytes).
    Removing at32f435_437_gpio.o(.rev16_text), (4 bytes).
    Removing at32f435_437_gpio.o(.revsh_text), (4 bytes).
    Removing at32f435_437_gpio.o(.rrx_text), (6 bytes).
    Removing at32f435_437_gpio.o(i.gpio_bits_write), (10 bytes).
    Removing at32f435_437_gpio.o(i.gpio_input_data_bit_read), (18 bytes).
    Removing at32f435_437_gpio.o(i.gpio_input_data_read), (8 bytes).
    Removing at32f435_437_gpio.o(i.gpio_output_data_bit_read), (18 bytes).
    Removing at32f435_437_gpio.o(i.gpio_output_data_read), (8 bytes).
    Removing at32f435_437_gpio.o(i.gpio_pin_wp_config), (18 bytes).
    Removing at32f435_437_gpio.o(i.gpio_pins_huge_driven_config), (18 bytes).
    Removing at32f435_437_gpio.o(i.gpio_port_write), (4 bytes).
    Removing at32f435_437_gpio.o(i.gpio_reset), (256 bytes).
    Removing at32f435_437_i2c.o(.rev16_text), (4 bytes).
    Removing at32f435_437_i2c.o(.revsh_text), (4 bytes).
    Removing at32f435_437_i2c.o(.rrx_text), (6 bytes).
    Removing at32f435_437_i2c.o(i.i2c_ack_enable), (18 bytes).
    Removing at32f435_437_i2c.o(i.i2c_addr10_header_enable), (10 bytes).
    Removing at32f435_437_i2c.o(i.i2c_addr10_mode_enable), (10 bytes).
    Removing at32f435_437_i2c.o(i.i2c_auto_stop_enable), (10 bytes).
    Removing at32f435_437_i2c.o(i.i2c_clock_stretch_enable), (18 bytes).
    Removing at32f435_437_i2c.o(i.i2c_cnt_set), (10 bytes).
    Removing at32f435_437_i2c.o(i.i2c_data_receive), (8 bytes).
    Removing at32f435_437_i2c.o(i.i2c_data_send), (4 bytes).
    Removing at32f435_437_i2c.o(i.i2c_dma_enable), (22 bytes).
    Removing at32f435_437_i2c.o(i.i2c_enable), (10 bytes).
    Removing at32f435_437_i2c.o(i.i2c_ext_timeout_enable), (10 bytes).
    Removing at32f435_437_i2c.o(i.i2c_ext_timeout_set), (10 bytes).
    Removing at32f435_437_i2c.o(i.i2c_flag_clear), (4 bytes).
    Removing at32f435_437_i2c.o(i.i2c_flag_get), (16 bytes).
    Removing at32f435_437_i2c.o(i.i2c_general_call_enable), (10 bytes).
    Removing at32f435_437_i2c.o(i.i2c_init), (20 bytes).
    Removing at32f435_437_i2c.o(i.i2c_interrupt_enable), (18 bytes).
    Removing at32f435_437_i2c.o(i.i2c_interrupt_flag_get), (190 bytes).
    Removing at32f435_437_i2c.o(i.i2c_interrupt_get), (16 bytes).
    Removing at32f435_437_i2c.o(i.i2c_matched_addr_get), (12 bytes).
    Removing at32f435_437_i2c.o(i.i2c_own_address1_set), (30 bytes).
    Removing at32f435_437_i2c.o(i.i2c_own_address2_enable), (10 bytes).
    Removing at32f435_437_i2c.o(i.i2c_own_address2_set), (22 bytes).
    Removing at32f435_437_i2c.o(i.i2c_pec_calculate_enable), (10 bytes).
    Removing at32f435_437_i2c.o(i.i2c_pec_transmit_enable), (10 bytes).
    Removing at32f435_437_i2c.o(i.i2c_pec_value_get), (8 bytes).
    Removing at32f435_437_i2c.o(i.i2c_reload_enable), (10 bytes).
    Removing at32f435_437_i2c.o(i.i2c_reset), (100 bytes).
    Removing at32f435_437_i2c.o(i.i2c_slave_data_ctrl_enable), (10 bytes).
    Removing at32f435_437_i2c.o(i.i2c_smbus_alert_set), (10 bytes).
    Removing at32f435_437_i2c.o(i.i2c_smbus_enable), (34 bytes).
    Removing at32f435_437_i2c.o(i.i2c_start_generate), (14 bytes).
    Removing at32f435_437_i2c.o(i.i2c_stop_generate), (14 bytes).
    Removing at32f435_437_i2c.o(i.i2c_timeout_detcet_set), (10 bytes).
    Removing at32f435_437_i2c.o(i.i2c_timeout_enable), (10 bytes).
    Removing at32f435_437_i2c.o(i.i2c_timeout_set), (10 bytes).
    Removing at32f435_437_i2c.o(i.i2c_transfer_addr_get), (10 bytes).
    Removing at32f435_437_i2c.o(i.i2c_transfer_addr_set), (10 bytes).
    Removing at32f435_437_i2c.o(i.i2c_transfer_dir_get), (18 bytes).
    Removing at32f435_437_i2c.o(i.i2c_transfer_dir_set), (10 bytes).
    Removing at32f435_437_i2c.o(i.i2c_transmit_set), (32 bytes).
    Removing at32f435_437_misc.o(.rev16_text), (4 bytes).
    Removing at32f435_437_misc.o(.revsh_text), (4 bytes).
    Removing at32f435_437_misc.o(.rrx_text), (6 bytes).
    Removing at32f435_437_misc.o(i.nvic_irq_disable), (44 bytes).
    Removing at32f435_437_misc.o(i.nvic_irq_enable), (200 bytes).
    Removing at32f435_437_misc.o(i.nvic_lowpower_mode_config), (32 bytes).
    Removing at32f435_437_misc.o(i.nvic_priority_group_config), (40 bytes).
    Removing at32f435_437_misc.o(i.nvic_system_reset), (44 bytes).
    Removing at32f435_437_misc.o(i.nvic_vector_table_set), (20 bytes).
    Removing at32f435_437_misc.o(i.systick_clock_source_config), (40 bytes).
    Removing at32f435_437_pwc.o(.rev16_text), (4 bytes).
    Removing at32f435_437_pwc.o(.revsh_text), (4 bytes).
    Removing at32f435_437_pwc.o(.rrx_text), (6 bytes).
    Removing at32f435_437_pwc.o(i.pwc_battery_powered_domain_access), (20 bytes).
    Removing at32f435_437_pwc.o(i.pwc_deep_sleep_mode_enter), (48 bytes).
    Removing at32f435_437_pwc.o(i.pwc_flag_clear), (48 bytes).
    Removing at32f435_437_pwc.o(i.pwc_flag_get), (24 bytes).
    Removing at32f435_437_pwc.o(i.pwc_power_voltage_monitor_enable), (20 bytes).
    Removing at32f435_437_pwc.o(i.pwc_pvm_level_select), (20 bytes).
    Removing at32f435_437_pwc.o(i.pwc_reset), (24 bytes).
    Removing at32f435_437_pwc.o(i.pwc_sleep_mode_enter), (36 bytes).
    Removing at32f435_437_pwc.o(i.pwc_standby_mode_enter), (56 bytes).
    Removing at32f435_437_pwc.o(i.pwc_voltage_regulate_set), (20 bytes).
    Removing at32f435_437_pwc.o(i.pwc_wakeup_pin_enable), (32 bytes).
    Removing at32f435_437_qspi.o(.rev16_text), (4 bytes).
    Removing at32f435_437_qspi.o(.revsh_text), (4 bytes).
    Removing at32f435_437_qspi.o(.rrx_text), (6 bytes).
    Removing at32f435_437_qspi.o(i.qspi_busy_config), (10 bytes).
    Removing at32f435_437_qspi.o(i.qspi_byte_read), (8 bytes).
    Removing at32f435_437_qspi.o(i.qspi_byte_write), (6 bytes).
    Removing at32f435_437_qspi.o(i.qspi_clk_division_set), (10 bytes).
    Removing at32f435_437_qspi.o(i.qspi_cmd_operation_kick), (76 bytes).
    Removing at32f435_437_qspi.o(i.qspi_dma_enable), (10 bytes).
    Removing at32f435_437_qspi.o(i.qspi_dma_rx_threshold_set), (10 bytes).
    Removing at32f435_437_qspi.o(i.qspi_dma_tx_threshold_set), (10 bytes).
    Removing at32f435_437_qspi.o(i.qspi_encryption_enable), (10 bytes).
    Removing at32f435_437_qspi.o(i.qspi_flag_clear), (6 bytes).
    Removing at32f435_437_qspi.o(i.qspi_flag_get), (48 bytes).
    Removing at32f435_437_qspi.o(i.qspi_half_word_read), (8 bytes).
    Removing at32f435_437_qspi.o(i.qspi_half_word_write), (6 bytes).
    Removing at32f435_437_qspi.o(i.qspi_interrupt_enable), (10 bytes).
    Removing at32f435_437_qspi.o(i.qspi_interrupt_flag_get), (34 bytes).
    Removing at32f435_437_qspi.o(i.qspi_reset), (68 bytes).
    Removing at32f435_437_qspi.o(i.qspi_sck_mode_set), (10 bytes).
    Removing at32f435_437_qspi.o(i.qspi_word_read), (8 bytes).
    Removing at32f435_437_qspi.o(i.qspi_word_write), (6 bytes).
    Removing at32f435_437_qspi.o(i.qspi_xip_cache_bypass_set), (10 bytes).
    Removing at32f435_437_qspi.o(i.qspi_xip_enable), (124 bytes).
    Removing at32f435_437_qspi.o(i.qspi_xip_init), (90 bytes).
    Removing at32f435_437_scfg.o(.rev16_text), (4 bytes).
    Removing at32f435_437_scfg.o(.revsh_text), (4 bytes).
    Removing at32f435_437_scfg.o(.rrx_text), (6 bytes).
    Removing at32f435_437_scfg.o(i.scfg_emac_interface_set), (20 bytes).
    Removing at32f435_437_scfg.o(i.scfg_exint_line_config), (180 bytes).
    Removing at32f435_437_scfg.o(i.scfg_infrared_config), (28 bytes).
    Removing at32f435_437_scfg.o(i.scfg_mem_map_set), (20 bytes).
    Removing at32f435_437_scfg.o(i.scfg_pins_ultra_driven_enable), (76 bytes).
    Removing at32f435_437_scfg.o(i.scfg_reset), (24 bytes).
    Removing at32f435_437_scfg.o(i.scfg_xmc_mapping_swap_set), (20 bytes).
    Removing at32f435_437_sdio.o(.rev16_text), (4 bytes).
    Removing at32f435_437_sdio.o(.revsh_text), (4 bytes).
    Removing at32f435_437_sdio.o(.rrx_text), (6 bytes).
    Removing at32f435_437_sdio.o(i.sdio_buffer_counter_get), (6 bytes).
    Removing at32f435_437_sdio.o(i.sdio_bus_width_config), (10 bytes).
    Removing at32f435_437_sdio.o(i.sdio_clock_bypass), (10 bytes).
    Removing at32f435_437_sdio.o(i.sdio_clock_config), (30 bytes).
    Removing at32f435_437_sdio.o(i.sdio_clock_enable), (10 bytes).
    Removing at32f435_437_sdio.o(i.sdio_command_config), (56 bytes).
    Removing at32f435_437_sdio.o(i.sdio_command_response_get), (10 bytes).
    Removing at32f435_437_sdio.o(i.sdio_command_state_machine_enable), (10 bytes).
    Removing at32f435_437_sdio.o(i.sdio_data_config), (56 bytes).
    Removing at32f435_437_sdio.o(i.sdio_data_counter_get), (6 bytes).
    Removing at32f435_437_sdio.o(i.sdio_data_read), (8 bytes).
    Removing at32f435_437_sdio.o(i.sdio_data_state_machine_enable), (10 bytes).
    Removing at32f435_437_sdio.o(i.sdio_data_write), (6 bytes).
    Removing at32f435_437_sdio.o(i.sdio_dma_enable), (10 bytes).
    Removing at32f435_437_sdio.o(i.sdio_flag_clear), (4 bytes).
    Removing at32f435_437_sdio.o(i.sdio_flag_get), (20 bytes).
    Removing at32f435_437_sdio.o(i.sdio_flow_control_enable), (10 bytes).
    Removing at32f435_437_sdio.o(i.sdio_interrupt_enable), (20 bytes).
    Removing at32f435_437_sdio.o(i.sdio_interrupt_flag_get), (20 bytes).
    Removing at32f435_437_sdio.o(i.sdio_io_function_enable), (10 bytes).
    Removing at32f435_437_sdio.o(i.sdio_io_suspend_command_set), (10 bytes).
    Removing at32f435_437_sdio.o(i.sdio_power_saving_mode_enable), (10 bytes).
    Removing at32f435_437_sdio.o(i.sdio_power_set), (10 bytes).
    Removing at32f435_437_sdio.o(i.sdio_power_status_get), (10 bytes).
    Removing at32f435_437_sdio.o(i.sdio_read_wait_mode_set), (10 bytes).
    Removing at32f435_437_sdio.o(i.sdio_read_wait_start), (10 bytes).
    Removing at32f435_437_sdio.o(i.sdio_read_wait_stop), (10 bytes).
    Removing at32f435_437_sdio.o(i.sdio_reset), (28 bytes).
    Removing at32f435_437_sdio.o(i.sdio_response_get), (42 bytes).
    Removing at32f435_437_spi.o(.rev16_text), (4 bytes).
    Removing at32f435_437_spi.o(.revsh_text), (4 bytes).
    Removing at32f435_437_spi.o(.rrx_text), (6 bytes).
    Removing at32f435_437_spi.o(i.i2s_default_para_init), (22 bytes).
    Removing at32f435_437_spi.o(i.i2s_enable), (10 bytes).
    Removing at32f435_437_spi.o(i.i2s_init), (550 bytes).
    Removing at32f435_437_spi.o(i.spi_crc_enable), (10 bytes).
    Removing at32f435_437_spi.o(i.spi_crc_next_transmit), (14 bytes).
    Removing at32f435_437_spi.o(i.spi_crc_polynomial_get), (8 bytes).
    Removing at32f435_437_spi.o(i.spi_crc_polynomial_set), (10 bytes).
    Removing at32f435_437_spi.o(i.spi_crc_value_get), (18 bytes).
    Removing at32f435_437_spi.o(i.spi_frame_bit_num_set), (10 bytes).
    Removing at32f435_437_spi.o(i.spi_half_duplex_direction_set), (10 bytes).
    Removing at32f435_437_spi.o(i.spi_hardware_cs_output_enable), (10 bytes).
    Removing at32f435_437_spi.o(i.spi_i2s_dma_receiver_enable), (10 bytes).
    Removing at32f435_437_spi.o(i.spi_i2s_dma_transmitter_enable), (10 bytes).
    Removing at32f435_437_spi.o(i.spi_i2s_flag_clear), (58 bytes).
    Removing at32f435_437_spi.o(i.spi_i2s_interrupt_enable), (18 bytes).
    Removing at32f435_437_spi.o(i.spi_i2s_interrupt_flag_get), (186 bytes).
    Removing at32f435_437_spi.o(i.spi_i2s_reset), (132 bytes).
    Removing at32f435_437_spi.o(i.spi_software_cs_internal_level_set), (10 bytes).
    Removing at32f435_437_spi.o(i.spi_ti_mode_enable), (10 bytes).
    Removing at32f435_437_tmr.o(.rev16_text), (4 bytes).
    Removing at32f435_437_tmr.o(.revsh_text), (4 bytes).
    Removing at32f435_437_tmr.o(.rrx_text), (6 bytes).
    Removing at32f435_437_tmr.o(i.tmr_32_bit_function_enable), (28 bytes).
    Removing at32f435_437_tmr.o(i.tmr_base_init), (16 bytes).
    Removing at32f435_437_tmr.o(i.tmr_brkdt_config), (72 bytes).
    Removing at32f435_437_tmr.o(i.tmr_brkdt_default_para_init), (18 bytes).
    Removing at32f435_437_tmr.o(i.tmr_channel1_input_select), (10 bytes).
    Removing at32f435_437_tmr.o(i.tmr_channel_buffer_enable), (10 bytes).
    Removing at32f435_437_tmr.o(i.tmr_channel_dma_select), (10 bytes).
    Removing at32f435_437_tmr.o(i.tmr_channel_enable), (96 bytes).
    Removing at32f435_437_tmr.o(i.tmr_channel_value_get), (50 bytes).
    Removing at32f435_437_tmr.o(i.tmr_channel_value_set), (46 bytes).
    Removing at32f435_437_tmr.o(i.tmr_clock_source_div_set), (10 bytes).
    Removing at32f435_437_tmr.o(i.tmr_cnt_dir_set), (10 bytes).
    Removing at32f435_437_tmr.o(i.tmr_counter_enable), (10 bytes).
    Removing at32f435_437_tmr.o(i.tmr_counter_value_get), (6 bytes).
    Removing at32f435_437_tmr.o(i.tmr_counter_value_set), (4 bytes).
    Removing at32f435_437_tmr.o(i.tmr_div_value_get), (6 bytes).
    Removing at32f435_437_tmr.o(i.tmr_div_value_set), (4 bytes).
    Removing at32f435_437_tmr.o(i.tmr_dma_control_config), (18 bytes).
    Removing at32f435_437_tmr.o(i.tmr_dma_request_enable), (22 bytes).
    Removing at32f435_437_tmr.o(i.tmr_encoder_mode_config), (70 bytes).
    Removing at32f435_437_tmr.o(i.tmr_event_sw_trigger), (8 bytes).
    Removing at32f435_437_tmr.o(i.tmr_external_clock_config), (28 bytes).
    Removing at32f435_437_tmr.o(i.tmr_external_clock_mode1_config), (44 bytes).
    Removing at32f435_437_tmr.o(i.tmr_external_clock_mode2_config), (36 bytes).
    Removing at32f435_437_tmr.o(i.tmr_flag_clear), (6 bytes).
    Removing at32f435_437_tmr.o(i.tmr_flag_get), (18 bytes).
    Removing at32f435_437_tmr.o(i.tmr_force_output_set), (76 bytes).
    Removing at32f435_437_tmr.o(i.tmr_hall_select), (10 bytes).
    Removing at32f435_437_tmr.o(i.tmr_input_channel_divider_set), (66 bytes).
    Removing at32f435_437_tmr.o(i.tmr_input_channel_filter_set), (66 bytes).
    Removing at32f435_437_tmr.o(i.tmr_input_channel_init), (304 bytes).
    Removing at32f435_437_tmr.o(i.tmr_input_default_para_init), (16 bytes).
    Removing at32f435_437_tmr.o(i.tmr_internal_clock_set), (10 bytes).
    Removing at32f435_437_tmr.o(i.tmr_interrupt_enable), (22 bytes).
    Removing at32f435_437_tmr.o(i.tmr_interrupt_flag_get), (24 bytes).
    Removing at32f435_437_tmr.o(i.tmr_iremap_config), (36 bytes).
    Removing at32f435_437_tmr.o(i.tmr_one_cycle_mode_enable), (10 bytes).
    Removing at32f435_437_tmr.o(i.tmr_output_channel_buffer_enable), (76 bytes).
    Removing at32f435_437_tmr.o(i.tmr_output_channel_config), (434 bytes).
    Removing at32f435_437_tmr.o(i.tmr_output_channel_immediately_set), (76 bytes).
    Removing at32f435_437_tmr.o(i.tmr_output_channel_mode_select), (76 bytes).
    Removing at32f435_437_tmr.o(i.tmr_output_channel_polarity_set), (96 bytes).
    Removing at32f435_437_tmr.o(i.tmr_output_channel_switch_set), (76 bytes).
    Removing at32f435_437_tmr.o(i.tmr_output_default_para_init), (18 bytes).
    Removing at32f435_437_tmr.o(i.tmr_output_enable), (10 bytes).
    Removing at32f435_437_tmr.o(i.tmr_overflow_event_disable), (10 bytes).
    Removing at32f435_437_tmr.o(i.tmr_overflow_request_source_set), (10 bytes).
    Removing at32f435_437_tmr.o(i.tmr_period_buffer_enable), (10 bytes).
    Removing at32f435_437_tmr.o(i.tmr_period_value_get), (6 bytes).
    Removing at32f435_437_tmr.o(i.tmr_period_value_set), (4 bytes).
    Removing at32f435_437_tmr.o(i.tmr_primary_mode_select), (10 bytes).
    Removing at32f435_437_tmr.o(i.tmr_pwm_input_config), (350 bytes).
    Removing at32f435_437_tmr.o(i.tmr_repetition_counter_set), (10 bytes).
    Removing at32f435_437_tmr.o(i.tmr_reset), (480 bytes).
    Removing at32f435_437_tmr.o(i.tmr_sub_mode_select), (10 bytes).
    Removing at32f435_437_tmr.o(i.tmr_sub_sync_mode_set), (10 bytes).
    Removing at32f435_437_tmr.o(i.tmr_trgout2_enable), (10 bytes).
    Removing at32f435_437_tmr.o(i.tmr_trigger_input_select), (10 bytes).
    Removing at32f435_437_usart.o(.rev16_text), (4 bytes).
    Removing at32f435_437_usart.o(.revsh_text), (4 bytes).
    Removing at32f435_437_usart.o(.rrx_text), (6 bytes).
    Removing at32f435_437_usart.o(i.usart_break_bit_num_set), (10 bytes).
    Removing at32f435_437_usart.o(i.usart_break_send), (12 bytes).
    Removing at32f435_437_usart.o(i.usart_clock_config), (28 bytes).
    Removing at32f435_437_usart.o(i.usart_clock_enable), (10 bytes).
    Removing at32f435_437_usart.o(i.usart_data_receive), (8 bytes).
    Removing at32f435_437_usart.o(i.usart_data_transmit), (8 bytes).
    Removing at32f435_437_usart.o(i.usart_de_polarity_set), (10 bytes).
    Removing at32f435_437_usart.o(i.usart_dma_receiver_enable), (10 bytes).
    Removing at32f435_437_usart.o(i.usart_dma_transmitter_enable), (10 bytes).
    Removing at32f435_437_usart.o(i.usart_enable), (10 bytes).
    Removing at32f435_437_usart.o(i.usart_flag_clear), (18 bytes).
    Removing at32f435_437_usart.o(i.usart_flag_get), (16 bytes).
    Removing at32f435_437_usart.o(i.usart_hardware_flow_control_set), (102 bytes).
    Removing at32f435_437_usart.o(i.usart_id_bit_num_set), (10 bytes).
    Removing at32f435_437_usart.o(i.usart_init), (172 bytes).
    Removing at32f435_437_usart.o(i.usart_interrupt_enable), (54 bytes).
    Removing at32f435_437_usart.o(i.usart_interrupt_flag_get), (176 bytes).
    Removing at32f435_437_usart.o(i.usart_irda_low_power_enable), (10 bytes).
    Removing at32f435_437_usart.o(i.usart_irda_mode_enable), (10 bytes).
    Removing at32f435_437_usart.o(i.usart_irda_smartcard_division_set), (10 bytes).
    Removing at32f435_437_usart.o(i.usart_lin_mode_enable), (10 bytes).
    Removing at32f435_437_usart.o(i.usart_parity_selection_config), (76 bytes).
    Removing at32f435_437_usart.o(i.usart_receiver_enable), (10 bytes).
    Removing at32f435_437_usart.o(i.usart_receiver_mute_enable), (10 bytes).
    Removing at32f435_437_usart.o(i.usart_reset), (260 bytes).
    Removing at32f435_437_usart.o(i.usart_rs485_delay_time_config), (18 bytes).
    Removing at32f435_437_usart.o(i.usart_rs485_mode_enable), (10 bytes).
    Removing at32f435_437_usart.o(i.usart_single_line_halfduplex_select), (10 bytes).
    Removing at32f435_437_usart.o(i.usart_smartcard_guard_time_set), (10 bytes).
    Removing at32f435_437_usart.o(i.usart_smartcard_mode_enable), (10 bytes).
    Removing at32f435_437_usart.o(i.usart_smartcard_nack_set), (10 bytes).
    Removing at32f435_437_usart.o(i.usart_transmit_receive_pin_swap), (10 bytes).
    Removing at32f435_437_usart.o(i.usart_transmitter_enable), (10 bytes).
    Removing at32f435_437_usart.o(i.usart_wakeup_id_set), (46 bytes).
    Removing at32f435_437_usart.o(i.usart_wakeup_mode_set), (10 bytes).
    Removing at32f435_437_usb.o(.rev16_text), (4 bytes).
    Removing at32f435_437_usb.o(.revsh_text), (4 bytes).
    Removing at32f435_437_usb.o(.rrx_text), (6 bytes).
    Removing at32f435_437_usb.o(i.usb_connect), (18 bytes).
    Removing at32f435_437_usb.o(i.usb_disconnect), (20 bytes).
    Removing at32f435_437_usb.o(i.usb_ept0_setup), (34 bytes).
    Removing at32f435_437_usb.o(i.usb_ept0_start), (44 bytes).
    Removing at32f435_437_usb.o(i.usb_ept_clear_stall), (146 bytes).
    Removing at32f435_437_usb.o(i.usb_ept_close), (100 bytes).
    Removing at32f435_437_usb.o(i.usb_ept_in_clear), (12 bytes).
    Removing at32f435_437_usb.o(i.usb_ept_in_interrupt), (44 bytes).
    Removing at32f435_437_usb.o(i.usb_ept_open), (416 bytes).
    Removing at32f435_437_usb.o(i.usb_ept_out_clear), (12 bytes).
    Removing at32f435_437_usb.o(i.usb_ept_out_interrupt), (22 bytes).
    Removing at32f435_437_usb.o(i.usb_ept_stall), (146 bytes).
    Removing at32f435_437_usb.o(i.usb_flush_rx_fifo), (44 bytes).
    Removing at32f435_437_usb.o(i.usb_flush_tx_fifo), (56 bytes).
    Removing at32f435_437_usb.o(i.usb_get_all_in_interrupt), (18 bytes).
    Removing at32f435_437_usb.o(i.usb_get_all_out_interrupt), (18 bytes).
    Removing at32f435_437_usb.o(i.usb_global_clear_interrupt), (4 bytes).
    Removing at32f435_437_usb.o(i.usb_global_get_all_interrupt), (10 bytes).
    Removing at32f435_437_usb.o(i.usb_global_init), (24 bytes).
    Removing at32f435_437_usb.o(i.usb_global_interrupt_enable), (20 bytes).
    Removing at32f435_437_usb.o(i.usb_global_power_on), (36 bytes).
    Removing at32f435_437_usb.o(i.usb_global_reset), (76 bytes).
    Removing at32f435_437_usb.o(i.usb_global_select_core), (20 bytes).
    Removing at32f435_437_usb.o(i.usb_global_set_mode), (68 bytes).
    Removing at32f435_437_usb.o(i.usb_hc_enable), (276 bytes).
    Removing at32f435_437_usb.o(i.usb_hch_halt), (196 bytes).
    Removing at32f435_437_usb.o(i.usb_hch_read_interrupt), (12 bytes).
    Removing at32f435_437_usb.o(i.usb_host_disable), (180 bytes).
    Removing at32f435_437_usb.o(i.usb_interrupt_disable), (10 bytes).
    Removing at32f435_437_usb.o(i.usb_interrupt_enable), (12 bytes).
    Removing at32f435_437_usb.o(i.usb_open_phy_clk), (14 bytes).
    Removing at32f435_437_usb.o(i.usb_port_power_on), (36 bytes).
    Removing at32f435_437_usb.o(i.usb_read_packet), (42 bytes).
    Removing at32f435_437_usb.o(i.usb_remote_wkup_clear), (18 bytes).
    Removing at32f435_437_usb.o(i.usb_remote_wkup_set), (20 bytes).
    Removing at32f435_437_usb.o(i.usb_set_address), (14 bytes).
    Removing at32f435_437_usb.o(i.usb_set_rx_fifo), (4 bytes).
    Removing at32f435_437_usb.o(i.usb_set_tx_fifo), (66 bytes).
    Removing at32f435_437_usb.o(i.usb_stop_phy_clk), (16 bytes).
    Removing at32f435_437_usb.o(i.usb_suspend_status_get), (14 bytes).
    Removing at32f435_437_usb.o(i.usb_write_packet), (48 bytes).
    Removing at32f435_437_usb.o(i.usbh_fsls_clksel), (34 bytes).
    Removing at32f435_437_usb.o(i.usbh_get_frame), (12 bytes).
    Removing at32f435_437_wdt.o(.rev16_text), (4 bytes).
    Removing at32f435_437_wdt.o(.revsh_text), (4 bytes).
    Removing at32f435_437_wdt.o(.rrx_text), (6 bytes).
    Removing at32f435_437_wdt.o(i.wdt_counter_reload), (16 bytes).
    Removing at32f435_437_wdt.o(i.wdt_divider_set), (20 bytes).
    Removing at32f435_437_wdt.o(i.wdt_enable), (16 bytes).
    Removing at32f435_437_wdt.o(i.wdt_flag_get), (24 bytes).
    Removing at32f435_437_wdt.o(i.wdt_register_write_enable), (24 bytes).
    Removing at32f435_437_wdt.o(i.wdt_reload_value_set), (12 bytes).
    Removing at32f435_437_wdt.o(i.wdt_window_counter_set), (20 bytes).
    Removing at32f435_437_wwdt.o(.rev16_text), (4 bytes).
    Removing at32f435_437_wwdt.o(.revsh_text), (4 bytes).
    Removing at32f435_437_wwdt.o(.rrx_text), (6 bytes).
    Removing at32f435_437_wwdt.o(i.wwdt_counter_set), (20 bytes).
    Removing at32f435_437_wwdt.o(i.wwdt_divider_set), (20 bytes).
    Removing at32f435_437_wwdt.o(i.wwdt_enable), (16 bytes).
    Removing at32f435_437_wwdt.o(i.wwdt_flag_clear), (12 bytes).
    Removing at32f435_437_wwdt.o(i.wwdt_flag_get), (16 bytes).
    Removing at32f435_437_wwdt.o(i.wwdt_interrupt_enable), (24 bytes).
    Removing at32f435_437_wwdt.o(i.wwdt_interrupt_flag_get), (36 bytes).
    Removing at32f435_437_wwdt.o(i.wwdt_reset), (24 bytes).
    Removing at32f435_437_wwdt.o(i.wwdt_window_counter_set), (20 bytes).
    Removing at32f435_437_xmc.o(.rev16_text), (4 bytes).
    Removing at32f435_437_xmc.o(.revsh_text), (4 bytes).
    Removing at32f435_437_xmc.o(.rrx_text), (6 bytes).
    Removing at32f435_437_xmc.o(i.xmc_ecc_get), (24 bytes).
    Removing at32f435_437_xmc.o(i.xmc_ext_timing_config), (44 bytes).
    Removing at32f435_437_xmc.o(i.xmc_flag_clear), (128 bytes).
    Removing at32f435_437_xmc.o(i.xmc_flag_status_get), (64 bytes).
    Removing at32f435_437_xmc.o(i.xmc_interrupt_enable), (164 bytes).
    Removing at32f435_437_xmc.o(i.xmc_interrupt_flag_status_get), (324 bytes).
    Removing at32f435_437_xmc.o(i.xmc_nand_default_para_init), (18 bytes).
    Removing at32f435_437_xmc.o(i.xmc_nand_ecc_enable), (44 bytes).
    Removing at32f435_437_xmc.o(i.xmc_nand_enable), (44 bytes).
    Removing at32f435_437_xmc.o(i.xmc_nand_init), (56 bytes).
    Removing at32f435_437_xmc.o(i.xmc_nand_reset), (64 bytes).
    Removing at32f435_437_xmc.o(i.xmc_nand_timing_config), (80 bytes).
    Removing at32f435_437_xmc.o(i.xmc_nand_timing_default_para_init), (30 bytes).
    Removing at32f435_437_xmc.o(i.xmc_nor_sram_enable), (22 bytes).
    Removing at32f435_437_xmc.o(i.xmc_nor_sram_init), (90 bytes).
    Removing at32f435_437_xmc.o(i.xmc_nor_sram_reset), (56 bytes).
    Removing at32f435_437_xmc.o(i.xmc_nor_sram_timing_config), (124 bytes).
    Removing at32f435_437_xmc.o(i.xmc_norsram_default_para_init), (42 bytes).
    Removing at32f435_437_xmc.o(i.xmc_norsram_timing_default_para_init), (56 bytes).
    Removing at32f435_437_xmc.o(i.xmc_pccard_default_para_init), (10 bytes).
    Removing at32f435_437_xmc.o(i.xmc_pccard_enable), (24 bytes).
    Removing at32f435_437_xmc.o(i.xmc_pccard_init), (28 bytes).
    Removing at32f435_437_xmc.o(i.xmc_pccard_reset), (40 bytes).
    Removing at32f435_437_xmc.o(i.xmc_pccard_timing_config), (84 bytes).
    Removing at32f435_437_xmc.o(i.xmc_pccard_timing_default_para_init), (44 bytes).
    Removing at32f435_437_xmc.o(i.xmc_sdram_auto_refresh_set), (24 bytes).
    Removing at32f435_437_xmc.o(i.xmc_sdram_cmd), (28 bytes).
    Removing at32f435_437_xmc.o(i.xmc_sdram_default_para_init), (50 bytes).
    Removing at32f435_437_xmc.o(i.xmc_sdram_init), (608 bytes).
    Removing at32f435_437_xmc.o(i.xmc_sdram_refresh_counter_set), (24 bytes).
    Removing at32f435_437_xmc.o(i.xmc_sdram_reset), (52 bytes).
    Removing at32f435_437_xmc.o(i.xmc_sdram_status_get), (28 bytes).
    Removing at32f435_437_clock.o(.rev16_text), (4 bytes).
    Removing at32f435_437_clock.o(.revsh_text), (4 bytes).
    Removing at32f435_437_clock.o(.rrx_text), (6 bytes).
    Removing at32f435_437_int.o(.rev16_text), (4 bytes).
    Removing at32f435_437_int.o(.revsh_text), (4 bytes).
    Removing at32f435_437_int.o(.rrx_text), (6 bytes).
    Removing system_at32f435_437.o(.rev16_text), (4 bytes).
    Removing system_at32f435_437.o(.revsh_text), (4 bytes).
    Removing system_at32f435_437.o(.rrx_text), (6 bytes).
    Removing startup_at32f435_437.o(HEAP), (512 bytes).
    Removing main.o(.rev16_text), (4 bytes).
    Removing main.o(.revsh_text), (4 bytes).
    Removing main.o(.rrx_text), (6 bytes).
    Removing nafe11388_if.o(.rev16_text), (4 bytes).
    Removing nafe11388_if.o(.revsh_text), (4 bytes).
    Removing nafe11388_if.o(.rrx_text), (6 bytes).
    Removing bsp_spi.o(.rev16_text), (4 bytes).
    Removing bsp_spi.o(.revsh_text), (4 bytes).
    Removing bsp_spi.o(.rrx_text), (6 bytes).
    Removing bsp_spi.o(i.bsp_register_callback), (20 bytes).
    Removing bsp_nafe11388.o(.rev16_text), (4 bytes).
    Removing bsp_nafe11388.o(.revsh_text), (4 bytes).
    Removing bsp_nafe11388.o(.rrx_text), (6 bytes).

776 unused section(s) (total 30988 bytes) removed from the image.

==============================================================================

Image Symbol Table

    Local Symbols

    Symbol Name                              Value     Ov Type        Size  Object(Section)

    ../clib/../cmprslib/zerorunl2.c          0x00000000   Number         0  __dczerorl2.o ABSOLUTE
    ../clib/microlib/division.c              0x00000000   Number         0  uldiv.o ABSOLUTE
    ../clib/microlib/init/entry.s            0x00000000   Number         0  entry11a.o ABSOLUTE
    ../clib/microlib/init/entry.s            0x00000000   Number         0  entry.o ABSOLUTE
    ../clib/microlib/init/entry.s            0x00000000   Number         0  entry7b.o ABSOLUTE
    ../clib/microlib/init/entry.s            0x00000000   Number         0  entry8a.o ABSOLUTE
    ../clib/microlib/init/entry.s            0x00000000   Number         0  entry8b.o ABSOLUTE
    ../clib/microlib/init/entry.s            0x00000000   Number         0  entry2.o ABSOLUTE
    ../clib/microlib/init/entry.s            0x00000000   Number         0  entry11b.o ABSOLUTE
    ../clib/microlib/init/entry.s            0x00000000   Number         0  entry7a.o ABSOLUTE
    ../clib/microlib/init/entry.s            0x00000000   Number         0  entry10b.o ABSOLUTE
    ../clib/microlib/init/entry.s            0x00000000   Number         0  entry5.o ABSOLUTE
    ../clib/microlib/init/entry.s            0x00000000   Number         0  entry10a.o ABSOLUTE
    ../clib/microlib/init/entry.s            0x00000000   Number         0  entry9b.o ABSOLUTE
    ../clib/microlib/init/entry.s            0x00000000   Number         0  entry9a.o ABSOLUTE
    ../clib/microlib/longlong.c              0x00000000   Number         0  llshl.o ABSOLUTE
    ../clib/microlib/longlong.c              0x00000000   Number         0  llushr.o ABSOLUTE
    ../clib/microlib/string/memset.c         0x00000000   Number         0  memseta.o ABSOLUTE
    ../clib/microlib/stubs.s                 0x00000000   Number         0  iusefp.o ABSOLUTE
    ../fplib/microlib/f2d.c                  0x00000000   Number         0  f2d.o ABSOLUTE
    ../fplib/microlib/fpdiv.c                0x00000000   Number         0  ddiv.o ABSOLUTE
    ../fplib/microlib/fpepilogue.c           0x00000000   Number         0  depilogue.o ABSOLUTE
    ../fplib/microlib/fpflt.c                0x00000000   Number         0  dflti.o ABSOLUTE
    ../fplib/microlib/fpmul.c                0x00000000   Number         0  dmul.o ABSOLUTE
    ..\..\UsrApp\main.c                      0x00000000   Number         0  main.o ABSOLUTE
    ..\..\bsp\cmsis\cm4\device_support\startup\mdk\startup_at32f435_437.s 0x00000000   Number         0  startup_at32f435_437.o ABSOLUTE
    ..\..\bsp\cmsis\cm4\device_support\system_at32f435_437.c 0x00000000   Number         0  system_at32f435_437.o ABSOLUTE
    ..\..\bsp\drivers\src\at32f435_437_acc.c 0x00000000   Number         0  at32f435_437_acc.o ABSOLUTE
    ..\..\bsp\drivers\src\at32f435_437_adc.c 0x00000000   Number         0  at32f435_437_adc.o ABSOLUTE
    ..\..\bsp\drivers\src\at32f435_437_can.c 0x00000000   Number         0  at32f435_437_can.o ABSOLUTE
    ..\..\bsp\drivers\src\at32f435_437_crc.c 0x00000000   Number         0  at32f435_437_crc.o ABSOLUTE
    ..\..\bsp\drivers\src\at32f435_437_crm.c 0x00000000   Number         0  at32f435_437_crm.o ABSOLUTE
    ..\..\bsp\drivers\src\at32f435_437_dac.c 0x00000000   Number         0  at32f435_437_dac.o ABSOLUTE
    ..\..\bsp\drivers\src\at32f435_437_debug.c 0x00000000   Number         0  at32f435_437_debug.o ABSOLUTE
    ..\..\bsp\drivers\src\at32f435_437_dma.c 0x00000000   Number         0  at32f435_437_dma.o ABSOLUTE
    ..\..\bsp\drivers\src\at32f435_437_dvp.c 0x00000000   Number         0  at32f435_437_dvp.o ABSOLUTE
    ..\..\bsp\drivers\src\at32f435_437_edma.c 0x00000000   Number         0  at32f435_437_edma.o ABSOLUTE
    ..\..\bsp\drivers\src\at32f435_437_emac.c 0x00000000   Number         0  at32f435_437_emac.o ABSOLUTE
    ..\..\bsp\drivers\src\at32f435_437_ertc.c 0x00000000   Number         0  at32f435_437_ertc.o ABSOLUTE
    ..\..\bsp\drivers\src\at32f435_437_exint.c 0x00000000   Number         0  at32f435_437_exint.o ABSOLUTE
    ..\..\bsp\drivers\src\at32f435_437_flash.c 0x00000000   Number         0  at32f435_437_flash.o ABSOLUTE
    ..\..\bsp\drivers\src\at32f435_437_gpio.c 0x00000000   Number         0  at32f435_437_gpio.o ABSOLUTE
    ..\..\bsp\drivers\src\at32f435_437_i2c.c 0x00000000   Number         0  at32f435_437_i2c.o ABSOLUTE
    ..\..\bsp\drivers\src\at32f435_437_misc.c 0x00000000   Number         0  at32f435_437_misc.o ABSOLUTE
    ..\..\bsp\drivers\src\at32f435_437_pwc.c 0x00000000   Number         0  at32f435_437_pwc.o ABSOLUTE
    ..\..\bsp\drivers\src\at32f435_437_qspi.c 0x00000000   Number         0  at32f435_437_qspi.o ABSOLUTE
    ..\..\bsp\drivers\src\at32f435_437_scfg.c 0x00000000   Number         0  at32f435_437_scfg.o ABSOLUTE
    ..\..\bsp\drivers\src\at32f435_437_sdio.c 0x00000000   Number         0  at32f435_437_sdio.o ABSOLUTE
    ..\..\bsp\drivers\src\at32f435_437_spi.c 0x00000000   Number         0  at32f435_437_spi.o ABSOLUTE
    ..\..\bsp\drivers\src\at32f435_437_tmr.c 0x00000000   Number         0  at32f435_437_tmr.o ABSOLUTE
    ..\..\bsp\drivers\src\at32f435_437_usart.c 0x00000000   Number         0  at32f435_437_usart.o ABSOLUTE
    ..\..\bsp\drivers\src\at32f435_437_usb.c 0x00000000   Number         0  at32f435_437_usb.o ABSOLUTE
    ..\..\bsp\drivers\src\at32f435_437_wdt.c 0x00000000   Number         0  at32f435_437_wdt.o ABSOLUTE
    ..\..\bsp\drivers\src\at32f435_437_wwdt.c 0x00000000   Number         0  at32f435_437_wwdt.o ABSOLUTE
    ..\..\bsp\drivers\src\at32f435_437_xmc.c 0x00000000   Number         0  at32f435_437_xmc.o ABSOLUTE
    ..\..\bsp\platform\src\at32f435_437_clock.c 0x00000000   Number         0  at32f435_437_clock.o ABSOLUTE
    ..\..\bsp\platform\src\at32f435_437_int.c 0x00000000   Number         0  at32f435_437_int.o ABSOLUTE
    ..\..\devices\nafe11388_if.c             0x00000000   Number         0  nafe11388_if.o ABSOLUTE
    ..\..\drivers\bsp_nafe11388.c            0x00000000   Number         0  bsp_nafe11388.o ABSOLUTE
    ..\..\drivers\bsp_spi.c                  0x00000000   Number         0  bsp_spi.o ABSOLUTE
    ..\\..\\UsrApp\\main.c                   0x00000000   Number         0  main.o ABSOLUTE
    ..\\..\\bsp\\cmsis\\cm4\\device_support\\system_at32f435_437.c 0x00000000   Number         0  system_at32f435_437.o ABSOLUTE
    ..\\..\\bsp\\drivers\\src\\at32f435_437_acc.c 0x00000000   Number         0  at32f435_437_acc.o ABSOLUTE
    ..\\..\\bsp\\drivers\\src\\at32f435_437_adc.c 0x00000000   Number         0  at32f435_437_adc.o ABSOLUTE
    ..\\..\\bsp\\drivers\\src\\at32f435_437_can.c 0x00000000   Number         0  at32f435_437_can.o ABSOLUTE
    ..\\..\\bsp\\drivers\\src\\at32f435_437_crc.c 0x00000000   Number         0  at32f435_437_crc.o ABSOLUTE
    ..\\..\\bsp\\drivers\\src\\at32f435_437_crm.c 0x00000000   Number         0  at32f435_437_crm.o ABSOLUTE
    ..\\..\\bsp\\drivers\\src\\at32f435_437_dac.c 0x00000000   Number         0  at32f435_437_dac.o ABSOLUTE
    ..\\..\\bsp\\drivers\\src\\at32f435_437_debug.c 0x00000000   Number         0  at32f435_437_debug.o ABSOLUTE
    ..\\..\\bsp\\drivers\\src\\at32f435_437_dma.c 0x00000000   Number         0  at32f435_437_dma.o ABSOLUTE
    ..\\..\\bsp\\drivers\\src\\at32f435_437_dvp.c 0x00000000   Number         0  at32f435_437_dvp.o ABSOLUTE
    ..\\..\\bsp\\drivers\\src\\at32f435_437_edma.c 0x00000000   Number         0  at32f435_437_edma.o ABSOLUTE
    ..\\..\\bsp\\drivers\\src\\at32f435_437_emac.c 0x00000000   Number         0  at32f435_437_emac.o ABSOLUTE
    ..\\..\\bsp\\drivers\\src\\at32f435_437_ertc.c 0x00000000   Number         0  at32f435_437_ertc.o ABSOLUTE
    ..\\..\\bsp\\drivers\\src\\at32f435_437_exint.c 0x00000000   Number         0  at32f435_437_exint.o ABSOLUTE
    ..\\..\\bsp\\drivers\\src\\at32f435_437_flash.c 0x00000000   Number         0  at32f435_437_flash.o ABSOLUTE
    ..\\..\\bsp\\drivers\\src\\at32f435_437_gpio.c 0x00000000   Number         0  at32f435_437_gpio.o ABSOLUTE
    ..\\..\\bsp\\drivers\\src\\at32f435_437_i2c.c 0x00000000   Number         0  at32f435_437_i2c.o ABSOLUTE
    ..\\..\\bsp\\drivers\\src\\at32f435_437_misc.c 0x00000000   Number         0  at32f435_437_misc.o ABSOLUTE
    ..\\..\\bsp\\drivers\\src\\at32f435_437_pwc.c 0x00000000   Number         0  at32f435_437_pwc.o ABSOLUTE
    ..\\..\\bsp\\drivers\\src\\at32f435_437_qspi.c 0x00000000   Number         0  at32f435_437_qspi.o ABSOLUTE
    ..\\..\\bsp\\drivers\\src\\at32f435_437_scfg.c 0x00000000   Number         0  at32f435_437_scfg.o ABSOLUTE
    ..\\..\\bsp\\drivers\\src\\at32f435_437_sdio.c 0x00000000   Number         0  at32f435_437_sdio.o ABSOLUTE
    ..\\..\\bsp\\drivers\\src\\at32f435_437_spi.c 0x00000000   Number         0  at32f435_437_spi.o ABSOLUTE
    ..\\..\\bsp\\drivers\\src\\at32f435_437_tmr.c 0x00000000   Number         0  at32f435_437_tmr.o ABSOLUTE
    ..\\..\\bsp\\drivers\\src\\at32f435_437_usart.c 0x00000000   Number         0  at32f435_437_usart.o ABSOLUTE
    ..\\..\\bsp\\drivers\\src\\at32f435_437_usb.c 0x00000000   Number         0  at32f435_437_usb.o ABSOLUTE
    ..\\..\\bsp\\drivers\\src\\at32f435_437_wdt.c 0x00000000   Number         0  at32f435_437_wdt.o ABSOLUTE
    ..\\..\\bsp\\drivers\\src\\at32f435_437_wwdt.c 0x00000000   Number         0  at32f435_437_wwdt.o ABSOLUTE
    ..\\..\\bsp\\drivers\\src\\at32f435_437_xmc.c 0x00000000   Number         0  at32f435_437_xmc.o ABSOLUTE
    ..\\..\\bsp\\platform\\src\\at32f435_437_clock.c 0x00000000   Number         0  at32f435_437_clock.o ABSOLUTE
    ..\\..\\bsp\\platform\\src\\at32f435_437_int.c 0x00000000   Number         0  at32f435_437_int.o ABSOLUTE
    ..\\..\\devices\\nafe11388_if.c          0x00000000   Number         0  nafe11388_if.o ABSOLUTE
    ..\\..\\drivers\\bsp_nafe11388.c         0x00000000   Number         0  bsp_nafe11388.o ABSOLUTE
    ..\\..\\drivers\\bsp_spi.c               0x00000000   Number         0  bsp_spi.o ABSOLUTE
    dc.s                                     0x00000000   Number         0  dc.o ABSOLUTE
    handlers.s                               0x00000000   Number         0  handlers.o ABSOLUTE
    init.s                                   0x00000000   Number         0  init.o ABSOLUTE
    RESET                                    0x08000000   Section      524  startup_at32f435_437.o(RESET)
    .ARM.Collect$$$$00000000                 0x0800020c   Section        0  entry.o(.ARM.Collect$$$$00000000)
    .ARM.Collect$$$$00000001                 0x0800020c   Section        4  entry2.o(.ARM.Collect$$$$00000001)
    .ARM.Collect$$$$00000004                 0x08000210   Section        4  entry5.o(.ARM.Collect$$$$00000004)
    .ARM.Collect$$$$00000008                 0x08000214   Section        0  entry7b.o(.ARM.Collect$$$$00000008)
    .ARM.Collect$$$$0000000A                 0x08000214   Section        0  entry8b.o(.ARM.Collect$$$$0000000A)
    .ARM.Collect$$$$0000000B                 0x08000214   Section        8  entry9a.o(.ARM.Collect$$$$0000000B)
    .ARM.Collect$$$$0000000D                 0x0800021c   Section        0  entry10a.o(.ARM.Collect$$$$0000000D)
    .ARM.Collect$$$$0000000F                 0x0800021c   Section        0  entry11a.o(.ARM.Collect$$$$0000000F)
    .ARM.Collect$$$$00002712                 0x0800021c   Section        4  entry2.o(.ARM.Collect$$$$00002712)
    __lit__00000000                          0x0800021c   Data           4  entry2.o(.ARM.Collect$$$$00002712)
    .text                                    0x08000220   Section       36  startup_at32f435_437.o(.text)
    $v0                                      0x08000220   Number         0  startup_at32f435_437.o(.text)
    .text                                    0x08000244   Section        0  uldiv.o(.text)
    .text                                    0x080002a6   Section        0  memseta.o(.text)
    .text                                    0x080002ca   Section        0  dmul.o(.text)
    .text                                    0x080003ae   Section        0  ddiv.o(.text)
    .text                                    0x0800048c   Section        0  dflti.o(.text)
    .text                                    0x080004ae   Section        0  f2d.o(.text)
    .text                                    0x080004d4   Section        0  llshl.o(.text)
    .text                                    0x080004f2   Section        0  llushr.o(.text)
    .text                                    0x08000512   Section        0  iusefp.o(.text)
    .text                                    0x08000512   Section        0  depilogue.o(.text)
    .text                                    0x080005cc   Section       36  init.o(.text)
    .text                                    0x080005f0   Section        0  __dczerorl2.o(.text)
    i.BusFault_Handler                       0x08000646   Section        0  at32f435_437_int.o(i.BusFault_Handler)
    i.DebugMon_Handler                       0x0800064a   Section        0  at32f435_437_int.o(i.DebugMon_Handler)
    i.HardFault_Handler                      0x0800064c   Section        0  at32f435_437_int.o(i.HardFault_Handler)
    i.MemManage_Handler                      0x08000650   Section        0  at32f435_437_int.o(i.MemManage_Handler)
    i.NAFE_HAL_delay                         0x08000654   Section        0  bsp_nafe11388.o(i.NAFE_HAL_delay)
    NAFE_HAL_delay                           0x08000655   Thumb Code    54  bsp_nafe11388.o(i.NAFE_HAL_delay)
    i.NAFE_HAL_readRegBlock                  0x0800068a   Section        0  bsp_nafe11388.o(i.NAFE_HAL_readRegBlock)
    i.NAFE_HAL_sendCmdBlock                  0x080006e0   Section        0  bsp_nafe11388.o(i.NAFE_HAL_sendCmdBlock)
    i.NAFE_HAL_writeRegBlock                 0x08000706   Section        0  bsp_nafe11388.o(i.NAFE_HAL_writeRegBlock)
    i.NAFE_combCmdForAccessRegs              0x08000754   Section        0  bsp_nafe11388.o(i.NAFE_combCmdForAccessRegs)
    NAFE_combCmdForAccessRegs                0x08000755   Thumb Code    28  bsp_nafe11388.o(i.NAFE_combCmdForAccessRegs)
    i.NAFE_combCmdForInstructionCmds         0x08000770   Section        0  bsp_nafe11388.o(i.NAFE_combCmdForInstructionCmds)
    NAFE_combCmdForInstructionCmds           0x08000771   Thumb Code    18  bsp_nafe11388.o(i.NAFE_combCmdForInstructionCmds)
    i.NAFE_formatResultArray                 0x08000784   Section        0  bsp_nafe11388.o(i.NAFE_formatResultArray)
    NAFE_formatResultArray                   0x08000785   Thumb Code   364  bsp_nafe11388.o(i.NAFE_formatResultArray)
    i.NAFE_init                              0x0800090c   Section        0  bsp_nafe11388.o(i.NAFE_init)
    i.NAFE_mccrBlock                         0x08000af0   Section        0  bsp_nafe11388.o(i.NAFE_mccrBlock)
    NAFE_mccrBlock                           0x08000af1   Thumb Code   304  bsp_nafe11388.o(i.NAFE_mccrBlock)
    i.NAFE_mcmrBlock                         0x08000c20   Section        0  bsp_nafe11388.o(i.NAFE_mcmrBlock)
    NAFE_mcmrBlock                           0x08000c21   Thumb Code   248  bsp_nafe11388.o(i.NAFE_mcmrBlock)
    i.NAFE_mcsrBlock                         0x08000d18   Section        0  bsp_nafe11388.o(i.NAFE_mcsrBlock)
    NAFE_mcsrBlock                           0x08000d19   Thumb Code   136  bsp_nafe11388.o(i.NAFE_mcsrBlock)
    i.NAFE_readRegBlock                      0x08000da0   Section        0  bsp_nafe11388.o(i.NAFE_readRegBlock)
    NAFE_readRegBlock                        0x08000da1   Thumb Code    40  bsp_nafe11388.o(i.NAFE_readRegBlock)
    i.NAFE_resetDevice                       0x08000dc8   Section        0  bsp_nafe11388.o(i.NAFE_resetDevice)
    NAFE_resetDevice                         0x08000dc9   Thumb Code    26  bsp_nafe11388.o(i.NAFE_resetDevice)
    i.NAFE_sccrBlock                         0x08000de2   Section        0  bsp_nafe11388.o(i.NAFE_sccrBlock)
    NAFE_sccrBlock                           0x08000de3   Thumb Code   144  bsp_nafe11388.o(i.NAFE_sccrBlock)
    i.NAFE_scsrBlock                         0x08000e72   Section        0  bsp_nafe11388.o(i.NAFE_scsrBlock)
    NAFE_scsrBlock                           0x08000e73   Thumb Code   130  bsp_nafe11388.o(i.NAFE_scsrBlock)
    i.NAFE_sendCmdBlock                      0x08000ef4   Section        0  bsp_nafe11388.o(i.NAFE_sendCmdBlock)
    NAFE_sendCmdBlock                        0x08000ef5   Thumb Code    30  bsp_nafe11388.o(i.NAFE_sendCmdBlock)
    i.NAFE_setChannel                        0x08000f12   Section        0  bsp_nafe11388.o(i.NAFE_setChannel)
    NAFE_setChannel                          0x08000f13   Thumb Code    22  bsp_nafe11388.o(i.NAFE_setChannel)
    i.NAFE_startSample                       0x08000f28   Section        0  bsp_nafe11388.o(i.NAFE_startSample)
    i.NAFE_terminateContiSample              0x08000ff4   Section        0  bsp_nafe11388.o(i.NAFE_terminateContiSample)
    NAFE_terminateContiSample                0x08000ff5   Thumb Code    28  bsp_nafe11388.o(i.NAFE_terminateContiSample)
    i.NAFE_triggerSample                     0x08001010   Section        0  bsp_nafe11388.o(i.NAFE_triggerSample)
    NAFE_triggerSample                       0x08001011   Thumb Code   122  bsp_nafe11388.o(i.NAFE_triggerSample)
    i.NAFE_writeRegBlock                     0x0800108a   Section        0  bsp_nafe11388.o(i.NAFE_writeRegBlock)
    NAFE_writeRegBlock                       0x0800108b   Thumb Code    40  bsp_nafe11388.o(i.NAFE_writeRegBlock)
    i.NMI_Handler                            0x080010b2   Section        0  at32f435_437_int.o(i.NMI_Handler)
    i.PendSV_Handler                         0x080010b4   Section        0  at32f435_437_int.o(i.PendSV_Handler)
    i.SVC_Handler                            0x080010b6   Section        0  at32f435_437_int.o(i.SVC_Handler)
    i.SysTick_Handler                        0x080010b8   Section        0  at32f435_437_int.o(i.SysTick_Handler)
    i.SystemInit                             0x080010bc   Section        0  system_at32f435_437.o(i.SystemInit)
    i.UsageFault_Handler                     0x0800114c   Section        0  at32f435_437_int.o(i.UsageFault_Handler)
    i.__scatterload_copy                     0x08001150   Section       14  handlers.o(i.__scatterload_copy)
    i.__scatterload_null                     0x0800115e   Section        2  handlers.o(i.__scatterload_null)
    i.__scatterload_zeroinit                 0x08001160   Section       14  handlers.o(i.__scatterload_zeroinit)
    i.bsp_spi_config                         0x08001170   Section        0  bsp_spi.o(i.bsp_spi_config)
    i.bsp_spi_gpio_config                    0x08001368   Section        0  bsp_spi.o(i.bsp_spi_gpio_config)
    bsp_spi_gpio_config                      0x08001369   Thumb Code   140  bsp_spi.o(i.bsp_spi_gpio_config)
    i.bsp_spi_received_byte                  0x080013fc   Section        0  bsp_spi.o(i.bsp_spi_received_byte)
    i.bsp_spi_received_done                  0x08001410   Section        0  bsp_spi.o(i.bsp_spi_received_done)
    i.bsp_spi_received_halfword              0x08001428   Section        0  bsp_spi.o(i.bsp_spi_received_halfword)
    i.bsp_spi_set_cs                         0x080014b4   Section        0  bsp_spi.o(i.bsp_spi_set_cs)
    i.bsp_spi_transmit_byte                  0x080014d8   Section        0  bsp_spi.o(i.bsp_spi_transmit_byte)
    i.bsp_spi_transmit_done                  0x080014e8   Section        0  bsp_spi.o(i.bsp_spi_transmit_done)
    i.bsp_spi_transmit_halfword              0x08001500   Section        0  bsp_spi.o(i.bsp_spi_transmit_halfword)
    i.crm_ahb_div_set                        0x08001580   Section        0  at32f435_437_crm.o(i.crm_ahb_div_set)
    i.crm_apb1_div_set                       0x08001594   Section        0  at32f435_437_crm.o(i.crm_apb1_div_set)
    i.crm_apb2_div_set                       0x080015a8   Section        0  at32f435_437_crm.o(i.crm_apb2_div_set)
    i.crm_auto_step_mode_enable              0x080015bc   Section        0  at32f435_437_crm.o(i.crm_auto_step_mode_enable)
    i.crm_clock_source_enable                0x080015e4   Section        0  at32f435_437_crm.o(i.crm_clock_source_enable)
    i.crm_flag_get                           0x0800164c   Section        0  at32f435_437_crm.o(i.crm_flag_get)
    i.crm_hext_stable_wait                   0x0800167c   Section        0  at32f435_437_crm.o(i.crm_hext_stable_wait)
    i.crm_periph_clock_enable                0x080016ac   Section        0  at32f435_437_crm.o(i.crm_periph_clock_enable)
    i.crm_pll_config                         0x080016f8   Section        0  at32f435_437_crm.o(i.crm_pll_config)
    i.crm_reset                              0x08001740   Section        0  at32f435_437_crm.o(i.crm_reset)
    i.crm_sysclk_switch                      0x080017b8   Section        0  at32f435_437_crm.o(i.crm_sysclk_switch)
    i.crm_sysclk_switch_status_get           0x080017f4   Section        0  at32f435_437_crm.o(i.crm_sysclk_switch_status_get)
    i.gpio_bits_reset                        0x08001804   Section        0  at32f435_437_gpio.o(i.gpio_bits_reset)
    i.gpio_bits_set                          0x08001808   Section        0  at32f435_437_gpio.o(i.gpio_bits_set)
    i.gpio_default_para_init                 0x0800180c   Section        0  at32f435_437_gpio.o(i.gpio_default_para_init)
    i.gpio_init                              0x08001820   Section        0  at32f435_437_gpio.o(i.gpio_init)
    i.gpio_pin_mux_config                    0x0800189a   Section        0  at32f435_437_gpio.o(i.gpio_pin_mux_config)
    i.main                                   0x080018dc   Section        0  main.o(i.main)
    i.nafe11388_init                         0x0800190c   Section        0  nafe11388_if.o(i.nafe11388_init)
    i.nafe11388_startSample                  0x08001938   Section        0  nafe11388_if.o(i.nafe11388_startSample)
    i.nafe1138_gpio_config                   0x080019a8   Section        0  nafe11388_if.o(i.nafe1138_gpio_config)
    nafe1138_gpio_config                     0x080019a9   Thumb Code   114  nafe11388_if.o(i.nafe1138_gpio_config)
    i.spi_default_para_init                  0x08001a24   Section        0  at32f435_437_spi.o(i.spi_default_para_init)
    i.spi_enable                             0x08001a3a   Section        0  at32f435_437_spi.o(i.spi_enable)
    i.spi_i2s_data_receive                   0x08001a44   Section        0  at32f435_437_spi.o(i.spi_i2s_data_receive)
    i.spi_i2s_data_transmit                  0x08001a4c   Section        0  at32f435_437_spi.o(i.spi_i2s_data_transmit)
    i.spi_i2s_flag_get                       0x08001a50   Section        0  at32f435_437_spi.o(i.spi_i2s_flag_get)
    i.spi_init                               0x08001a60   Section        0  at32f435_437_spi.o(i.spi_init)
    i.system_clock_config                    0x08001bb8   Section        0  at32f435_437_clock.o(i.system_clock_config)
    i.system_core_clock_update               0x08001c54   Section        0  system_at32f435_437.o(i.system_core_clock_update)
    .constdata                               0x08001d48   Section       22  system_at32f435_437.o(.constdata)
    sys_ahb_div_table                        0x08001d48   Data          16  system_at32f435_437.o(.constdata)
    pll_fr_table                             0x08001d58   Data           6  system_at32f435_437.o(.constdata)
    .data                                    0x20000000   Section        4  system_at32f435_437.o(.data)
    .data                                    0x20000008   Section      296  nafe11388_if.o(.data)
    gs_SysConfig                             0x20000008   Data           6  nafe11388_if.o(.data)
    gs_ChnConfig                             0x20000010   Data         224  nafe11388_if.o(.data)
    nafe_dev                                 0x200000f0   Data          20  nafe11388_if.o(.data)
    gs_Result                                0x20000108   Data           8  nafe11388_if.o(.data)
    gs_XferHdl                               0x20000110   Data          32  nafe11388_if.o(.data)
    .data                                    0x20000130   Section        8  bsp_spi.o(.data)
    transmit_callback_func                   0x20000130   Data           4  bsp_spi.o(.data)
    received_callback_func                   0x20000134   Data           4  bsp_spi.o(.data)
    STACK                                    0x20000138   Section     1024  startup_at32f435_437.o(STACK)

    Global Symbols

    Symbol Name                              Value     Ov Type        Size  Object(Section)

    BuildAttributes$$THM_ISAv4$E$P$D$K$B$S$7EM$VFPi3$EXTD16$VFPS$VFMA$PE$A:L22UL41UL21$X:L11$S22US41US21$IEEE1$IW$USESV6$~STKCKD$USESV7$~SHL$OSPACE$ROPI$EBA8$MICROLIB$REQ8$PRES8$EABIv2 0x00000000   Number         0  anon$$obj.o ABSOLUTE
    __ARM_use_no_argv                        0x00000000   Number         0  main.o ABSOLUTE
    __cpp_initialize__aeabi_                  - Undefined Weak Reference
    __cxa_finalize                            - Undefined Weak Reference
    _clock_init                               - Undefined Weak Reference
    _microlib_exit                            - Undefined Weak Reference
    __Vectors_Size                           0x0000020c   Number         0  startup_at32f435_437.o ABSOLUTE
    __Vectors                                0x08000000   Data           4  startup_at32f435_437.o(RESET)
    __Vectors_End                            0x0800020c   Data           0  startup_at32f435_437.o(RESET)
    __main                                   0x0800020d   Thumb Code     0  entry.o(.ARM.Collect$$$$00000000)
    _main_stk                                0x0800020d   Thumb Code     0  entry2.o(.ARM.Collect$$$$00000001)
    _main_scatterload                        0x08000211   Thumb Code     0  entry5.o(.ARM.Collect$$$$00000004)
    __main_after_scatterload                 0x08000215   Thumb Code     0  entry5.o(.ARM.Collect$$$$00000004)
    _main_clock                              0x08000215   Thumb Code     0  entry7b.o(.ARM.Collect$$$$00000008)
    _main_cpp_init                           0x08000215   Thumb Code     0  entry8b.o(.ARM.Collect$$$$0000000A)
    _main_init                               0x08000215   Thumb Code     0  entry9a.o(.ARM.Collect$$$$0000000B)
    __rt_final_cpp                           0x0800021d   Thumb Code     0  entry10a.o(.ARM.Collect$$$$0000000D)
    __rt_final_exit                          0x0800021d   Thumb Code     0  entry11a.o(.ARM.Collect$$$$0000000F)
    Reset_Handler                            0x08000221   Thumb Code     8  startup_at32f435_437.o(.text)
    ACC_IRQHandler                           0x0800023b   Thumb Code     0  startup_at32f435_437.o(.text)
    ADC1_2_3_IRQHandler                      0x0800023b   Thumb Code     0  startup_at32f435_437.o(.text)
    CAN1_RX0_IRQHandler                      0x0800023b   Thumb Code     0  startup_at32f435_437.o(.text)
    CAN1_RX1_IRQHandler                      0x0800023b   Thumb Code     0  startup_at32f435_437.o(.text)
    CAN1_SE_IRQHandler                       0x0800023b   Thumb Code     0  startup_at32f435_437.o(.text)
    CAN1_TX_IRQHandler                       0x0800023b   Thumb Code     0  startup_at32f435_437.o(.text)
    CAN2_RX0_IRQHandler                      0x0800023b   Thumb Code     0  startup_at32f435_437.o(.text)
    CAN2_RX1_IRQHandler                      0x0800023b   Thumb Code     0  startup_at32f435_437.o(.text)
    CAN2_SE_IRQHandler                       0x0800023b   Thumb Code     0  startup_at32f435_437.o(.text)
    CAN2_TX_IRQHandler                       0x0800023b   Thumb Code     0  startup_at32f435_437.o(.text)
    CRM_IRQHandler                           0x0800023b   Thumb Code     0  startup_at32f435_437.o(.text)
    DMA1_Channel1_IRQHandler                 0x0800023b   Thumb Code     0  startup_at32f435_437.o(.text)
    DMA1_Channel2_IRQHandler                 0x0800023b   Thumb Code     0  startup_at32f435_437.o(.text)
    DMA1_Channel3_IRQHandler                 0x0800023b   Thumb Code     0  startup_at32f435_437.o(.text)
    DMA1_Channel4_IRQHandler                 0x0800023b   Thumb Code     0  startup_at32f435_437.o(.text)
    DMA1_Channel5_IRQHandler                 0x0800023b   Thumb Code     0  startup_at32f435_437.o(.text)
    DMA1_Channel6_IRQHandler                 0x0800023b   Thumb Code     0  startup_at32f435_437.o(.text)
    DMA1_Channel7_IRQHandler                 0x0800023b   Thumb Code     0  startup_at32f435_437.o(.text)
    DMA2_Channel1_IRQHandler                 0x0800023b   Thumb Code     0  startup_at32f435_437.o(.text)
    DMA2_Channel2_IRQHandler                 0x0800023b   Thumb Code     0  startup_at32f435_437.o(.text)
    DMA2_Channel3_IRQHandler                 0x0800023b   Thumb Code     0  startup_at32f435_437.o(.text)
    DMA2_Channel4_IRQHandler                 0x0800023b   Thumb Code     0  startup_at32f435_437.o(.text)
    DMA2_Channel5_IRQHandler                 0x0800023b   Thumb Code     0  startup_at32f435_437.o(.text)
    DMA2_Channel6_IRQHandler                 0x0800023b   Thumb Code     0  startup_at32f435_437.o(.text)
    DMA2_Channel7_IRQHandler                 0x0800023b   Thumb Code     0  startup_at32f435_437.o(.text)
    DMAMUX_IRQHandler                        0x0800023b   Thumb Code     0  startup_at32f435_437.o(.text)
    DVP_IRQHandler                           0x0800023b   Thumb Code     0  startup_at32f435_437.o(.text)
    EDMA_Stream1_IRQHandler                  0x0800023b   Thumb Code     0  startup_at32f435_437.o(.text)
    EDMA_Stream2_IRQHandler                  0x0800023b   Thumb Code     0  startup_at32f435_437.o(.text)
    EDMA_Stream3_IRQHandler                  0x0800023b   Thumb Code     0  startup_at32f435_437.o(.text)
    EDMA_Stream4_IRQHandler                  0x0800023b   Thumb Code     0  startup_at32f435_437.o(.text)
    EDMA_Stream5_IRQHandler                  0x0800023b   Thumb Code     0  startup_at32f435_437.o(.text)
    EDMA_Stream6_IRQHandler                  0x0800023b   Thumb Code     0  startup_at32f435_437.o(.text)
    EDMA_Stream7_IRQHandler                  0x0800023b   Thumb Code     0  startup_at32f435_437.o(.text)
    EDMA_Stream8_IRQHandler                  0x0800023b   Thumb Code     0  startup_at32f435_437.o(.text)
    EMAC_IRQHandler                          0x0800023b   Thumb Code     0  startup_at32f435_437.o(.text)
    EMAC_WKUP_IRQHandler                     0x0800023b   Thumb Code     0  startup_at32f435_437.o(.text)
    ERTCAlarm_IRQHandler                     0x0800023b   Thumb Code     0  startup_at32f435_437.o(.text)
    ERTC_WKUP_IRQHandler                     0x0800023b   Thumb Code     0  startup_at32f435_437.o(.text)
    EXINT0_IRQHandler                        0x0800023b   Thumb Code     0  startup_at32f435_437.o(.text)
    EXINT15_10_IRQHandler                    0x0800023b   Thumb Code     0  startup_at32f435_437.o(.text)
    EXINT1_IRQHandler                        0x0800023b   Thumb Code     0  startup_at32f435_437.o(.text)
    EXINT2_IRQHandler                        0x0800023b   Thumb Code     0  startup_at32f435_437.o(.text)
    EXINT3_IRQHandler                        0x0800023b   Thumb Code     0  startup_at32f435_437.o(.text)
    EXINT4_IRQHandler                        0x0800023b   Thumb Code     0  startup_at32f435_437.o(.text)
    EXINT9_5_IRQHandler                      0x0800023b   Thumb Code     0  startup_at32f435_437.o(.text)
    FLASH_IRQHandler                         0x0800023b   Thumb Code     0  startup_at32f435_437.o(.text)
    FPU_IRQHandler                           0x0800023b   Thumb Code     0  startup_at32f435_437.o(.text)
    I2C1_ERR_IRQHandler                      0x0800023b   Thumb Code     0  startup_at32f435_437.o(.text)
    I2C1_EVT_IRQHandler                      0x0800023b   Thumb Code     0  startup_at32f435_437.o(.text)
    I2C2_ERR_IRQHandler                      0x0800023b   Thumb Code     0  startup_at32f435_437.o(.text)
    I2C2_EVT_IRQHandler                      0x0800023b   Thumb Code     0  startup_at32f435_437.o(.text)
    I2C3_ERR_IRQHandler                      0x0800023b   Thumb Code     0  startup_at32f435_437.o(.text)
    I2C3_EVT_IRQHandler                      0x0800023b   Thumb Code     0  startup_at32f435_437.o(.text)
    OTGFS1_IRQHandler                        0x0800023b   Thumb Code     0  startup_at32f435_437.o(.text)
    OTGFS1_WKUP_IRQHandler                   0x0800023b   Thumb Code     0  startup_at32f435_437.o(.text)
    OTGFS2_IRQHandler                        0x0800023b   Thumb Code     0  startup_at32f435_437.o(.text)
    OTGFS2_WKUP_IRQHandler                   0x0800023b   Thumb Code     0  startup_at32f435_437.o(.text)
    PVM_IRQHandler                           0x0800023b   Thumb Code     0  startup_at32f435_437.o(.text)
    QSPI1_IRQHandler                         0x0800023b   Thumb Code     0  startup_at32f435_437.o(.text)
    QSPI2_IRQHandler                         0x0800023b   Thumb Code     0  startup_at32f435_437.o(.text)
    SDIO1_IRQHandler                         0x0800023b   Thumb Code     0  startup_at32f435_437.o(.text)
    SDIO2_IRQHandler                         0x0800023b   Thumb Code     0  startup_at32f435_437.o(.text)
    SPI1_IRQHandler                          0x0800023b   Thumb Code     0  startup_at32f435_437.o(.text)
    SPI2_I2S2EXT_IRQHandler                  0x0800023b   Thumb Code     0  startup_at32f435_437.o(.text)
    SPI3_I2S3EXT_IRQHandler                  0x0800023b   Thumb Code     0  startup_at32f435_437.o(.text)
    SPI4_IRQHandler                          0x0800023b   Thumb Code     0  startup_at32f435_437.o(.text)
    TAMP_STAMP_IRQHandler                    0x0800023b   Thumb Code     0  startup_at32f435_437.o(.text)
    TMR1_BRK_TMR9_IRQHandler                 0x0800023b   Thumb Code     0  startup_at32f435_437.o(.text)
    TMR1_CH_IRQHandler                       0x0800023b   Thumb Code     0  startup_at32f435_437.o(.text)
    TMR1_OVF_TMR10_IRQHandler                0x0800023b   Thumb Code     0  startup_at32f435_437.o(.text)
    TMR1_TRG_HALL_TMR11_IRQHandler           0x0800023b   Thumb Code     0  startup_at32f435_437.o(.text)
    TMR20_BRK_IRQHandler                     0x0800023b   Thumb Code     0  startup_at32f435_437.o(.text)
    TMR20_CH_IRQHandler                      0x0800023b   Thumb Code     0  startup_at32f435_437.o(.text)
    TMR20_OVF_IRQHandler                     0x0800023b   Thumb Code     0  startup_at32f435_437.o(.text)
    TMR20_TRG_HALL_IRQHandler                0x0800023b   Thumb Code     0  startup_at32f435_437.o(.text)
    TMR2_GLOBAL_IRQHandler                   0x0800023b   Thumb Code     0  startup_at32f435_437.o(.text)
    TMR3_GLOBAL_IRQHandler                   0x0800023b   Thumb Code     0  startup_at32f435_437.o(.text)
    TMR4_GLOBAL_IRQHandler                   0x0800023b   Thumb Code     0  startup_at32f435_437.o(.text)
    TMR5_GLOBAL_IRQHandler                   0x0800023b   Thumb Code     0  startup_at32f435_437.o(.text)
    TMR6_DAC_GLOBAL_IRQHandler               0x0800023b   Thumb Code     0  startup_at32f435_437.o(.text)
    TMR7_GLOBAL_IRQHandler                   0x0800023b   Thumb Code     0  startup_at32f435_437.o(.text)
    TMR8_BRK_TMR12_IRQHandler                0x0800023b   Thumb Code     0  startup_at32f435_437.o(.text)
    TMR8_CH_IRQHandler                       0x0800023b   Thumb Code     0  startup_at32f435_437.o(.text)
    TMR8_OVF_TMR13_IRQHandler                0x0800023b   Thumb Code     0  startup_at32f435_437.o(.text)
    TMR8_TRG_HALL_TMR14_IRQHandler           0x0800023b   Thumb Code     0  startup_at32f435_437.o(.text)
    UART4_IRQHandler                         0x0800023b   Thumb Code     0  startup_at32f435_437.o(.text)
    UART5_IRQHandler                         0x0800023b   Thumb Code     0  startup_at32f435_437.o(.text)
    UART7_IRQHandler                         0x0800023b   Thumb Code     0  startup_at32f435_437.o(.text)
    UART8_IRQHandler                         0x0800023b   Thumb Code     0  startup_at32f435_437.o(.text)
    USART1_IRQHandler                        0x0800023b   Thumb Code     0  startup_at32f435_437.o(.text)
    USART2_IRQHandler                        0x0800023b   Thumb Code     0  startup_at32f435_437.o(.text)
    USART3_IRQHandler                        0x0800023b   Thumb Code     0  startup_at32f435_437.o(.text)
    USART6_IRQHandler                        0x0800023b   Thumb Code     0  startup_at32f435_437.o(.text)
    WWDT_IRQHandler                          0x0800023b   Thumb Code     0  startup_at32f435_437.o(.text)
    XMC_IRQHandler                           0x0800023b   Thumb Code     0  startup_at32f435_437.o(.text)
    __aeabi_uldivmod                         0x08000245   Thumb Code    98  uldiv.o(.text)
    __aeabi_memset                           0x080002a7   Thumb Code    14  memseta.o(.text)
    __aeabi_memset4                          0x080002a7   Thumb Code     0  memseta.o(.text)
    __aeabi_memset8                          0x080002a7   Thumb Code     0  memseta.o(.text)
    __aeabi_memclr                           0x080002b5   Thumb Code     4  memseta.o(.text)
    __aeabi_memclr4                          0x080002b5   Thumb Code     0  memseta.o(.text)
    __aeabi_memclr8                          0x080002b5   Thumb Code     0  memseta.o(.text)
    _memset$wrapper                          0x080002b9   Thumb Code    18  memseta.o(.text)
    __aeabi_dmul                             0x080002cb   Thumb Code   228  dmul.o(.text)
    __aeabi_ddiv                             0x080003af   Thumb Code   222  ddiv.o(.text)
    __aeabi_i2d                              0x0800048d   Thumb Code    34  dflti.o(.text)
    __aeabi_f2d                              0x080004af   Thumb Code    38  f2d.o(.text)
    __aeabi_llsl                             0x080004d5   Thumb Code    30  llshl.o(.text)
    _ll_shift_l                              0x080004d5   Thumb Code     0  llshl.o(.text)
    __aeabi_llsr                             0x080004f3   Thumb Code    32  llushr.o(.text)
    _ll_ushift_r                             0x080004f3   Thumb Code     0  llushr.o(.text)
    __I$use$fp                               0x08000513   Thumb Code     0  iusefp.o(.text)
    _double_round                            0x08000513   Thumb Code    30  depilogue.o(.text)
    _double_epilogue                         0x08000531   Thumb Code   156  depilogue.o(.text)
    __scatterload                            0x080005cd   Thumb Code    28  init.o(.text)
    __scatterload_rt2                        0x080005cd   Thumb Code     0  init.o(.text)
    __decompress                             0x080005f1   Thumb Code     0  __dczerorl2.o(.text)
    __decompress1                            0x080005f1   Thumb Code    86  __dczerorl2.o(.text)
    BusFault_Handler                         0x08000647   Thumb Code     4  at32f435_437_int.o(i.BusFault_Handler)
    DebugMon_Handler                         0x0800064b   Thumb Code     2  at32f435_437_int.o(i.DebugMon_Handler)
    HardFault_Handler                        0x0800064d   Thumb Code     4  at32f435_437_int.o(i.HardFault_Handler)
    MemManage_Handler                        0x08000651   Thumb Code     4  at32f435_437_int.o(i.MemManage_Handler)
    NAFE_HAL_readRegBlock                    0x0800068b   Thumb Code    86  bsp_nafe11388.o(i.NAFE_HAL_readRegBlock)
    NAFE_HAL_sendCmdBlock                    0x080006e1   Thumb Code    38  bsp_nafe11388.o(i.NAFE_HAL_sendCmdBlock)
    NAFE_HAL_writeRegBlock                   0x08000707   Thumb Code    78  bsp_nafe11388.o(i.NAFE_HAL_writeRegBlock)
    NAFE_init                                0x0800090d   Thumb Code   484  bsp_nafe11388.o(i.NAFE_init)
    NAFE_startSample                         0x08000f29   Thumb Code   204  bsp_nafe11388.o(i.NAFE_startSample)
    NMI_Handler                              0x080010b3   Thumb Code     2  at32f435_437_int.o(i.NMI_Handler)
    PendSV_Handler                           0x080010b5   Thumb Code     2  at32f435_437_int.o(i.PendSV_Handler)
    SVC_Handler                              0x080010b7   Thumb Code     2  at32f435_437_int.o(i.SVC_Handler)
    SysTick_Handler                          0x080010b9   Thumb Code     2  at32f435_437_int.o(i.SysTick_Handler)
    SystemInit                               0x080010bd   Thumb Code   128  system_at32f435_437.o(i.SystemInit)
    UsageFault_Handler                       0x0800114d   Thumb Code     4  at32f435_437_int.o(i.UsageFault_Handler)
    __scatterload_copy                       0x08001151   Thumb Code    14  handlers.o(i.__scatterload_copy)
    __scatterload_null                       0x0800115f   Thumb Code     2  handlers.o(i.__scatterload_null)
    __scatterload_zeroinit                   0x08001161   Thumb Code    14  handlers.o(i.__scatterload_zeroinit)
    bsp_spi_config                           0x08001171   Thumb Code   478  bsp_spi.o(i.bsp_spi_config)
    bsp_spi_received_byte                    0x080013fd   Thumb Code    18  bsp_spi.o(i.bsp_spi_received_byte)
    bsp_spi_received_done                    0x08001411   Thumb Code    20  bsp_spi.o(i.bsp_spi_received_done)
    bsp_spi_received_halfword                0x08001429   Thumb Code   124  bsp_spi.o(i.bsp_spi_received_halfword)
    bsp_spi_set_cs                           0x080014b5   Thumb Code    30  bsp_spi.o(i.bsp_spi_set_cs)
    bsp_spi_transmit_byte                    0x080014d9   Thumb Code    16  bsp_spi.o(i.bsp_spi_transmit_byte)
    bsp_spi_transmit_done                    0x080014e9   Thumb Code    20  bsp_spi.o(i.bsp_spi_transmit_done)
    bsp_spi_transmit_halfword                0x08001501   Thumb Code   122  bsp_spi.o(i.bsp_spi_transmit_halfword)
    crm_ahb_div_set                          0x08001581   Thumb Code    14  at32f435_437_crm.o(i.crm_ahb_div_set)
    crm_apb1_div_set                         0x08001595   Thumb Code    14  at32f435_437_crm.o(i.crm_apb1_div_set)
    crm_apb2_div_set                         0x080015a9   Thumb Code    14  at32f435_437_crm.o(i.crm_apb2_div_set)
    crm_auto_step_mode_enable                0x080015bd   Thumb Code    34  at32f435_437_crm.o(i.crm_auto_step_mode_enable)
    crm_clock_source_enable                  0x080015e5   Thumb Code    98  at32f435_437_crm.o(i.crm_clock_source_enable)
    crm_flag_get                             0x0800164d   Thumb Code    44  at32f435_437_crm.o(i.crm_flag_get)
    crm_hext_stable_wait                     0x0800167d   Thumb Code    46  at32f435_437_crm.o(i.crm_hext_stable_wait)
    crm_periph_clock_enable                  0x080016ad   Thumb Code    70  at32f435_437_crm.o(i.crm_periph_clock_enable)
    crm_pll_config                           0x080016f9   Thumb Code    68  at32f435_437_crm.o(i.crm_pll_config)
    crm_reset                                0x08001741   Thumb Code   106  at32f435_437_crm.o(i.crm_reset)
    crm_sysclk_switch                        0x080017b9   Thumb Code    54  at32f435_437_crm.o(i.crm_sysclk_switch)
    crm_sysclk_switch_status_get             0x080017f5   Thumb Code    10  at32f435_437_crm.o(i.crm_sysclk_switch_status_get)
    gpio_bits_reset                          0x08001805   Thumb Code     4  at32f435_437_gpio.o(i.gpio_bits_reset)
    gpio_bits_set                            0x08001809   Thumb Code     4  at32f435_437_gpio.o(i.gpio_bits_set)
    gpio_default_para_init                   0x0800180d   Thumb Code    20  at32f435_437_gpio.o(i.gpio_default_para_init)
    gpio_init                                0x08001821   Thumb Code   122  at32f435_437_gpio.o(i.gpio_init)
    gpio_pin_mux_config                      0x0800189b   Thumb Code    66  at32f435_437_gpio.o(i.gpio_pin_mux_config)
    main                                     0x080018dd   Thumb Code    48  main.o(i.main)
    nafe11388_init                           0x0800190d   Thumb Code    36  nafe11388_if.o(i.nafe11388_init)
    nafe11388_startSample                    0x08001939   Thumb Code   102  nafe11388_if.o(i.nafe11388_startSample)
    spi_default_para_init                    0x08001a25   Thumb Code    22  at32f435_437_spi.o(i.spi_default_para_init)
    spi_enable                               0x08001a3b   Thumb Code    10  at32f435_437_spi.o(i.spi_enable)
    spi_i2s_data_receive                     0x08001a45   Thumb Code     8  at32f435_437_spi.o(i.spi_i2s_data_receive)
    spi_i2s_data_transmit                    0x08001a4d   Thumb Code     4  at32f435_437_spi.o(i.spi_i2s_data_transmit)
    spi_i2s_flag_get                         0x08001a51   Thumb Code    16  at32f435_437_spi.o(i.spi_i2s_flag_get)
    spi_init                                 0x08001a61   Thumb Code   344  at32f435_437_spi.o(i.spi_init)
    system_clock_config                      0x08001bb9   Thumb Code   144  at32f435_437_clock.o(i.system_clock_config)
    system_core_clock_update                 0x08001c55   Thumb Code   214  system_at32f435_437.o(i.system_core_clock_update)
    Region$$Table$$Base                      0x08001d60   Number         0  anon$$obj.o(Region$$Table)
    Region$$Table$$Limit                     0x08001d80   Number         0  anon$$obj.o(Region$$Table)
    system_core_clock                        0x20000000   Data           4  system_at32f435_437.o(.data)
    __initial_sp                             0x20000538   Data           0  startup_at32f435_437.o(STACK)



==============================================================================

Memory Map of the image

  Image Entry point : 0x0800020d

  Load Region LR_IROM1 (Base: 0x08000000, Size: 0x00001eb8, Max: 0x00100000, ABSOLUTE, COMPRESSED[0x00001dd0])

    Execution Region ER_IROM1 (Exec base: 0x08000000, Load base: 0x08000000, Size: 0x00001d80, Max: 0x00100000, ABSOLUTE)

    Exec Addr    Load Addr    Size         Type   Attr      Idx    E Section Name        Object

    0x08000000   0x08000000   0x0000020c   Data   RO         4911    RESET               startup_at32f435_437.o
    0x0800020c   0x0800020c   0x00000000   Code   RO         5206  * .ARM.Collect$$$$00000000  mc_w.l(entry.o)
    0x0800020c   0x0800020c   0x00000004   Code   RO         5221    .ARM.Collect$$$$00000001  mc_w.l(entry2.o)
    0x08000210   0x08000210   0x00000004   Code   RO         5224    .ARM.Collect$$$$00000004  mc_w.l(entry5.o)
    0x08000214   0x08000214   0x00000000   Code   RO         5226    .ARM.Collect$$$$00000008  mc_w.l(entry7b.o)
    0x08000214   0x08000214   0x00000000   Code   RO         5228    .ARM.Collect$$$$0000000A  mc_w.l(entry8b.o)
    0x08000214   0x08000214   0x00000008   Code   RO         5229    .ARM.Collect$$$$0000000B  mc_w.l(entry9a.o)
    0x0800021c   0x0800021c   0x00000000   Code   RO         5231    .ARM.Collect$$$$0000000D  mc_w.l(entry10a.o)
    0x0800021c   0x0800021c   0x00000000   Code   RO         5233    .ARM.Collect$$$$0000000F  mc_w.l(entry11a.o)
    0x0800021c   0x0800021c   0x00000004   Code   RO         5222    .ARM.Collect$$$$00002712  mc_w.l(entry2.o)
    0x08000220   0x08000220   0x00000024   Code   RO         4912    .text               startup_at32f435_437.o
    0x08000244   0x08000244   0x00000062   Code   RO         5209    .text               mc_w.l(uldiv.o)
    0x080002a6   0x080002a6   0x00000024   Code   RO         5211    .text               mc_w.l(memseta.o)
    0x080002ca   0x080002ca   0x000000e4   Code   RO         5213    .text               mf_w.l(dmul.o)
    0x080003ae   0x080003ae   0x000000de   Code   RO         5215    .text               mf_w.l(ddiv.o)
    0x0800048c   0x0800048c   0x00000022   Code   RO         5217    .text               mf_w.l(dflti.o)
    0x080004ae   0x080004ae   0x00000026   Code   RO         5219    .text               mf_w.l(f2d.o)
    0x080004d4   0x080004d4   0x0000001e   Code   RO         5235    .text               mc_w.l(llshl.o)
    0x080004f2   0x080004f2   0x00000020   Code   RO         5237    .text               mc_w.l(llushr.o)
    0x08000512   0x08000512   0x00000000   Code   RO         5239    .text               mc_w.l(iusefp.o)
    0x08000512   0x08000512   0x000000ba   Code   RO         5240    .text               mf_w.l(depilogue.o)
    0x080005cc   0x080005cc   0x00000024   Code   RO         5242    .text               mc_w.l(init.o)
    0x080005f0   0x080005f0   0x00000056   Code   RO         5252    .text               mc_w.l(__dczerorl2.o)
    0x08000646   0x08000646   0x00000004   Code   RO         4800    i.BusFault_Handler  at32f435_437_int.o
    0x0800064a   0x0800064a   0x00000002   Code   RO         4801    i.DebugMon_Handler  at32f435_437_int.o
    0x0800064c   0x0800064c   0x00000004   Code   RO         4802    i.HardFault_Handler  at32f435_437_int.o
    0x08000650   0x08000650   0x00000004   Code   RO         4803    i.MemManage_Handler  at32f435_437_int.o
    0x08000654   0x08000654   0x00000036   Code   RO         5077    i.NAFE_HAL_delay    bsp_nafe11388.o
    0x0800068a   0x0800068a   0x00000056   Code   RO         5078    i.NAFE_HAL_readRegBlock  bsp_nafe11388.o
    0x080006e0   0x080006e0   0x00000026   Code   RO         5079    i.NAFE_HAL_sendCmdBlock  bsp_nafe11388.o
    0x08000706   0x08000706   0x0000004e   Code   RO         5080    i.NAFE_HAL_writeRegBlock  bsp_nafe11388.o
    0x08000754   0x08000754   0x0000001c   Code   RO         5081    i.NAFE_combCmdForAccessRegs  bsp_nafe11388.o
    0x08000770   0x08000770   0x00000012   Code   RO         5082    i.NAFE_combCmdForInstructionCmds  bsp_nafe11388.o
    0x08000782   0x08000782   0x00000002   PAD
    0x08000784   0x08000784   0x00000188   Code   RO         5083    i.NAFE_formatResultArray  bsp_nafe11388.o
    0x0800090c   0x0800090c   0x000001e4   Code   RO         5084    i.NAFE_init         bsp_nafe11388.o
    0x08000af0   0x08000af0   0x00000130   Code   RO         5085    i.NAFE_mccrBlock    bsp_nafe11388.o
    0x08000c20   0x08000c20   0x000000f8   Code   RO         5086    i.NAFE_mcmrBlock    bsp_nafe11388.o
    0x08000d18   0x08000d18   0x00000088   Code   RO         5087    i.NAFE_mcsrBlock    bsp_nafe11388.o
    0x08000da0   0x08000da0   0x00000028   Code   RO         5088    i.NAFE_readRegBlock  bsp_nafe11388.o
    0x08000dc8   0x08000dc8   0x0000001a   Code   RO         5089    i.NAFE_resetDevice  bsp_nafe11388.o
    0x08000de2   0x08000de2   0x00000090   Code   RO         5090    i.NAFE_sccrBlock    bsp_nafe11388.o
    0x08000e72   0x08000e72   0x00000082   Code   RO         5091    i.NAFE_scsrBlock    bsp_nafe11388.o
    0x08000ef4   0x08000ef4   0x0000001e   Code   RO         5092    i.NAFE_sendCmdBlock  bsp_nafe11388.o
    0x08000f12   0x08000f12   0x00000016   Code   RO         5093    i.NAFE_setChannel   bsp_nafe11388.o
    0x08000f28   0x08000f28   0x000000cc   Code   RO         5094    i.NAFE_startSample  bsp_nafe11388.o
    0x08000ff4   0x08000ff4   0x0000001c   Code   RO         5095    i.NAFE_terminateContiSample  bsp_nafe11388.o
    0x08001010   0x08001010   0x0000007a   Code   RO         5096    i.NAFE_triggerSample  bsp_nafe11388.o
    0x0800108a   0x0800108a   0x00000028   Code   RO         5097    i.NAFE_writeRegBlock  bsp_nafe11388.o
    0x080010b2   0x080010b2   0x00000002   Code   RO         4804    i.NMI_Handler       at32f435_437_int.o
    0x080010b4   0x080010b4   0x00000002   Code   RO         4805    i.PendSV_Handler    at32f435_437_int.o
    0x080010b6   0x080010b6   0x00000002   Code   RO         4806    i.SVC_Handler       at32f435_437_int.o
    0x080010b8   0x080010b8   0x00000002   Code   RO         4807    i.SysTick_Handler   at32f435_437_int.o
    0x080010ba   0x080010ba   0x00000002   PAD
    0x080010bc   0x080010bc   0x00000090   Code   RO         4875    i.SystemInit        system_at32f435_437.o
    0x0800114c   0x0800114c   0x00000004   Code   RO         4808    i.UsageFault_Handler  at32f435_437_int.o
    0x08001150   0x08001150   0x0000000e   Code   RO         5246    i.__scatterload_copy  mc_w.l(handlers.o)
    0x0800115e   0x0800115e   0x00000002   Code   RO         5247    i.__scatterload_null  mc_w.l(handlers.o)
    0x08001160   0x08001160   0x0000000e   Code   RO         5248    i.__scatterload_zeroinit  mc_w.l(handlers.o)
    0x0800116e   0x0800116e   0x00000002   PAD
    0x08001170   0x08001170   0x000001f8   Code   RO         4996    i.bsp_spi_config    bsp_spi.o
    0x08001368   0x08001368   0x00000094   Code   RO         4997    i.bsp_spi_gpio_config  bsp_spi.o
    0x080013fc   0x080013fc   0x00000012   Code   RO         4998    i.bsp_spi_received_byte  bsp_spi.o
    0x0800140e   0x0800140e   0x00000002   PAD
    0x08001410   0x08001410   0x00000018   Code   RO         4999    i.bsp_spi_received_done  bsp_spi.o
    0x08001428   0x08001428   0x0000008c   Code   RO         5000    i.bsp_spi_received_halfword  bsp_spi.o
    0x080014b4   0x080014b4   0x00000024   Code   RO         5001    i.bsp_spi_set_cs    bsp_spi.o
    0x080014d8   0x080014d8   0x00000010   Code   RO         5002    i.bsp_spi_transmit_byte  bsp_spi.o
    0x080014e8   0x080014e8   0x00000018   Code   RO         5003    i.bsp_spi_transmit_done  bsp_spi.o
    0x08001500   0x08001500   0x00000080   Code   RO         5004    i.bsp_spi_transmit_halfword  bsp_spi.o
    0x08001580   0x08001580   0x00000014   Code   RO          795    i.crm_ahb_div_set   at32f435_437_crm.o
    0x08001594   0x08001594   0x00000014   Code   RO          796    i.crm_apb1_div_set  at32f435_437_crm.o
    0x080015a8   0x080015a8   0x00000014   Code   RO          797    i.crm_apb2_div_set  at32f435_437_crm.o
    0x080015bc   0x080015bc   0x00000028   Code   RO          798    i.crm_auto_step_mode_enable  at32f435_437_crm.o
    0x080015e4   0x080015e4   0x00000068   Code   RO          805    i.crm_clock_source_enable  at32f435_437_crm.o
    0x0800164c   0x0800164c   0x00000030   Code   RO          811    i.crm_flag_get      at32f435_437_crm.o
    0x0800167c   0x0800167c   0x0000002e   Code   RO          813    i.crm_hext_stable_wait  at32f435_437_crm.o
    0x080016aa   0x080016aa   0x00000002   PAD
    0x080016ac   0x080016ac   0x0000004c   Code   RO          821    i.crm_periph_clock_enable  at32f435_437_crm.o
    0x080016f8   0x080016f8   0x00000048   Code   RO          824    i.crm_pll_config    at32f435_437_crm.o
    0x08001740   0x08001740   0x00000078   Code   RO          826    i.crm_reset         at32f435_437_crm.o
    0x080017b8   0x080017b8   0x0000003c   Code   RO          827    i.crm_sysclk_switch  at32f435_437_crm.o
    0x080017f4   0x080017f4   0x00000010   Code   RO          828    i.crm_sysclk_switch_status_get  at32f435_437_crm.o
    0x08001804   0x08001804   0x00000004   Code   RO         2477    i.gpio_bits_reset   at32f435_437_gpio.o
    0x08001808   0x08001808   0x00000004   Code   RO         2478    i.gpio_bits_set     at32f435_437_gpio.o
    0x0800180c   0x0800180c   0x00000014   Code   RO         2480    i.gpio_default_para_init  at32f435_437_gpio.o
    0x08001820   0x08001820   0x0000007a   Code   RO         2481    i.gpio_init         at32f435_437_gpio.o
    0x0800189a   0x0800189a   0x00000042   Code   RO         2486    i.gpio_pin_mux_config  at32f435_437_gpio.o
    0x080018dc   0x080018dc   0x00000030   Code   RO         4919    i.main              main.o
    0x0800190c   0x0800190c   0x0000002c   Code   RO         4949    i.nafe11388_init    nafe11388_if.o
    0x08001938   0x08001938   0x00000070   Code   RO         4950    i.nafe11388_startSample  nafe11388_if.o
    0x080019a8   0x080019a8   0x0000007c   Code   RO         4951    i.nafe1138_gpio_config  nafe11388_if.o
    0x08001a24   0x08001a24   0x00000016   Code   RO         3401    i.spi_default_para_init  at32f435_437_spi.o
    0x08001a3a   0x08001a3a   0x0000000a   Code   RO         3402    i.spi_enable        at32f435_437_spi.o
    0x08001a44   0x08001a44   0x00000008   Code   RO         3406    i.spi_i2s_data_receive  at32f435_437_spi.o
    0x08001a4c   0x08001a4c   0x00000004   Code   RO         3407    i.spi_i2s_data_transmit  at32f435_437_spi.o
    0x08001a50   0x08001a50   0x00000010   Code   RO         3411    i.spi_i2s_flag_get  at32f435_437_spi.o
    0x08001a60   0x08001a60   0x00000158   Code   RO         3415    i.spi_init          at32f435_437_spi.o
    0x08001bb8   0x08001bb8   0x0000009c   Code   RO         4773    i.system_clock_config  at32f435_437_clock.o
    0x08001c54   0x08001c54   0x000000f4   Code   RO         4876    i.system_core_clock_update  system_at32f435_437.o
    0x08001d48   0x08001d48   0x00000016   Data   RO         4877    .constdata          system_at32f435_437.o
    0x08001d5e   0x08001d5e   0x00000002   PAD
    0x08001d60   0x08001d60   0x00000020   Data   RO         5244    Region$$Table       anon$$obj.o


    Execution Region RW_IRAM1 (Exec base: 0x20000000, Load base: 0x08001d80, Size: 0x00000538, Max: 0x00060000, ABSOLUTE, COMPRESSED[0x00000050])

    Exec Addr    Load Addr    Size         Type   Attr      Idx    E Section Name        Object

    0x20000000   COMPRESSED   0x00000004   Data   RW         4878    .data               system_at32f435_437.o
    0x20000004   COMPRESSED   0x00000004   PAD
    0x20000008   COMPRESSED   0x00000128   Data   RW         4952    .data               nafe11388_if.o
    0x20000130   COMPRESSED   0x00000008   Data   RW         5005    .data               bsp_spi.o
    0x20000138        -       0x00000400   Zero   RW         4909    STACK               startup_at32f435_437.o


==============================================================================

Image component sizes


      Code (inc. data)   RO Data    RW Data    ZI Data      Debug   Object Name

         0          0          0          0          0      44112   at32f435_437_acc.o
       156         12          0          0          0        606   at32f435_437_clock.o
       642         76          0          0          0       6902   at32f435_437_crm.o
       216          0          0          0          0       3473   at32f435_437_gpio.o
        26          0          0          0          0       4394   at32f435_437_int.o
       404          0          0          0          0       3970   at32f435_437_spi.o
      2652         48          0          0          0      16536   bsp_nafe11388.o
      1038         82          0          8          0       6082   bsp_spi.o
        48          0          0          0          0       3447   main.o
       280         34          0        296          0      11217   nafe11388_if.o
        36          8        524          0       1024        900   startup_at32f435_437.o
       388         46         22          4          0       2160   system_at32f435_437.o

    ----------------------------------------------------------------------
      5894        306        580        312       1024     103799   Object Totals
         0          0         32          0          0          0   (incl. Generated)
         8          0          2          4          0          0   (incl. Padding)

    ----------------------------------------------------------------------

      Code (inc. data)   RO Data    RW Data    ZI Data      Debug   Library Member Name

        86          0          0          0          0          0   __dczerorl2.o
         0          0          0          0          0          0   entry.o
         0          0          0          0          0          0   entry10a.o
         0          0          0          0          0          0   entry11a.o
         8          4          0          0          0          0   entry2.o
         4          0          0          0          0          0   entry5.o
         0          0          0          0          0          0   entry7b.o
         0          0          0          0          0          0   entry8b.o
         8          4          0          0          0          0   entry9a.o
        30          0          0          0          0          0   handlers.o
        36          8          0          0          0         68   init.o
         0          0          0          0          0          0   iusefp.o
        30          0          0          0          0         68   llshl.o
        32          0          0          0          0         68   llushr.o
        36          0          0          0          0        108   memseta.o
        98          0          0          0          0         92   uldiv.o
       222          0          0          0          0        100   ddiv.o
       186          0          0          0          0        176   depilogue.o
        34          0          0          0          0         76   dflti.o
       228          0          0          0          0         96   dmul.o
        38          0          0          0          0         68   f2d.o

    ----------------------------------------------------------------------
      1078         16          0          0          0        920   Library Totals
         2          0          0          0          0          0   (incl. Padding)

    ----------------------------------------------------------------------

      Code (inc. data)   RO Data    RW Data    ZI Data      Debug   Library Name

       368         16          0          0          0        404   mc_w.l
       708          0          0          0          0        516   mf_w.l

    ----------------------------------------------------------------------
      1078         16          0          0          0        920   Library Totals

    ----------------------------------------------------------------------

==============================================================================


      Code (inc. data)   RO Data    RW Data    ZI Data      Debug   

      6972        322        580        312       1024      98339   Grand Totals
      6972        322        580         80       1024      98339   ELF Image Totals (compressed)
      6972        322        580         80          0          0   ROM Totals

==============================================================================

    Total RO  Size (Code + RO Data)                 7552 (   7.38kB)
    Total RW  Size (RW Data + ZI Data)              1336 (   1.30kB)
    Total ROM Size (Code + RO Data + RW Data)       7632 (   7.45kB)

==============================================================================

