Component: ARM Compiler 5.06 update 6 (build 750) Tool: armlink [4d35ed]

==============================================================================

Section Cross References

    at32f435_437_adc.o(i.adc_reset) refers to at32f435_437_crm.o(i.crm_periph_reset) for crm_periph_reset
    at32f435_437_can.o(i.can_interrupt_flag_get) refers to at32f435_437_can.o(i.can_flag_get) for can_flag_get
    at32f435_437_can.o(i.can_message_receive) refers to at32f435_437_can.o(i.can_receive_fifo_release) for can_receive_fifo_release
    at32f435_437_can.o(i.can_reset) refers to at32f435_437_crm.o(i.crm_periph_reset) for crm_periph_reset
    at32f435_437_crm.o(i.crm_clocks_freq_get) refers to at32f435_437_crm.o(i.crm_sysclk_switch_status_get) for crm_sysclk_switch_status_get
    at32f435_437_crm.o(i.crm_clocks_freq_get) refers to uldiv.o(.text) for __aeabi_uldivmod
    at32f435_437_crm.o(i.crm_clocks_freq_get) refers to at32f435_437_crm.o(.constdata) for pll_fr_table
    at32f435_437_crm.o(i.crm_hext_stable_wait) refers to at32f435_437_crm.o(i.crm_flag_get) for crm_flag_get
    at32f435_437_crm.o(i.crm_hick_sclk_frequency_select) refers to at32f435_437_crm.o(i.crm_hick_divider_select) for crm_hick_divider_select
    at32f435_437_crm.o(i.crm_usb_clock_source_select) refers to at32f435_437_crm.o(i.crm_hick_sclk_frequency_select) for crm_hick_sclk_frequency_select
    at32f435_437_dac.o(i.dac_reset) refers to at32f435_437_crm.o(i.crm_periph_reset) for crm_periph_reset
    at32f435_437_dvp.o(i.dvp_reset) refers to at32f435_437_crm.o(i.crm_periph_reset) for crm_periph_reset
    at32f435_437_ertc.o(i.ertc_alarm_enable) refers to at32f435_437_ertc.o(i.ertc_write_protect_disable) for ertc_write_protect_disable
    at32f435_437_ertc.o(i.ertc_alarm_enable) refers to at32f435_437_ertc.o(i.ertc_wait_flag) for ertc_wait_flag
    at32f435_437_ertc.o(i.ertc_alarm_enable) refers to at32f435_437_ertc.o(i.ertc_write_protect_enable) for ertc_write_protect_enable
    at32f435_437_ertc.o(i.ertc_alarm_get) refers to at32f435_437_ertc.o(i.ertc_bcd_to_num) for ertc_bcd_to_num
    at32f435_437_ertc.o(i.ertc_alarm_mask_set) refers to at32f435_437_ertc.o(i.ertc_write_protect_disable) for ertc_write_protect_disable
    at32f435_437_ertc.o(i.ertc_alarm_mask_set) refers to at32f435_437_ertc.o(i.ertc_write_protect_enable) for ertc_write_protect_enable
    at32f435_437_ertc.o(i.ertc_alarm_set) refers to at32f435_437_ertc.o(i.ertc_num_to_bcd) for ertc_num_to_bcd
    at32f435_437_ertc.o(i.ertc_alarm_set) refers to at32f435_437_ertc.o(i.ertc_write_protect_disable) for ertc_write_protect_disable
    at32f435_437_ertc.o(i.ertc_alarm_set) refers to at32f435_437_ertc.o(i.ertc_write_protect_enable) for ertc_write_protect_enable
    at32f435_437_ertc.o(i.ertc_alarm_sub_second_set) refers to at32f435_437_ertc.o(i.ertc_write_protect_disable) for ertc_write_protect_disable
    at32f435_437_ertc.o(i.ertc_alarm_sub_second_set) refers to at32f435_437_ertc.o(i.ertc_write_protect_enable) for ertc_write_protect_enable
    at32f435_437_ertc.o(i.ertc_alarm_week_date_select) refers to at32f435_437_ertc.o(i.ertc_write_protect_disable) for ertc_write_protect_disable
    at32f435_437_ertc.o(i.ertc_alarm_week_date_select) refers to at32f435_437_ertc.o(i.ertc_write_protect_enable) for ertc_write_protect_enable
    at32f435_437_ertc.o(i.ertc_cal_output_enable) refers to at32f435_437_ertc.o(i.ertc_write_protect_disable) for ertc_write_protect_disable
    at32f435_437_ertc.o(i.ertc_cal_output_enable) refers to at32f435_437_ertc.o(i.ertc_write_protect_enable) for ertc_write_protect_enable
    at32f435_437_ertc.o(i.ertc_cal_output_select) refers to at32f435_437_ertc.o(i.ertc_write_protect_disable) for ertc_write_protect_disable
    at32f435_437_ertc.o(i.ertc_cal_output_select) refers to at32f435_437_ertc.o(i.ertc_write_protect_enable) for ertc_write_protect_enable
    at32f435_437_ertc.o(i.ertc_calendar_get) refers to at32f435_437_ertc.o(i.ertc_bcd_to_num) for ertc_bcd_to_num
    at32f435_437_ertc.o(i.ertc_coarse_calibration_enable) refers to at32f435_437_ertc.o(i.ertc_write_protect_disable) for ertc_write_protect_disable
    at32f435_437_ertc.o(i.ertc_coarse_calibration_enable) refers to at32f435_437_ertc.o(i.ertc_init_mode_enter) for ertc_init_mode_enter
    at32f435_437_ertc.o(i.ertc_coarse_calibration_enable) refers to at32f435_437_ertc.o(i.ertc_init_mode_exit) for ertc_init_mode_exit
    at32f435_437_ertc.o(i.ertc_coarse_calibration_enable) refers to at32f435_437_ertc.o(i.ertc_write_protect_enable) for ertc_write_protect_enable
    at32f435_437_ertc.o(i.ertc_coarse_calibration_set) refers to at32f435_437_ertc.o(i.ertc_write_protect_disable) for ertc_write_protect_disable
    at32f435_437_ertc.o(i.ertc_coarse_calibration_set) refers to at32f435_437_ertc.o(i.ertc_init_mode_enter) for ertc_init_mode_enter
    at32f435_437_ertc.o(i.ertc_coarse_calibration_set) refers to at32f435_437_ertc.o(i.ertc_init_mode_exit) for ertc_init_mode_exit
[...]
    entry5.o(.ARM.Collect$$$$00000004) refers to init.o(.text) for __scatterload
    entry9a.o(.ARM.Collect$$$$0000000B) refers to main.o(i.main) for main
    entry9b.o(.ARM.Collect$$$$0000000C) refers to main.o(i.main) for main
    init.o(.text) refers to entry5.o(.ARM.Collect$$$$00000004) for __main_after_scatterload


==============================================================================

Removing Unused input sections from the image.

    Removing at32f435_437_acc.o(.rev16_text), (4 bytes).
    Removing at32f435_437_acc.o(.revsh_text), (4 bytes).
    Removing at32f435_437_acc.o(.rrx_text), (6 bytes).
    Removing at32f435_437_acc.o(i.acc_calibration_mode_enable), (48 bytes).
    Removing at32f435_437_acc.o(i.acc_flag_clear), (12 bytes).
    Removing at32f435_437_acc.o(i.acc_flag_get), (32 bytes).
    Removing at32f435_437_acc.o(i.acc_hickcal_get), (12 bytes).
    Removing at32f435_437_acc.o(i.acc_hicktrim_get), (16 bytes).
    Removing at32f435_437_acc.o(i.acc_interrupt_enable), (36 bytes).
    Removing at32f435_437_acc.o(i.acc_interrupt_flag_get), (72 bytes).
    Removing at32f435_437_acc.o(i.acc_read_c1), (12 bytes).
    Removing at32f435_437_acc.o(i.acc_read_c2), (12 bytes).
    Removing at32f435_437_acc.o(i.acc_read_c3), (12 bytes).
    Removing at32f435_437_acc.o(i.acc_sof_select), (16 bytes).
    Removing at32f435_437_acc.o(i.acc_step_set), (20 bytes).
    Removing at32f435_437_acc.o(i.acc_write_c1), (12 bytes).
    Removing at32f435_437_acc.o(i.acc_write_c2), (12 bytes).
    Removing at32f435_437_acc.o(i.acc_write_c3), (12 bytes).
    Removing at32f435_437_adc.o(.rev16_text), (4 bytes).
    Removing at32f435_437_adc.o(.revsh_text), (4 bytes).
    Removing at32f435_437_adc.o(.rrx_text), (6 bytes).
    Removing at32f435_437_adc.o(i.adc_base_config), (44 bytes).
    Removing at32f435_437_adc.o(i.adc_base_default_para_init), (14 bytes).
    Removing at32f435_437_adc.o(i.adc_calibration_init), (12 bytes).
    Removing at32f435_437_adc.o(i.adc_calibration_init_status_get), (18 bytes).
    Removing at32f435_437_adc.o(i.adc_calibration_start), (12 bytes).
    Removing at32f435_437_adc.o(i.adc_calibration_status_get), (18 bytes).
    Removing at32f435_437_adc.o(i.adc_calibration_value_set), (6 bytes).
    Removing at32f435_437_adc.o(i.adc_combine_ordinary_conversion_data_get), (12 bytes).
    Removing at32f435_437_adc.o(i.adc_common_config), (164 bytes).
    Removing at32f435_437_adc.o(i.adc_common_default_para_init), (18 bytes).
    Removing at32f435_437_adc.o(i.adc_conversion_stop), (12 bytes).
    Removing at32f435_437_adc.o(i.adc_conversion_stop_status_get), (18 bytes).
    Removing at32f435_437_adc.o(i.adc_dma_mode_enable), (10 bytes).
    Removing at32f435_437_adc.o(i.adc_dma_request_repeat_enable), (10 bytes).
    Removing at32f435_437_adc.o(i.adc_enable), (10 bytes).
    Removing at32f435_437_adc.o(i.adc_flag_clear), (6 bytes).
    Removing at32f435_437_adc.o(i.adc_flag_get), (16 bytes).
    Removing at32f435_437_adc.o(i.adc_interrupt_enable), (22 bytes).
    Removing at32f435_437_adc.o(i.adc_interrupt_flag_get), (108 bytes).
    Removing at32f435_437_adc.o(i.adc_occe_each_conversion_enable), (10 bytes).
    Removing at32f435_437_adc.o(i.adc_ordinary_channel_set), (168 bytes).
    Removing at32f435_437_adc.o(i.adc_ordinary_conversion_data_get), (8 bytes).
    Removing at32f435_437_adc.o(i.adc_ordinary_conversion_trigger_set), (52 bytes).
    Removing at32f435_437_adc.o(i.adc_ordinary_oversample_enable), (14 bytes).
    Removing at32f435_437_adc.o(i.adc_ordinary_oversample_restart_set), (14 bytes).
    Removing at32f435_437_adc.o(i.adc_ordinary_oversample_trig_enable), (14 bytes).
    Removing at32f435_437_adc.o(i.adc_ordinary_part_count_set), (12 bytes).
    Removing at32f435_437_adc.o(i.adc_ordinary_part_mode_enable), (10 bytes).
    Removing at32f435_437_adc.o(i.adc_ordinary_software_trigger_enable), (10 bytes).
    Removing at32f435_437_adc.o(i.adc_ordinary_software_trigger_status_get), (18 bytes).
    Removing at32f435_437_adc.o(i.adc_oversample_ratio_shift_set), (22 bytes).
    Removing at32f435_437_adc.o(i.adc_preempt_auto_mode_enable), (10 bytes).
    Removing at32f435_437_adc.o(i.adc_preempt_channel_length_set), (12 bytes).
    Removing at32f435_437_adc.o(i.adc_preempt_channel_set), (142 bytes).
    Removing at32f435_437_adc.o(i.adc_preempt_conversion_data_get), (50 bytes).
    Removing at32f435_437_adc.o(i.adc_preempt_conversion_trigger_set), (52 bytes).
    Removing at32f435_437_adc.o(i.adc_preempt_offset_value_set), (62 bytes).
    Removing at32f435_437_adc.o(i.adc_preempt_oversample_enable), (14 bytes).
    Removing at32f435_437_adc.o(i.adc_preempt_part_mode_enable), (10 bytes).
    Removing at32f435_437_adc.o(i.adc_preempt_software_trigger_enable), (18 bytes).
    Removing at32f435_437_adc.o(i.adc_preempt_software_trigger_status_get), (18 bytes).
    Removing at32f435_437_adc.o(i.adc_reset), (24 bytes).
    Removing at32f435_437_adc.o(i.adc_resolution_set), (10 bytes).
    Removing at32f435_437_adc.o(i.adc_voltage_battery_enable), (24 bytes).
    Removing at32f435_437_adc.o(i.adc_voltage_monitor_enable), (32 bytes).
    Removing at32f435_437_adc.o(i.adc_voltage_monitor_single_channel_select), (10 bytes).
    Removing at32f435_437_adc.o(i.adc_voltage_monitor_threshold_value_set), (18 bytes).
    Removing at32f435_437_can.o(.rev16_text), (4 bytes).
    Removing at32f435_437_can.o(.revsh_text), (4 bytes).
    Removing at32f435_437_can.o(.rrx_text), (6 bytes).
    Removing at32f435_437_can.o(i.can_base_init), (188 bytes).
    Removing at32f435_437_can.o(i.can_baudrate_default_para_init), (16 bytes).
    Removing at32f435_437_can.o(i.can_baudrate_set), (146 bytes).
    Removing at32f435_437_can.o(i.can_debug_transmission_prohibit), (10 bytes).
    Removing at32f435_437_can.o(i.can_default_para_init), (18 bytes).
    Removing at32f435_437_can.o(i.can_doze_mode_enter), (74 bytes).
    Removing at32f435_437_can.o(i.can_doze_mode_exit), (44 bytes).
    Removing at32f435_437_can.o(i.can_error_type_record_get), (12 bytes).
    Removing at32f435_437_can.o(i.can_filter_default_para_init), (22 bytes).
    Removing at32f435_437_can.o(i.can_filter_init), (356 bytes).
    Removing at32f435_437_can.o(i.can_flag_clear), (124 bytes).
    Removing at32f435_437_can.o(i.can_flag_get), (240 bytes).
    Removing at32f435_437_can.o(i.can_interrupt_enable), (18 bytes).
    Removing at32f435_437_can.o(i.can_interrupt_flag_get), (260 bytes).
    Removing at32f435_437_can.o(i.can_message_receive), (240 bytes).
    Removing at32f435_437_can.o(i.can_message_transmit), (312 bytes).
    Removing at32f435_437_can.o(i.can_operating_mode_set), (222 bytes).
    Removing at32f435_437_can.o(i.can_receive_error_counter_get), (10 bytes).
    Removing at32f435_437_can.o(i.can_receive_fifo_release), (26 bytes).
    Removing at32f435_437_can.o(i.can_receive_message_pending_get), (34 bytes).
    Removing at32f435_437_can.o(i.can_reset), (68 bytes).
    Removing at32f435_437_can.o(i.can_transmit_cancel), (40 bytes).
    Removing at32f435_437_can.o(i.can_transmit_error_counter_get), (12 bytes).
    Removing at32f435_437_can.o(i.can_transmit_status_get), (108 bytes).
    Removing at32f435_437_can.o(i.can_ttc_mode_enable), (50 bytes).
    Removing at32f435_437_crc.o(.rev16_text), (4 bytes).
    Removing at32f435_437_crc.o(.revsh_text), (4 bytes).
    Removing at32f435_437_crc.o(.rrx_text), (6 bytes).
    Removing at32f435_437_crc.o(i.crc_block_calculate), (36 bytes).
    Removing at32f435_437_crc.o(i.crc_common_data_get), (12 bytes).
    Removing at32f435_437_crc.o(i.crc_common_data_set), (20 bytes).
    Removing at32f435_437_crc.o(i.crc_data_get), (12 bytes).
    Removing at32f435_437_crc.o(i.crc_data_reset), (20 bytes).
    Removing at32f435_437_crc.o(i.crc_init_data_set), (12 bytes).
    Removing at32f435_437_crc.o(i.crc_one_word_calculate), (16 bytes).
    Removing at32f435_437_crc.o(i.crc_poly_size_get), (16 bytes).
    Removing at32f435_437_crc.o(i.crc_poly_size_set), (20 bytes).
    Removing at32f435_437_crc.o(i.crc_poly_value_get), (12 bytes).
    Removing at32f435_437_crc.o(i.crc_poly_value_set), (12 bytes).
    Removing at32f435_437_crc.o(i.crc_reverse_input_data_set), (20 bytes).
    Removing at32f435_437_crc.o(i.crc_reverse_output_data_set), (20 bytes).
    Removing at32f435_437_crm.o(.rev16_text), (4 bytes).
    Removing at32f435_437_crm.o(.revsh_text), (4 bytes).
    Removing at32f435_437_crm.o(.rrx_text), (6 bytes).
    Removing at32f435_437_crm.o(i.crm_battery_powered_domain_reset), (20 bytes).
    Removing at32f435_437_crm.o(i.crm_clkout_div_set), (68 bytes).
    Removing at32f435_437_crm.o(i.crm_clkout_to_tmr10_enable), (20 bytes).
    Removing at32f435_437_crm.o(i.crm_clock_failure_detection_enable), (20 bytes).
    Removing at32f435_437_crm.o(i.crm_clock_out1_set), (20 bytes).
    Removing at32f435_437_crm.o(i.crm_clock_out2_set), (56 bytes).
    Removing at32f435_437_crm.o(i.crm_clocks_freq_get), (272 bytes).
    Removing at32f435_437_crm.o(i.crm_emac_output_pulse_set), (20 bytes).
    Removing at32f435_437_crm.o(i.crm_ertc_clock_enable), (20 bytes).
    Removing at32f435_437_crm.o(i.crm_ertc_clock_select), (36 bytes).
    Removing at32f435_437_crm.o(i.crm_flag_clear), (236 bytes).
    Removing at32f435_437_crm.o(i.crm_hext_bypass), (20 bytes).
    Removing at32f435_437_crm.o(i.crm_hick_clock_calibration_set), (48 bytes).
    Removing at32f435_437_crm.o(i.crm_hick_clock_trimming_set), (20 bytes).
    Removing at32f435_437_crm.o(i.crm_hick_divider_select), (20 bytes).
    Removing at32f435_437_crm.o(i.crm_hick_sclk_frequency_select), (28 bytes).
    Removing at32f435_437_crm.o(i.crm_interrupt_enable), (32 bytes).
    Removing at32f435_437_crm.o(i.crm_interrupt_flag_get), (180 bytes).
    Removing at32f435_437_crm.o(i.crm_lext_bypass), (20 bytes).
    Removing at32f435_437_crm.o(i.crm_periph_lowpower_mode_enable), (76 bytes).
    Removing at32f435_437_crm.o(i.crm_periph_reset), (76 bytes).
    Removing at32f435_437_crm.o(i.crm_pll_parameter_calculate), (232 bytes).
    Removing at32f435_437_crm.o(i.crm_usb_clock_div_set), (20 bytes).
    Removing at32f435_437_crm.o(i.crm_usb_clock_source_select), (32 bytes).
    Removing at32f435_437_crm.o(.constdata), (38 bytes).
    Removing at32f435_437_dac.o(.rev16_text), (4 bytes).
    Removing at32f435_437_dac.o(.revsh_text), (4 bytes).
    Removing at32f435_437_dac.o(.rrx_text), (6 bytes).
    Removing at32f435_437_dac.o(i.dac_1_data_set), (4 bytes).
    Removing at32f435_437_dac.o(i.dac_2_data_set), (4 bytes).
    Removing at32f435_437_dac.o(i.dac_data_output_get), (48 bytes).
    Removing at32f435_437_dac.o(i.dac_dma_enable), (48 bytes).
    Removing at32f435_437_dac.o(i.dac_dual_data_set), (52 bytes).
    Removing at32f435_437_dac.o(i.dac_dual_software_trigger_generate), (20 bytes).
    Removing at32f435_437_dac.o(i.dac_enable), (48 bytes).
    Removing at32f435_437_dac.o(i.dac_mask_amplitude_select), (48 bytes).
    Removing at32f435_437_dac.o(i.dac_output_buffer_enable), (60 bytes).
    Removing at32f435_437_dac.o(i.dac_reset), (24 bytes).
    Removing at32f435_437_dac.o(i.dac_software_trigger_generate), (52 bytes).
    Removing at32f435_437_dac.o(i.dac_trigger_enable), (48 bytes).
    Removing at32f435_437_dac.o(i.dac_trigger_select), (48 bytes).
    Removing at32f435_437_dac.o(i.dac_udr_enable), (48 bytes).
    Removing at32f435_437_dac.o(i.dac_udr_flag_clear), (40 bytes).
    Removing at32f435_437_dac.o(i.dac_udr_flag_get), (52 bytes).
    Removing at32f435_437_dac.o(i.dac_udr_interrupt_flag_get), (76 bytes).
    Removing at32f435_437_dac.o(i.dac_wave_generate), (48 bytes).
    Removing at32f435_437_debug.o(.rev16_text), (4 bytes).
    Removing at32f435_437_debug.o(.revsh_text), (4 bytes).
    Removing at32f435_437_debug.o(.rrx_text), (6 bytes).
    Removing at32f435_437_debug.o(i.debug_apb1_periph_mode_set), (32 bytes).
    Removing at32f435_437_debug.o(i.debug_apb2_periph_mode_set), (32 bytes).
    Removing at32f435_437_debug.o(i.debug_device_id_get), (12 bytes).
    Removing at32f435_437_debug.o(i.debug_low_power_mode_set), (32 bytes).
    Removing at32f435_437_dma.o(.rev16_text), (4 bytes).
    Removing at32f435_437_dma.o(.revsh_text), (4 bytes).
    Removing at32f435_437_dma.o(.rrx_text), (6 bytes).
    Removing at32f435_437_dma.o(i.dma_channel_enable), (10 bytes).
    Removing at32f435_437_dma.o(i.dma_data_number_get), (8 bytes).
    Removing at32f435_437_dma.o(i.dma_data_number_set), (4 bytes).
    Removing at32f435_437_dma.o(i.dma_default_para_init), (24 bytes).
    Removing at32f435_437_dma.o(i.dma_flag_clear), (32 bytes).
    Removing at32f435_437_dma.o(i.dma_flag_get), (44 bytes).
    Removing at32f435_437_dma.o(i.dma_flexible_config), (24 bytes).
    Removing at32f435_437_dma.o(i.dma_init), (98 bytes).
    Removing at32f435_437_dma.o(i.dma_interrupt_enable), (18 bytes).
    Removing at32f435_437_dma.o(i.dma_reset), (112 bytes).
    Removing at32f435_437_dma.o(i.dmamux_enable), (14 bytes).
    Removing at32f435_437_dma.o(i.dmamux_generator_config), (44 bytes).
    Removing at32f435_437_dma.o(i.dmamux_generator_default_para_init), (12 bytes).
    Removing at32f435_437_dma.o(i.dmamux_generator_flag_clear), (6 bytes).
    Removing at32f435_437_dma.o(i.dmamux_generator_flag_get), (18 bytes).
    Removing at32f435_437_dma.o(i.dmamux_generator_interrupt_enable), (26 bytes).
    Removing at32f435_437_dma.o(i.dmamux_init), (10 bytes).
    Removing at32f435_437_dma.o(i.dmamux_sync_config), (54 bytes).
    Removing at32f435_437_dma.o(i.dmamux_sync_default_para_init), (14 bytes).
    Removing at32f435_437_dma.o(i.dmamux_sync_flag_clear), (6 bytes).
    Removing at32f435_437_dma.o(i.dmamux_sync_flag_get), (18 bytes).
    Removing at32f435_437_dma.o(i.dmamux_sync_interrupt_enable), (26 bytes).
    Removing at32f435_437_dvp.o(.rev16_text), (4 bytes).
    Removing at32f435_437_dvp.o(.revsh_text), (4 bytes).
    Removing at32f435_437_dvp.o(.rrx_text), (6 bytes).
    Removing at32f435_437_dvp.o(i.dvp_basic_frame_rate_control_set), (20 bytes).
    Removing at32f435_437_dvp.o(i.dvp_basic_status_get), (28 bytes).
    Removing at32f435_437_dvp.o(i.dvp_capture_enable), (20 bytes).
    Removing at32f435_437_dvp.o(i.dvp_capture_mode_set), (20 bytes).
    Removing at32f435_437_dvp.o(i.dvp_dma_burst_set), (20 bytes).
    Removing at32f435_437_dvp.o(i.dvp_enable), (20 bytes).
    Removing at32f435_437_dvp.o(i.dvp_enhanced_data_format_set), (20 bytes).
    Removing at32f435_437_dvp.o(i.dvp_enhanced_framerate_set), (52 bytes).
    Removing at32f435_437_dvp.o(i.dvp_enhanced_scaling_resize_enable), (20 bytes).
    Removing at32f435_437_dvp.o(i.dvp_enhanced_scaling_resize_set), (52 bytes).
    Removing at32f435_437_dvp.o(i.dvp_flag_clear), (16 bytes).
    Removing at32f435_437_dvp.o(i.dvp_flag_get), (48 bytes).
    Removing at32f435_437_dvp.o(i.dvp_hsync_polarity_set), (20 bytes).
    Removing at32f435_437_dvp.o(i.dvp_input_data_unused_set), (28 bytes).
    Removing at32f435_437_dvp.o(i.dvp_interrupt_enable), (32 bytes).
    Removing at32f435_437_dvp.o(i.dvp_jpeg_enable), (20 bytes).
    Removing at32f435_437_dvp.o(i.dvp_monochrome_image_binarization_set), (28 bytes).
    Removing at32f435_437_dvp.o(i.dvp_pclk_polarity_set), (20 bytes).
    Removing at32f435_437_dvp.o(i.dvp_pixel_data_length_set), (20 bytes).
    Removing at32f435_437_dvp.o(i.dvp_reset), (24 bytes).
    Removing at32f435_437_dvp.o(i.dvp_sync_code_set), (24 bytes).
    Removing at32f435_437_dvp.o(i.dvp_sync_event_interrupt_set), (28 bytes).
    Removing at32f435_437_dvp.o(i.dvp_sync_mode_set), (20 bytes).
    Removing at32f435_437_dvp.o(i.dvp_sync_unmask_set), (24 bytes).
    Removing at32f435_437_dvp.o(i.dvp_vsync_polarity_set), (20 bytes).
    Removing at32f435_437_dvp.o(i.dvp_window_crop_enable), (20 bytes).
    Removing at32f435_437_dvp.o(i.dvp_window_crop_set), (40 bytes).
    Removing at32f435_437_dvp.o(i.dvp_zoomout_select), (20 bytes).
    Removing at32f435_437_dvp.o(i.dvp_zoomout_set), (52 bytes).
    Removing at32f435_437_edma.o(.rev16_text), (4 bytes).
    Removing at32f435_437_edma.o(.revsh_text), (4 bytes).
    Removing at32f435_437_edma.o(.rrx_text), (6 bytes).
    Removing at32f435_437_edma.o(i.edma_2d_enable), (60 bytes).
    Removing at32f435_437_edma.o(i.edma_2d_init), (18 bytes).
    Removing at32f435_437_edma.o(i.edma_data_number_get), (8 bytes).
    Removing at32f435_437_edma.o(i.edma_data_number_set), (4 bytes).
    Removing at32f435_437_edma.o(i.edma_default_para_init), (32 bytes).
    Removing at32f435_437_edma.o(i.edma_double_buffer_mode_enable), (26 bytes).
    Removing at32f435_437_edma.o(i.edma_double_buffer_mode_init), (28 bytes).
    Removing at32f435_437_edma.o(i.edma_fifo_status_get), (10 bytes).
    Removing at32f435_437_edma.o(i.edma_flag_clear), (28 bytes).
    Removing at32f435_437_edma.o(i.edma_flag_get), (36 bytes).
    Removing at32f435_437_edma.o(i.edma_flow_controller_enable), (10 bytes).
    Removing at32f435_437_edma.o(i.edma_init), (124 bytes).
    Removing at32f435_437_edma.o(i.edma_interrupt_enable), (48 bytes).
    Removing at32f435_437_edma.o(i.edma_link_list_enable), (60 bytes).
    Removing at32f435_437_edma.o(i.edma_link_list_init), (4 bytes).
    Removing at32f435_437_edma.o(i.edma_memory_addr_set), (10 bytes).
    Removing at32f435_437_edma.o(i.edma_memory_target_get), (10 bytes).
    Removing at32f435_437_edma.o(i.edma_peripheral_inc_offset_set), (10 bytes).
    Removing at32f435_437_edma.o(i.edma_reset), (176 bytes).
    Removing at32f435_437_edma.o(i.edma_stream_enable), (10 bytes).
    Removing at32f435_437_edma.o(i.edma_stream_status_get), (18 bytes).
    Removing at32f435_437_edma.o(i.edmamux_enable), (24 bytes).
    Removing at32f435_437_edma.o(i.edmamux_generator_config), (42 bytes).
    Removing at32f435_437_edma.o(i.edmamux_generator_default_para_init), (12 bytes).
    Removing at32f435_437_edma.o(i.edmamux_generator_flag_clear), (12 bytes).
    Removing at32f435_437_edma.o(i.edmamux_generator_flag_get), (24 bytes).
    Removing at32f435_437_edma.o(i.edmamux_generator_interrupt_enable), (26 bytes).
    Removing at32f435_437_edma.o(i.edmamux_init), (10 bytes).
    Removing at32f435_437_edma.o(i.edmamux_sync_config), (52 bytes).
    Removing at32f435_437_edma.o(i.edmamux_sync_default_para_init), (14 bytes).
    Removing at32f435_437_edma.o(i.edmamux_sync_flag_clear), (12 bytes).
    Removing at32f435_437_edma.o(i.edmamux_sync_flag_get), (24 bytes).
    Removing at32f435_437_edma.o(i.edmamux_sync_interrupt_enable), (26 bytes).
    Removing at32f435_437_emac.o(.rev16_text), (4 bytes).
    Removing at32f435_437_emac.o(.revsh_text), (4 bytes).
    Removing at32f435_437_emac.o(.rrx_text), (6 bytes).
    Removing at32f435_437_ertc.o(.rev16_text), (4 bytes).
    Removing at32f435_437_ertc.o(.revsh_text), (4 bytes).
    Removing at32f435_437_ertc.o(.rrx_text), (6 bytes).
    Removing at32f435_437_ertc.o(i.ertc_alarm_enable), (84 bytes).
    Removing at32f435_437_ertc.o(i.ertc_alarm_get), (120 bytes).
    Removing at32f435_437_ertc.o(i.ertc_alarm_mask_set), (52 bytes).
    Removing at32f435_437_ertc.o(i.ertc_alarm_set), (132 bytes).
    Removing at32f435_437_ertc.o(i.ertc_alarm_sub_second_get), (32 bytes).
    Removing at32f435_437_ertc.o(i.ertc_alarm_sub_second_set), (72 bytes).
    Removing at32f435_437_ertc.o(i.ertc_alarm_week_date_select), (52 bytes).
    Removing at32f435_437_ertc.o(i.ertc_bcd_to_num), (20 bytes).
    Removing at32f435_437_ertc.o(i.ertc_bpr_data_read), (28 bytes).
    Removing at32f435_437_ertc.o(i.ertc_bpr_data_write), (24 bytes).
    Removing at32f435_437_ertc.o(i.ertc_cal_output_enable), (32 bytes).
    Removing at32f435_437_ertc.o(i.ertc_cal_output_select), (32 bytes).
    Removing at32f435_437_ertc.o(i.ertc_calendar_get), (112 bytes).
    Removing at32f435_437_ertc.o(i.ertc_coarse_calibration_enable), (48 bytes).
    Removing at32f435_437_ertc.o(i.ertc_coarse_calibration_set), (60 bytes).
    Removing at32f435_437_ertc.o(i.ertc_date_set), (120 bytes).
    Removing at32f435_437_ertc.o(i.ertc_daylight_bpr_get), (16 bytes).
    Removing at32f435_437_ertc.o(i.ertc_daylight_set), (68 bytes).
    Removing at32f435_437_ertc.o(i.ertc_direct_read_enable), (32 bytes).
    Removing at32f435_437_ertc.o(i.ertc_divider_set), (60 bytes).
    Removing at32f435_437_ertc.o(i.ertc_flag_clear), (28 bytes).
    Removing at32f435_437_ertc.o(i.ertc_flag_get), (24 bytes).
    Removing at32f435_437_ertc.o(i.ertc_hour_mode_set), (48 bytes).
    Removing at32f435_437_ertc.o(i.ertc_init_mode_enter), (60 bytes).
    Removing at32f435_437_ertc.o(i.ertc_init_mode_exit), (16 bytes).
    Removing at32f435_437_ertc.o(i.ertc_interrupt_enable), (92 bytes).
    Removing at32f435_437_ertc.o(i.ertc_interrupt_flag_get), (144 bytes).
    Removing at32f435_437_ertc.o(i.ertc_interrupt_get), (48 bytes).
    Removing at32f435_437_ertc.o(i.ertc_num_to_bcd), (36 bytes).
    Removing at32f435_437_ertc.o(i.ertc_output_set), (60 bytes).
    Removing at32f435_437_ertc.o(i.ertc_refer_clock_detect_enable), (48 bytes).
    Removing at32f435_437_ertc.o(i.ertc_reset), (128 bytes).
    Removing at32f435_437_ertc.o(i.ertc_smooth_calibration_config), (112 bytes).
    Removing at32f435_437_ertc.o(i.ertc_sub_second_get), (20 bytes).
    Removing at32f435_437_ertc.o(i.ertc_tamper_1_pin_select), (32 bytes).
    Removing at32f435_437_ertc.o(i.ertc_tamper_detect_freq_set), (32 bytes).
    Removing at32f435_437_ertc.o(i.ertc_tamper_enable), (48 bytes).
    Removing at32f435_437_ertc.o(i.ertc_tamper_filter_set), (32 bytes).
    Removing at32f435_437_ertc.o(i.ertc_tamper_precharge_set), (32 bytes).
    Removing at32f435_437_ertc.o(i.ertc_tamper_pull_up_enable), (40 bytes).
    Removing at32f435_437_ertc.o(i.ertc_tamper_timestamp_enable), (32 bytes).
    Removing at32f435_437_ertc.o(i.ertc_tamper_valid_edge_set), (48 bytes).
    Removing at32f435_437_ertc.o(i.ertc_time_adjust), (92 bytes).
    Removing at32f435_437_ertc.o(i.ertc_time_set), (120 bytes).
    Removing at32f435_437_ertc.o(i.ertc_timestamp_enable), (32 bytes).
    Removing at32f435_437_ertc.o(i.ertc_timestamp_get), (108 bytes).
    Removing at32f435_437_ertc.o(i.ertc_timestamp_pin_select), (32 bytes).
    Removing at32f435_437_ertc.o(i.ertc_timestamp_sub_second_get), (12 bytes).
    Removing at32f435_437_ertc.o(i.ertc_timestamp_valid_edge_set), (32 bytes).
    Removing at32f435_437_ertc.o(i.ertc_wait_flag), (38 bytes).
    Removing at32f435_437_ertc.o(i.ertc_wait_update), (56 bytes).
    Removing at32f435_437_ertc.o(i.ertc_wakeup_clock_set), (32 bytes).
    Removing at32f435_437_ertc.o(i.ertc_wakeup_counter_get), (12 bytes).
    Removing at32f435_437_ertc.o(i.ertc_wakeup_counter_set), (32 bytes).
    Removing at32f435_437_ertc.o(i.ertc_wakeup_enable), (52 bytes).
    Removing at32f435_437_ertc.o(i.ertc_write_protect_disable), (16 bytes).
    Removing at32f435_437_ertc.o(i.ertc_write_protect_enable), (12 bytes).
    Removing at32f435_437_exint.o(.rev16_text), (4 bytes).
    Removing at32f435_437_exint.o(.revsh_text), (4 bytes).
    Removing at32f435_437_exint.o(.rrx_text), (6 bytes).
    Removing at32f435_437_exint.o(i.exint_default_para_init), (14 bytes).
    Removing at32f435_437_exint.o(i.exint_event_enable), (32 bytes).
    Removing at32f435_437_exint.o(i.exint_flag_clear), (12 bytes).
    Removing at32f435_437_exint.o(i.exint_flag_get), (28 bytes).
    Removing at32f435_437_exint.o(i.exint_init), (152 bytes).
    Removing at32f435_437_exint.o(i.exint_interrupt_enable), (32 bytes).
    Removing at32f435_437_exint.o(i.exint_interrupt_flag_get), (40 bytes).
    Removing at32f435_437_exint.o(i.exint_reset), (40 bytes).
    Removing at32f435_437_exint.o(i.exint_software_interrupt_event_generate), (16 bytes).
    Removing at32f435_437_flash.o(.rev16_text), (4 bytes).
    Removing at32f435_437_flash.o(.revsh_text), (4 bytes).
    Removing at32f435_437_flash.o(.rrx_text), (6 bytes).
    Removing at32f435_437_flash.o(i.flash_bank1_erase), (60 bytes).
    Removing at32f435_437_flash.o(i.flash_bank1_lock), (20 bytes).
    Removing at32f435_437_flash.o(i.flash_bank1_operation_status_get), (52 bytes).
    Removing at32f435_437_flash.o(i.flash_bank1_operation_wait_for), (36 bytes).
    Removing at32f435_437_flash.o(i.flash_bank1_unlock), (24 bytes).
    Removing at32f435_437_flash.o(i.flash_bank2_erase), (60 bytes).
    Removing at32f435_437_flash.o(i.flash_bank2_lock), (20 bytes).
    Removing at32f435_437_flash.o(i.flash_bank2_operation_status_get), (52 bytes).
    Removing at32f435_437_flash.o(i.flash_bank2_operation_wait_for), (36 bytes).
    Removing at32f435_437_flash.o(i.flash_bank2_unlock), (24 bytes).
    Removing at32f435_437_flash.o(i.flash_block_erase), (156 bytes).
    Removing at32f435_437_flash.o(i.flash_byte_program), (132 bytes).
    Removing at32f435_437_flash.o(i.flash_continue_read_enable), (20 bytes).
    Removing at32f435_437_flash.o(i.flash_crc_calibrate), (64 bytes).
    Removing at32f435_437_flash.o(i.flash_eopb0_config), (100 bytes).
    Removing at32f435_437_flash.o(i.flash_epp_set), (352 bytes).
    Removing at32f435_437_flash.o(i.flash_epp_status_get), (20 bytes).
    Removing at32f435_437_flash.o(i.flash_fap_enable), (168 bytes).
    Removing at32f435_437_flash.o(i.flash_fap_status_get), (16 bytes).
    Removing at32f435_437_flash.o(i.flash_flag_clear), (44 bytes).
    Removing at32f435_437_flash.o(i.flash_flag_get), (80 bytes).
    Removing at32f435_437_flash.o(i.flash_halfword_program), (132 bytes).
    Removing at32f435_437_flash.o(i.flash_internal_all_erase), (116 bytes).
    Removing at32f435_437_flash.o(i.flash_interrupt_enable), (88 bytes).
    Removing at32f435_437_flash.o(i.flash_lock), (40 bytes).
    Removing at32f435_437_flash.o(i.flash_nzw_boost_enable), (20 bytes).
    Removing at32f435_437_flash.o(i.flash_operation_status_get), (52 bytes).
    Removing at32f435_437_flash.o(i.flash_operation_wait_for), (36 bytes).
    Removing at32f435_437_flash.o(i.flash_sector_erase), (156 bytes).
    Removing at32f435_437_flash.o(i.flash_slib_disable), (52 bytes).
    Removing at32f435_437_flash.o(i.flash_slib_enable), (152 bytes).
    Removing at32f435_437_flash.o(i.flash_slib_end_sector_get), (12 bytes).
    Removing at32f435_437_flash.o(i.flash_slib_inststart_sector_get), (12 bytes).
    Removing at32f435_437_flash.o(i.flash_slib_remaining_count_get), (16 bytes).
    Removing at32f435_437_flash.o(i.flash_slib_start_sector_get), (12 bytes).
    Removing at32f435_437_flash.o(i.flash_slib_state_get), (24 bytes).
    Removing at32f435_437_flash.o(i.flash_ssb_set), (100 bytes).
    Removing at32f435_437_flash.o(i.flash_ssb_status_get), (16 bytes).
    Removing at32f435_437_flash.o(i.flash_unlock), (36 bytes).
    Removing at32f435_437_flash.o(i.flash_user_system_data_erase), (164 bytes).
    Removing at32f435_437_flash.o(i.flash_user_system_data_program), (116 bytes).
    Removing at32f435_437_flash.o(i.flash_word_program), (132 bytes).
    Removing at32f435_437_flash.o(.constdata), (8 bytes).
    Removing at32f435_437_gpio.o(.rev16_text), (4 bytes).
    Removing at32f435_437_gpio.o(.revsh_text), (4 bytes).
    Removing at32f435_437_gpio.o(.rrx_text), (6 bytes).
    Removing at32f435_437_gpio.o(i.gpio_bits_reset), (4 bytes).
    Removing at32f435_437_gpio.o(i.gpio_bits_set), (4 bytes).
    Removing at32f435_437_gpio.o(i.gpio_bits_write), (10 bytes).
    Removing at32f435_437_gpio.o(i.gpio_default_para_init), (20 bytes).
    Removing at32f435_437_gpio.o(i.gpio_init), (122 bytes).
    Removing at32f435_437_gpio.o(i.gpio_input_data_bit_read), (18 bytes).
    Removing at32f435_437_gpio.o(i.gpio_input_data_read), (8 bytes).
    Removing at32f435_437_gpio.o(i.gpio_output_data_bit_read), (18 bytes).
    Removing at32f435_437_gpio.o(i.gpio_output_data_read), (8 bytes).
    Removing at32f435_437_gpio.o(i.gpio_pin_mux_config), (66 bytes).
    Removing at32f435_437_gpio.o(i.gpio_pin_wp_config), (18 bytes).
    Removing at32f435_437_gpio.o(i.gpio_pins_huge_driven_config), (18 bytes).
    Removing at32f435_437_gpio.o(i.gpio_port_write), (4 bytes).
    Removing at32f435_437_gpio.o(i.gpio_reset), (256 bytes).
    Removing at32f435_437_i2c.o(.rev16_text), (4 bytes).
    Removing at32f435_437_i2c.o(.revsh_text), (4 bytes).
    Removing at32f435_437_i2c.o(.rrx_text), (6 bytes).
    Removing at32f435_437_i2c.o(i.i2c_ack_enable), (18 bytes).
    Removing at32f435_437_i2c.o(i.i2c_addr10_header_enable), (10 bytes).
    Removing at32f435_437_i2c.o(i.i2c_addr10_mode_enable), (10 bytes).
    Removing at32f435_437_i2c.o(i.i2c_auto_stop_enable), (10 bytes).
    Removing at32f435_437_i2c.o(i.i2c_clock_stretch_enable), (18 bytes).
    Removing at32f435_437_i2c.o(i.i2c_cnt_set), (10 bytes).
    Removing at32f435_437_i2c.o(i.i2c_data_receive), (8 bytes).
    Removing at32f435_437_i2c.o(i.i2c_data_send), (4 bytes).
    Removing at32f435_437_i2c.o(i.i2c_dma_enable), (22 bytes).
    Removing at32f435_437_i2c.o(i.i2c_enable), (10 bytes).
    Removing at32f435_437_i2c.o(i.i2c_ext_timeout_enable), (10 bytes).
    Removing at32f435_437_i2c.o(i.i2c_ext_timeout_set), (10 bytes).
    Removing at32f435_437_i2c.o(i.i2c_flag_clear), (4 bytes).
    Removing at32f435_437_i2c.o(i.i2c_flag_get), (16 bytes).
    Removing at32f435_437_i2c.o(i.i2c_general_call_enable), (10 bytes).
    Removing at32f435_437_i2c.o(i.i2c_init), (20 bytes).
    Removing at32f435_437_i2c.o(i.i2c_interrupt_enable), (18 bytes).
    Removing at32f435_437_i2c.o(i.i2c_interrupt_flag_get), (190 bytes).
    Removing at32f435_437_i2c.o(i.i2c_interrupt_get), (16 bytes).
    Removing at32f435_437_i2c.o(i.i2c_matched_addr_get), (12 bytes).
    Removing at32f435_437_i2c.o(i.i2c_own_address1_set), (30 bytes).
    Removing at32f435_437_i2c.o(i.i2c_own_address2_enable), (10 bytes).
    Removing at32f435_437_i2c.o(i.i2c_own_address2_set), (22 bytes).
    Removing at32f435_437_i2c.o(i.i2c_pec_calculate_enable), (10 bytes).
    Removing at32f435_437_i2c.o(i.i2c_pec_transmit_enable), (10 bytes).
    Removing at32f435_437_i2c.o(i.i2c_pec_value_get), (8 bytes).
    Removing at32f435_437_i2c.o(i.i2c_reload_enable), (10 bytes).
    Removing at32f435_437_i2c.o(i.i2c_reset), (100 bytes).
    Removing at32f435_437_i2c.o(i.i2c_slave_data_ctrl_enable), (10 bytes).
    Removing at32f435_437_i2c.o(i.i2c_smbus_alert_set), (10 bytes).
    Removing at32f435_437_i2c.o(i.i2c_smbus_enable), (34 bytes).
    Removing at32f435_437_i2c.o(i.i2c_start_generate), (14 bytes).
    Removing at32f435_437_i2c.o(i.i2c_stop_generate), (14 bytes).
    Removing at32f435_437_i2c.o(i.i2c_timeout_detcet_set), (10 bytes).
    Removing at32f435_437_i2c.o(i.i2c_timeout_enable), (10 bytes).
    Removing at32f435_437_i2c.o(i.i2c_timeout_set), (10 bytes).
    Removing at32f435_437_i2c.o(i.i2c_transfer_addr_get), (10 bytes).
    Removing at32f435_437_i2c.o(i.i2c_transfer_addr_set), (10 bytes).
    Removing at32f435_437_i2c.o(i.i2c_transfer_dir_get), (18 bytes).
    Removing at32f435_437_i2c.o(i.i2c_transfer_dir_set), (10 bytes).
    Removing at32f435_437_i2c.o(i.i2c_transmit_set), (32 bytes).
    Removing at32f435_437_misc.o(.rev16_text), (4 bytes).
    Removing at32f435_437_misc.o(.revsh_text), (4 bytes).
    Removing at32f435_437_misc.o(.rrx_text), (6 bytes).
    Removing at32f435_437_misc.o(i.nvic_irq_disable), (44 bytes).
    Removing at32f435_437_misc.o(i.nvic_irq_enable), (200 bytes).
    Removing at32f435_437_misc.o(i.nvic_lowpower_mode_config), (32 bytes).
    Removing at32f435_437_misc.o(i.nvic_priority_group_config), (40 bytes).
    Removing at32f435_437_misc.o(i.nvic_system_reset), (44 bytes).
    Removing at32f435_437_misc.o(i.nvic_vector_table_set), (20 bytes).
    Removing at32f435_437_misc.o(i.systick_clock_source_config), (40 bytes).
    Removing at32f435_437_pwc.o(.rev16_text), (4 bytes).
    Removing at32f435_437_pwc.o(.revsh_text), (4 bytes).
    Removing at32f435_437_pwc.o(.rrx_text), (6 bytes).
    Removing at32f435_437_pwc.o(i.pwc_battery_powered_domain_access), (20 bytes).
    Removing at32f435_437_pwc.o(i.pwc_deep_sleep_mode_enter), (48 bytes).
    Removing at32f435_437_pwc.o(i.pwc_flag_clear), (48 bytes).
    Removing at32f435_437_pwc.o(i.pwc_flag_get), (24 bytes).
    Removing at32f435_437_pwc.o(i.pwc_power_voltage_monitor_enable), (20 bytes).
    Removing at32f435_437_pwc.o(i.pwc_pvm_level_select), (20 bytes).
    Removing at32f435_437_pwc.o(i.pwc_reset), (24 bytes).
    Removing at32f435_437_pwc.o(i.pwc_sleep_mode_enter), (36 bytes).
    Removing at32f435_437_pwc.o(i.pwc_standby_mode_enter), (56 bytes).
    Removing at32f435_437_pwc.o(i.pwc_voltage_regulate_set), (20 bytes).
    Removing at32f435_437_pwc.o(i.pwc_wakeup_pin_enable), (32 bytes).
    Removing at32f435_437_qspi.o(.rev16_text), (4 bytes).
    Removing at32f435_437_qspi.o(.revsh_text), (4 bytes).
    Removing at32f435_437_qspi.o(.rrx_text), (6 bytes).
    Removing at32f435_437_qspi.o(i.qspi_busy_config), (10 bytes).
    Removing at32f435_437_qspi.o(i.qspi_byte_read), (8 bytes).
    Removing at32f435_437_qspi.o(i.qspi_byte_write), (6 bytes).
    Removing at32f435_437_qspi.o(i.qspi_clk_division_set), (10 bytes).
    Removing at32f435_437_qspi.o(i.qspi_cmd_operation_kick), (76 bytes).
    Removing at32f435_437_qspi.o(i.qspi_dma_enable), (10 bytes).
    Removing at32f435_437_qspi.o(i.qspi_dma_rx_threshold_set), (10 bytes).
    Removing at32f435_437_qspi.o(i.qspi_dma_tx_threshold_set), (10 bytes).
    Removing at32f435_437_qspi.o(i.qspi_encryption_enable), (10 bytes).
    Removing at32f435_437_qspi.o(i.qspi_flag_clear), (6 bytes).
    Removing at32f435_437_qspi.o(i.qspi_flag_get), (48 bytes).
    Removing at32f435_437_qspi.o(i.qspi_half_word_read), (8 bytes).
    Removing at32f435_437_qspi.o(i.qspi_half_word_write), (6 bytes).
    Removing at32f435_437_qspi.o(i.qspi_interrupt_enable), (10 bytes).
    Removing at32f435_437_qspi.o(i.qspi_interrupt_flag_get), (34 bytes).
    Removing at32f435_437_qspi.o(i.qspi_reset), (68 bytes).
    Removing at32f435_437_qspi.o(i.qspi_sck_mode_set), (10 bytes).
    Removing at32f435_437_qspi.o(i.qspi_word_read), (8 bytes).
    Removing at32f435_437_qspi.o(i.qspi_word_write), (6 bytes).
    Removing at32f435_437_qspi.o(i.qspi_xip_cache_bypass_set), (10 bytes).
    Removing at32f435_437_qspi.o(i.qspi_xip_enable), (124 bytes).
    Removing at32f435_437_qspi.o(i.qspi_xip_init), (90 bytes).
    Removing at32f435_437_scfg.o(.rev16_text), (4 bytes).
    Removing at32f435_437_scfg.o(.revsh_text), (4 bytes).
    Removing at32f435_437_scfg.o(.rrx_text), (6 bytes).
    Removing at32f435_437_scfg.o(i.scfg_emac_interface_set), (20 bytes).
    Removing at32f435_437_scfg.o(i.scfg_exint_line_config), (180 bytes).
    Removing at32f435_437_scfg.o(i.scfg_infrared_config), (28 bytes).
    Removing at32f435_437_scfg.o(i.scfg_mem_map_set), (20 bytes).
    Removing at32f435_437_scfg.o(i.scfg_pins_ultra_driven_enable), (76 bytes).
    Removing at32f435_437_scfg.o(i.scfg_reset), (24 bytes).
    Removing at32f435_437_scfg.o(i.scfg_xmc_mapping_swap_set), (20 bytes).
    Removing at32f435_437_sdio.o(.rev16_text), (4 bytes).
    Removing at32f435_437_sdio.o(.revsh_text), (4 bytes).
    Removing at32f435_437_sdio.o(.rrx_text), (6 bytes).
    Removing at32f435_437_sdio.o(i.sdio_buffer_counter_get), (6 bytes).
    Removing at32f435_437_sdio.o(i.sdio_bus_width_config), (10 bytes).
    Removing at32f435_437_sdio.o(i.sdio_clock_bypass), (10 bytes).
    Removing at32f435_437_sdio.o(i.sdio_clock_config), (30 bytes).
    Removing at32f435_437_sdio.o(i.sdio_clock_enable), (10 bytes).
    Removing at32f435_437_sdio.o(i.sdio_command_config), (56 bytes).
    Removing at32f435_437_sdio.o(i.sdio_command_response_get), (10 bytes).
    Removing at32f435_437_sdio.o(i.sdio_command_state_machine_enable), (10 bytes).
    Removing at32f435_437_sdio.o(i.sdio_data_config), (56 bytes).
    Removing at32f435_437_sdio.o(i.sdio_data_counter_get), (6 bytes).
    Removing at32f435_437_sdio.o(i.sdio_data_read), (8 bytes).
    Removing at32f435_437_sdio.o(i.sdio_data_state_machine_enable), (10 bytes).
    Removing at32f435_437_sdio.o(i.sdio_data_write), (6 bytes).
    Removing at32f435_437_sdio.o(i.sdio_dma_enable), (10 bytes).
    Removing at32f435_437_sdio.o(i.sdio_flag_clear), (4 bytes).
    Removing at32f435_437_sdio.o(i.sdio_flag_get), (20 bytes).
    Removing at32f435_437_sdio.o(i.sdio_flow_control_enable), (10 bytes).
    Removing at32f435_437_sdio.o(i.sdio_interrupt_enable), (20 bytes).
    Removing at32f435_437_sdio.o(i.sdio_interrupt_flag_get), (20 bytes).
    Removing at32f435_437_sdio.o(i.sdio_io_function_enable), (10 bytes).
    Removing at32f435_437_sdio.o(i.sdio_io_suspend_command_set), (10 bytes).
    Removing at32f435_437_sdio.o(i.sdio_power_saving_mode_enable), (10 bytes).
    Removing at32f435_437_sdio.o(i.sdio_power_set), (10 bytes).
    Removing at32f435_437_sdio.o(i.sdio_power_status_get), (10 bytes).
    Removing at32f435_437_sdio.o(i.sdio_read_wait_mode_set), (10 bytes).
    Removing at32f435_437_sdio.o(i.sdio_read_wait_start), (10 bytes).
    Removing at32f435_437_sdio.o(i.sdio_read_wait_stop), (10 bytes).
    Removing at32f435_437_sdio.o(i.sdio_reset), (28 bytes).
    Removing at32f435_437_sdio.o(i.sdio_response_get), (42 bytes).
    Removing at32f435_437_spi.o(.rev16_text), (4 bytes).
    Removing at32f435_437_spi.o(.revsh_text), (4 bytes).
    Removing at32f435_437_spi.o(.rrx_text), (6 bytes).
    Removing at32f435_437_spi.o(i.i2s_default_para_init), (22 bytes).
    Removing at32f435_437_spi.o(i.i2s_enable), (10 bytes).
    Removing at32f435_437_spi.o(i.i2s_init), (550 bytes).
    Removing at32f435_437_spi.o(i.spi_crc_enable), (10 bytes).
    Removing at32f435_437_spi.o(i.spi_crc_next_transmit), (14 bytes).
    Removing at32f435_437_spi.o(i.spi_crc_polynomial_get), (8 bytes).
    Removing at32f435_437_spi.o(i.spi_crc_polynomial_set), (10 bytes).
    Removing at32f435_437_spi.o(i.spi_crc_value_get), (18 bytes).
    Removing at32f435_437_spi.o(i.spi_default_para_init), (22 bytes).
    Removing at32f435_437_spi.o(i.spi_enable), (10 bytes).
    Removing at32f435_437_spi.o(i.spi_frame_bit_num_set), (10 bytes).
    Removing at32f435_437_spi.o(i.spi_half_duplex_direction_set), (10 bytes).
    Removing at32f435_437_spi.o(i.spi_hardware_cs_output_enable), (10 bytes).
    Removing at32f435_437_spi.o(i.spi_i2s_data_receive), (8 bytes).
    Removing at32f435_437_spi.o(i.spi_i2s_data_transmit), (4 bytes).
    Removing at32f435_437_spi.o(i.spi_i2s_dma_receiver_enable), (10 bytes).
    Removing at32f435_437_spi.o(i.spi_i2s_dma_transmitter_enable), (10 bytes).
    Removing at32f435_437_spi.o(i.spi_i2s_flag_clear), (58 bytes).
    Removing at32f435_437_spi.o(i.spi_i2s_flag_get), (16 bytes).
    Removing at32f435_437_spi.o(i.spi_i2s_interrupt_enable), (18 bytes).
    Removing at32f435_437_spi.o(i.spi_i2s_interrupt_flag_get), (186 bytes).
    Removing at32f435_437_spi.o(i.spi_i2s_reset), (132 bytes).
    Removing at32f435_437_spi.o(i.spi_init), (344 bytes).
    Removing at32f435_437_spi.o(i.spi_software_cs_internal_level_set), (10 bytes).
    Removing at32f435_437_spi.o(i.spi_ti_mode_enable), (10 bytes).
    Removing at32f435_437_tmr.o(.rev16_text), (4 bytes).
    Removing at32f435_437_tmr.o(.revsh_text), (4 bytes).
    Removing at32f435_437_tmr.o(.rrx_text), (6 bytes).
    Removing at32f435_437_tmr.o(i.tmr_32_bit_function_enable), (28 bytes).
    Removing at32f435_437_tmr.o(i.tmr_base_init), (16 bytes).
    Removing at32f435_437_tmr.o(i.tmr_brkdt_config), (72 bytes).
    Removing at32f435_437_tmr.o(i.tmr_brkdt_default_para_init), (18 bytes).
    Removing at32f435_437_tmr.o(i.tmr_channel1_input_select), (10 bytes).
    Removing at32f435_437_tmr.o(i.tmr_channel_buffer_enable), (10 bytes).
    Removing at32f435_437_tmr.o(i.tmr_channel_dma_select), (10 bytes).
    Removing at32f435_437_tmr.o(i.tmr_channel_enable), (96 bytes).
    Removing at32f435_437_tmr.o(i.tmr_channel_value_get), (50 bytes).
    Removing at32f435_437_tmr.o(i.tmr_channel_value_set), (46 bytes).
    Removing at32f435_437_tmr.o(i.tmr_clock_source_div_set), (10 bytes).
    Removing at32f435_437_tmr.o(i.tmr_cnt_dir_set), (10 bytes).
    Removing at32f435_437_tmr.o(i.tmr_counter_enable), (10 bytes).
    Removing at32f435_437_tmr.o(i.tmr_counter_value_get), (6 bytes).
    Removing at32f435_437_tmr.o(i.tmr_counter_value_set), (4 bytes).
    Removing at32f435_437_tmr.o(i.tmr_div_value_get), (6 bytes).
    Removing at32f435_437_tmr.o(i.tmr_div_value_set), (4 bytes).
    Removing at32f435_437_tmr.o(i.tmr_dma_control_config), (18 bytes).
    Removing at32f435_437_tmr.o(i.tmr_dma_request_enable), (22 bytes).
    Removing at32f435_437_tmr.o(i.tmr_encoder_mode_config), (70 bytes).
    Removing at32f435_437_tmr.o(i.tmr_event_sw_trigger), (8 bytes).
    Removing at32f435_437_tmr.o(i.tmr_external_clock_config), (28 bytes).
    Removing at32f435_437_tmr.o(i.tmr_external_clock_mode1_config), (44 bytes).
    Removing at32f435_437_tmr.o(i.tmr_external_clock_mode2_config), (36 bytes).
    Removing at32f435_437_tmr.o(i.tmr_flag_clear), (6 bytes).
    Removing at32f435_437_tmr.o(i.tmr_flag_get), (18 bytes).
    Removing at32f435_437_tmr.o(i.tmr_force_output_set), (76 bytes).
    Removing at32f435_437_tmr.o(i.tmr_hall_select), (10 bytes).
    Removing at32f435_437_tmr.o(i.tmr_input_channel_divider_set), (66 bytes).
    Removing at32f435_437_tmr.o(i.tmr_input_channel_filter_set), (66 bytes).
    Removing at32f435_437_tmr.o(i.tmr_input_channel_init), (304 bytes).
    Removing at32f435_437_tmr.o(i.tmr_input_default_para_init), (16 bytes).
    Removing at32f435_437_tmr.o(i.tmr_internal_clock_set), (10 bytes).
    Removing at32f435_437_tmr.o(i.tmr_interrupt_enable), (22 bytes).
    Removing at32f435_437_tmr.o(i.tmr_interrupt_flag_get), (24 bytes).
    Removing at32f435_437_tmr.o(i.tmr_iremap_config), (36 bytes).
    Removing at32f435_437_tmr.o(i.tmr_one_cycle_mode_enable), (10 bytes).
    Removing at32f435_437_tmr.o(i.tmr_output_channel_buffer_enable), (76 bytes).
    Removing at32f435_437_tmr.o(i.tmr_output_channel_config), (434 bytes).
    Removing at32f435_437_tmr.o(i.tmr_output_channel_immediately_set), (76 bytes).
    Removing at32f435_437_tmr.o(i.tmr_output_channel_mode_select), (76 bytes).
    Removing at32f435_437_tmr.o(i.tmr_output_channel_polarity_set), (96 bytes).
    Removing at32f435_437_tmr.o(i.tmr_output_channel_switch_set), (76 bytes).
    Removing at32f435_437_tmr.o(i.tmr_output_default_para_init), (18 bytes).
    Removing at32f435_437_tmr.o(i.tmr_output_enable), (10 bytes).
    Removing at32f435_437_tmr.o(i.tmr_overflow_event_disable), (10 bytes).
    Removing at32f435_437_tmr.o(i.tmr_overflow_request_source_set), (10 bytes).
    Removing at32f435_437_tmr.o(i.tmr_period_buffer_enable), (10 bytes).
    Removing at32f435_437_tmr.o(i.tmr_period_value_get), (6 bytes).
    Removing at32f435_437_tmr.o(i.tmr_period_value_set), (4 bytes).
    Removing at32f435_437_tmr.o(i.tmr_primary_mode_select), (10 bytes).
    Removing at32f435_437_tmr.o(i.tmr_pwm_input_config), (350 bytes).
    Removing at32f435_437_tmr.o(i.tmr_repetition_counter_set), (10 bytes).
    Removing at32f435_437_tmr.o(i.tmr_reset), (480 bytes).
    Removing at32f435_437_tmr.o(i.tmr_sub_mode_select), (10 bytes).
    Removing at32f435_437_tmr.o(i.tmr_sub_sync_mode_set), (10 bytes).
    Removing at32f435_437_tmr.o(i.tmr_trgout2_enable), (10 bytes).
    Removing at32f435_437_tmr.o(i.tmr_trigger_input_select), (10 bytes).
    Removing at32f435_437_usart.o(.rev16_text), (4 bytes).
    Removing at32f435_437_usart.o(.revsh_text), (4 bytes).
    Removing at32f435_437_usart.o(.rrx_text), (6 bytes).
    Removing at32f435_437_usart.o(i.usart_break_bit_num_set), (10 bytes).
    Removing at32f435_437_usart.o(i.usart_break_send), (12 bytes).
    Removing at32f435_437_usart.o(i.usart_clock_config), (28 bytes).
    Removing at32f435_437_usart.o(i.usart_clock_enable), (10 bytes).
    Removing at32f435_437_usart.o(i.usart_data_receive), (8 bytes).
    Removing at32f435_437_usart.o(i.usart_data_transmit), (8 bytes).
    Removing at32f435_437_usart.o(i.usart_de_polarity_set), (10 bytes).
    Removing at32f435_437_usart.o(i.usart_dma_receiver_enable), (10 bytes).
    Removing at32f435_437_usart.o(i.usart_dma_transmitter_enable), (10 bytes).
    Removing at32f435_437_usart.o(i.usart_enable), (10 bytes).
    Removing at32f435_437_usart.o(i.usart_flag_clear), (18 bytes).
    Removing at32f435_437_usart.o(i.usart_flag_get), (16 bytes).
    Removing at32f435_437_usart.o(i.usart_hardware_flow_control_set), (102 bytes).
    Removing at32f435_437_usart.o(i.usart_id_bit_num_set), (10 bytes).
    Removing at32f435_437_usart.o(i.usart_init), (172 bytes).
    Removing at32f435_437_usart.o(i.usart_interrupt_enable), (54 bytes).
    Removing at32f435_437_usart.o(i.usart_interrupt_flag_get), (176 bytes).
    Removing at32f435_437_usart.o(i.usart_irda_low_power_enable), (10 bytes).
    Removing at32f435_437_usart.o(i.usart_irda_mode_enable), (10 bytes).
    Removing at32f435_437_usart.o(i.usart_irda_smartcard_division_set), (10 bytes).
    Removing at32f435_437_usart.o(i.usart_lin_mode_enable), (10 bytes).
    Removing at32f435_437_usart.o(i.usart_parity_selection_config), (76 bytes).
    Removing at32f435_437_usart.o(i.usart_receiver_enable), (10 bytes).
    Removing at32f435_437_usart.o(i.usart_receiver_mute_enable), (10 bytes).
    Removing at32f435_437_usart.o(i.usart_reset), (260 bytes).
    Removing at32f435_437_usart.o(i.usart_rs485_delay_time_config), (18 bytes).
    Removing at32f435_437_usart.o(i.usart_rs485_mode_enable), (10 bytes).
    Removing at32f435_437_usart.o(i.usart_single_line_halfduplex_select), (10 bytes).
    Removing at32f435_437_usart.o(i.usart_smartcard_guard_time_set), (10 bytes).
    Removing at32f435_437_usart.o(i.usart_smartcard_mode_enable), (10 bytes).
    Removing at32f435_437_usart.o(i.usart_smartcard_nack_set), (10 bytes).
    Removing at32f435_437_usart.o(i.usart_transmit_receive_pin_swap), (10 bytes).
    Removing at32f435_437_usart.o(i.usart_transmitter_enable), (10 bytes).
    Removing at32f435_437_usart.o(i.usart_wakeup_id_set), (46 bytes).
    Removing at32f435_437_usart.o(i.usart_wakeup_mode_set), (10 bytes).
    Removing at32f435_437_usb.o(.rev16_text), (4 bytes).
    Removing at32f435_437_usb.o(.revsh_text), (4 bytes).
    Removing at32f435_437_usb.o(.rrx_text), (6 bytes).
    Removing at32f435_437_usb.o(i.usb_connect), (18 bytes).
    Removing at32f435_437_usb.o(i.usb_disconnect), (20 bytes).
    Removing at32f435_437_usb.o(i.usb_ept0_setup), (34 bytes).
    Removing at32f435_437_usb.o(i.usb_ept0_start), (44 bytes).
    Removing at32f435_437_usb.o(i.usb_ept_clear_stall), (146 bytes).
    Removing at32f435_437_usb.o(i.usb_ept_close), (100 bytes).
    Removing at32f435_437_usb.o(i.usb_ept_in_clear), (12 bytes).
    Removing at32f435_437_usb.o(i.usb_ept_in_interrupt), (44 bytes).
    Removing at32f435_437_usb.o(i.usb_ept_open), (416 bytes).
    Removing at32f435_437_usb.o(i.usb_ept_out_clear), (12 bytes).
    Removing at32f435_437_usb.o(i.usb_ept_out_interrupt), (22 bytes).
    Removing at32f435_437_usb.o(i.usb_ept_stall), (146 bytes).
    Removing at32f435_437_usb.o(i.usb_flush_rx_fifo), (44 bytes).
    Removing at32f435_437_usb.o(i.usb_flush_tx_fifo), (56 bytes).
    Removing at32f435_437_usb.o(i.usb_get_all_in_interrupt), (18 bytes).
    Removing at32f435_437_usb.o(i.usb_get_all_out_interrupt), (18 bytes).
    Removing at32f435_437_usb.o(i.usb_global_clear_interrupt), (4 bytes).
    Removing at32f435_437_usb.o(i.usb_global_get_all_interrupt), (10 bytes).
    Removing at32f435_437_usb.o(i.usb_global_init), (24 bytes).
    Removing at32f435_437_usb.o(i.usb_global_interrupt_enable), (20 bytes).
    Removing at32f435_437_usb.o(i.usb_global_power_on), (36 bytes).
    Removing at32f435_437_usb.o(i.usb_global_reset), (76 bytes).
    Removing at32f435_437_usb.o(i.usb_global_select_core), (20 bytes).
    Removing at32f435_437_usb.o(i.usb_global_set_mode), (68 bytes).
    Removing at32f435_437_usb.o(i.usb_hc_enable), (276 bytes).
    Removing at32f435_437_usb.o(i.usb_hch_halt), (196 bytes).
    Removing at32f435_437_usb.o(i.usb_hch_read_interrupt), (12 bytes).
    Removing at32f435_437_usb.o(i.usb_host_disable), (180 bytes).
    Removing at32f435_437_usb.o(i.usb_interrupt_disable), (10 bytes).
    Removing at32f435_437_usb.o(i.usb_interrupt_enable), (12 bytes).
    Removing at32f435_437_usb.o(i.usb_open_phy_clk), (14 bytes).
    Removing at32f435_437_usb.o(i.usb_port_power_on), (36 bytes).
    Removing at32f435_437_usb.o(i.usb_read_packet), (42 bytes).
    Removing at32f435_437_usb.o(i.usb_remote_wkup_clear), (18 bytes).
    Removing at32f435_437_usb.o(i.usb_remote_wkup_set), (20 bytes).
    Removing at32f435_437_usb.o(i.usb_set_address), (14 bytes).
    Removing at32f435_437_usb.o(i.usb_set_rx_fifo), (4 bytes).
    Removing at32f435_437_usb.o(i.usb_set_tx_fifo), (66 bytes).
    Removing at32f435_437_usb.o(i.usb_stop_phy_clk), (16 bytes).
    Removing at32f435_437_usb.o(i.usb_suspend_status_get), (14 bytes).
    Removing at32f435_437_usb.o(i.usb_write_packet), (48 bytes).
    Removing at32f435_437_usb.o(i.usbh_fsls_clksel), (34 bytes).
    Removing at32f435_437_usb.o(i.usbh_get_frame), (12 bytes).
    Removing at32f435_437_wdt.o(.rev16_text), (4 bytes).
    Removing at32f435_437_wdt.o(.revsh_text), (4 bytes).
    Removing at32f435_437_wdt.o(.rrx_text), (6 bytes).
    Removing at32f435_437_wdt.o(i.wdt_counter_reload), (16 bytes).
    Removing at32f435_437_wdt.o(i.wdt_divider_set), (20 bytes).
    Removing at32f435_437_wdt.o(i.wdt_enable), (16 bytes).
    Removing at32f435_437_wdt.o(i.wdt_flag_get), (24 bytes).
    Removing at32f435_437_wdt.o(i.wdt_register_write_enable), (24 bytes).
    Removing at32f435_437_wdt.o(i.wdt_reload_value_set), (12 bytes).
    Removing at32f435_437_wdt.o(i.wdt_window_counter_set), (20 bytes).
    Removing at32f435_437_wwdt.o(.rev16_text), (4 bytes).
    Removing at32f435_437_wwdt.o(.revsh_text), (4 bytes).
    Removing at32f435_437_wwdt.o(.rrx_text), (6 bytes).
    Removing at32f435_437_wwdt.o(i.wwdt_counter_set), (20 bytes).
    Removing at32f435_437_wwdt.o(i.wwdt_divider_set), (20 bytes).
    Removing at32f435_437_wwdt.o(i.wwdt_enable), (16 bytes).
    Removing at32f435_437_wwdt.o(i.wwdt_flag_clear), (12 bytes).
    Removing at32f435_437_wwdt.o(i.wwdt_flag_get), (16 bytes).
    Removing at32f435_437_wwdt.o(i.wwdt_interrupt_enable), (24 bytes).
    Removing at32f435_437_wwdt.o(i.wwdt_interrupt_flag_get), (36 bytes).
    Removing at32f435_437_wwdt.o(i.wwdt_reset), (24 bytes).
    Removing at32f435_437_wwdt.o(i.wwdt_window_counter_set), (20 bytes).
    Removing at32f435_437_xmc.o(.rev16_text), (4 bytes).
    Removing at32f435_437_xmc.o(.revsh_text), (4 bytes).
    Removing at32f435_437_xmc.o(.rrx_text), (6 bytes).
    Removing at32f435_437_xmc.o(i.xmc_ecc_get), (24 bytes).
    Removing at32f435_437_xmc.o(i.xmc_ext_timing_config), (44 bytes).
    Removing at32f435_437_xmc.o(i.xmc_flag_clear), (128 bytes).
    Removing at32f435_437_xmc.o(i.xmc_flag_status_get), (64 bytes).
    Removing at32f435_437_xmc.o(i.xmc_interrupt_enable), (164 bytes).
    Removing at32f435_437_xmc.o(i.xmc_interrupt_flag_status_get), (324 bytes).
    Removing at32f435_437_xmc.o(i.xmc_nand_default_para_init), (18 bytes).
    Removing at32f435_437_xmc.o(i.xmc_nand_ecc_enable), (44 bytes).
    Removing at32f435_437_xmc.o(i.xmc_nand_enable), (44 bytes).
    Removing at32f435_437_xmc.o(i.xmc_nand_init), (56 bytes).
    Removing at32f435_437_xmc.o(i.xmc_nand_reset), (64 bytes).
    Removing at32f435_437_xmc.o(i.xmc_nand_timing_config), (80 bytes).
    Removing at32f435_437_xmc.o(i.xmc_nand_timing_default_para_init), (30 bytes).
    Removing at32f435_437_xmc.o(i.xmc_nor_sram_enable), (22 bytes).
    Removing at32f435_437_xmc.o(i.xmc_nor_sram_init), (90 bytes).
    Removing at32f435_437_xmc.o(i.xmc_nor_sram_reset), (56 bytes).
    Removing at32f435_437_xmc.o(i.xmc_nor_sram_timing_config), (124 bytes).
    Removing at32f435_437_xmc.o(i.xmc_norsram_default_para_init), (42 bytes).
    Removing at32f435_437_xmc.o(i.xmc_norsram_timing_default_para_init), (56 bytes).
    Removing at32f435_437_xmc.o(i.xmc_pccard_default_para_init), (10 bytes).
    Removing at32f435_437_xmc.o(i.xmc_pccard_enable), (24 bytes).
    Removing at32f435_437_xmc.o(i.xmc_pccard_init), (28 bytes).
    Removing at32f435_437_xmc.o(i.xmc_pccard_reset), (40 bytes).
    Removing at32f435_437_xmc.o(i.xmc_pccard_timing_config), (84 bytes).
    Removing at32f435_437_xmc.o(i.xmc_pccard_timing_default_para_init), (44 bytes).
    Removing at32f435_437_xmc.o(i.xmc_sdram_auto_refresh_set), (24 bytes).
    Removing at32f435_437_xmc.o(i.xmc_sdram_cmd), (28 bytes).
    Removing at32f435_437_xmc.o(i.xmc_sdram_default_para_init), (50 bytes).
    Removing at32f435_437_xmc.o(i.xmc_sdram_init), (608 bytes).
    Removing at32f435_437_xmc.o(i.xmc_sdram_refresh_counter_set), (24 bytes).
    Removing at32f435_437_xmc.o(i.xmc_sdram_reset), (52 bytes).
    Removing at32f435_437_xmc.o(i.xmc_sdram_status_get), (28 bytes).
    Removing at32f435_437_clock.o(.rev16_text), (4 bytes).
    Removing at32f435_437_clock.o(.revsh_text), (4 bytes).
    Removing at32f435_437_clock.o(.rrx_text), (6 bytes).
    Removing at32f435_437_int.o(.rev16_text), (4 bytes).
    Removing at32f435_437_int.o(.revsh_text), (4 bytes).
    Removing at32f435_437_int.o(.rrx_text), (6 bytes).
    Removing system_at32f435_437.o(.rev16_text), (4 bytes).
    Removing system_at32f435_437.o(.revsh_text), (4 bytes).
    Removing system_at32f435_437.o(.rrx_text), (6 bytes).
    Removing startup_at32f435_437.o(HEAP), (512 bytes).
    Removing main.o(.rev16_text), (4 bytes).
    Removing main.o(.revsh_text), (4 bytes).
    Removing main.o(.rrx_text), (6 bytes).

777 unused section(s) (total 31542 bytes) removed from the image.

==============================================================================

Image Symbol Table

    Local Symbols

    Symbol Name                              Value     Ov Type        Size  Object(Section)

    ../clib/microlib/division.c              0x00000000   Number         0  uldiv.o ABSOLUTE
    ../clib/microlib/init/entry.s            0x00000000   Number         0  entry2.o ABSOLUTE
    ../clib/microlib/init/entry.s            0x00000000   Number         0  entry5.o ABSOLUTE
    ../clib/microlib/init/entry.s            0x00000000   Number         0  entry7a.o ABSOLUTE
    ../clib/microlib/init/entry.s            0x00000000   Number         0  entry7b.o ABSOLUTE
    ../clib/microlib/init/entry.s            0x00000000   Number         0  entry8a.o ABSOLUTE
    ../clib/microlib/init/entry.s            0x00000000   Number         0  entry8b.o ABSOLUTE
    ../clib/microlib/init/entry.s            0x00000000   Number         0  entry.o ABSOLUTE
    ../clib/microlib/init/entry.s            0x00000000   Number         0  entry9a.o ABSOLUTE
    ../clib/microlib/init/entry.s            0x00000000   Number         0  entry10a.o ABSOLUTE
    ../clib/microlib/init/entry.s            0x00000000   Number         0  entry10b.o ABSOLUTE
    ../clib/microlib/init/entry.s            0x00000000   Number         0  entry11a.o ABSOLUTE
    ../clib/microlib/init/entry.s            0x00000000   Number         0  entry9b.o ABSOLUTE
    ../clib/microlib/init/entry.s            0x00000000   Number         0  entry11b.o ABSOLUTE
    ../clib/microlib/longlong.c              0x00000000   Number         0  llshl.o ABSOLUTE
    ../clib/microlib/longlong.c              0x00000000   Number         0  llushr.o ABSOLUTE
    ..\..\UsrApp\main.c                      0x00000000   Number         0  main.o ABSOLUTE
    ..\..\bsp\cmsis\cm4\device_support\startup\mdk\startup_at32f435_437.s 0x00000000   Number         0  startup_at32f435_437.o ABSOLUTE
    ..\..\bsp\cmsis\cm4\device_support\system_at32f435_437.c 0x00000000   Number         0  system_at32f435_437.o ABSOLUTE
    ..\..\bsp\drivers\src\at32f435_437_acc.c 0x00000000   Number         0  at32f435_437_acc.o ABSOLUTE
    ..\..\bsp\drivers\src\at32f435_437_adc.c 0x00000000   Number         0  at32f435_437_adc.o ABSOLUTE
    ..\..\bsp\drivers\src\at32f435_437_can.c 0x00000000   Number         0  at32f435_437_can.o ABSOLUTE
    ..\..\bsp\drivers\src\at32f435_437_crc.c 0x00000000   Number         0  at32f435_437_crc.o ABSOLUTE
    ..\..\bsp\drivers\src\at32f435_437_crm.c 0x00000000   Number         0  at32f435_437_crm.o ABSOLUTE
    ..\..\bsp\drivers\src\at32f435_437_dac.c 0x00000000   Number         0  at32f435_437_dac.o ABSOLUTE
    ..\..\bsp\drivers\src\at32f435_437_debug.c 0x00000000   Number         0  at32f435_437_debug.o ABSOLUTE
    ..\..\bsp\drivers\src\at32f435_437_dma.c 0x00000000   Number         0  at32f435_437_dma.o ABSOLUTE
    ..\..\bsp\drivers\src\at32f435_437_dvp.c 0x00000000   Number         0  at32f435_437_dvp.o ABSOLUTE
    ..\..\bsp\drivers\src\at32f435_437_edma.c 0x00000000   Number         0  at32f435_437_edma.o ABSOLUTE
    ..\..\bsp\drivers\src\at32f435_437_emac.c 0x00000000   Number         0  at32f435_437_emac.o ABSOLUTE
    ..\..\bsp\drivers\src\at32f435_437_ertc.c 0x00000000   Number         0  at32f435_437_ertc.o ABSOLUTE
    ..\..\bsp\drivers\src\at32f435_437_exint.c 0x00000000   Number         0  at32f435_437_exint.o ABSOLUTE
    ..\..\bsp\drivers\src\at32f435_437_flash.c 0x00000000   Number         0  at32f435_437_flash.o ABSOLUTE
    ..\..\bsp\drivers\src\at32f435_437_gpio.c 0x00000000   Number         0  at32f435_437_gpio.o ABSOLUTE
    ..\..\bsp\drivers\src\at32f435_437_i2c.c 0x00000000   Number         0  at32f435_437_i2c.o ABSOLUTE
    ..\..\bsp\drivers\src\at32f435_437_misc.c 0x00000000   Number         0  at32f435_437_misc.o ABSOLUTE
    ..\..\bsp\drivers\src\at32f435_437_pwc.c 0x00000000   Number         0  at32f435_437_pwc.o ABSOLUTE
    ..\..\bsp\drivers\src\at32f435_437_qspi.c 0x00000000   Number         0  at32f435_437_qspi.o ABSOLUTE
    ..\..\bsp\drivers\src\at32f435_437_scfg.c 0x00000000   Number         0  at32f435_437_scfg.o ABSOLUTE
    ..\..\bsp\drivers\src\at32f435_437_sdio.c 0x00000000   Number         0  at32f435_437_sdio.o ABSOLUTE
    ..\..\bsp\drivers\src\at32f435_437_spi.c 0x00000000   Number         0  at32f435_437_spi.o ABSOLUTE
    ..\..\bsp\drivers\src\at32f435_437_tmr.c 0x00000000   Number         0  at32f435_437_tmr.o ABSOLUTE
    ..\..\bsp\drivers\src\at32f435_437_usart.c 0x00000000   Number         0  at32f435_437_usart.o ABSOLUTE
    ..\..\bsp\drivers\src\at32f435_437_usb.c 0x00000000   Number         0  at32f435_437_usb.o ABSOLUTE
    ..\..\bsp\drivers\src\at32f435_437_wdt.c 0x00000000   Number         0  at32f435_437_wdt.o ABSOLUTE
    ..\..\bsp\drivers\src\at32f435_437_wwdt.c 0x00000000   Number         0  at32f435_437_wwdt.o ABSOLUTE
    ..\..\bsp\drivers\src\at32f435_437_xmc.c 0x00000000   Number         0  at32f435_437_xmc.o ABSOLUTE
    ..\..\bsp\platform\src\at32f435_437_clock.c 0x00000000   Number         0  at32f435_437_clock.o ABSOLUTE
    ..\..\bsp\platform\src\at32f435_437_int.c 0x00000000   Number         0  at32f435_437_int.o ABSOLUTE
    ..\\..\\UsrApp\\main.c                   0x00000000   Number         0  main.o ABSOLUTE
    ..\\..\\bsp\\cmsis\\cm4\\device_support\\system_at32f435_437.c 0x00000000   Number         0  system_at32f435_437.o ABSOLUTE
    ..\\..\\bsp\\drivers\\src\\at32f435_437_acc.c 0x00000000   Number         0  at32f435_437_acc.o ABSOLUTE
    ..\\..\\bsp\\drivers\\src\\at32f435_437_adc.c 0x00000000   Number         0  at32f435_437_adc.o ABSOLUTE
    ..\\..\\bsp\\drivers\\src\\at32f435_437_can.c 0x00000000   Number         0  at32f435_437_can.o ABSOLUTE
    ..\\..\\bsp\\drivers\\src\\at32f435_437_crc.c 0x00000000   Number         0  at32f435_437_crc.o ABSOLUTE
    ..\\..\\bsp\\drivers\\src\\at32f435_437_crm.c 0x00000000   Number         0  at32f435_437_crm.o ABSOLUTE
    ..\\..\\bsp\\drivers\\src\\at32f435_437_dac.c 0x00000000   Number         0  at32f435_437_dac.o ABSOLUTE
    ..\\..\\bsp\\drivers\\src\\at32f435_437_debug.c 0x00000000   Number         0  at32f435_437_debug.o ABSOLUTE
    ..\\..\\bsp\\drivers\\src\\at32f435_437_dma.c 0x00000000   Number         0  at32f435_437_dma.o ABSOLUTE
    ..\\..\\bsp\\drivers\\src\\at32f435_437_dvp.c 0x00000000   Number         0  at32f435_437_dvp.o ABSOLUTE
    ..\\..\\bsp\\drivers\\src\\at32f435_437_edma.c 0x00000000   Number         0  at32f435_437_edma.o ABSOLUTE
    ..\\..\\bsp\\drivers\\src\\at32f435_437_emac.c 0x00000000   Number         0  at32f435_437_emac.o ABSOLUTE
    ..\\..\\bsp\\drivers\\src\\at32f435_437_ertc.c 0x00000000   Number         0  at32f435_437_ertc.o ABSOLUTE
    ..\\..\\bsp\\drivers\\src\\at32f435_437_exint.c 0x00000000   Number         0  at32f435_437_exint.o ABSOLUTE
    ..\\..\\bsp\\drivers\\src\\at32f435_437_flash.c 0x00000000   Number         0  at32f435_437_flash.o ABSOLUTE
    ..\\..\\bsp\\drivers\\src\\at32f435_437_gpio.c 0x00000000   Number         0  at32f435_437_gpio.o ABSOLUTE
    ..\\..\\bsp\\drivers\\src\\at32f435_437_i2c.c 0x00000000   Number         0  at32f435_437_i2c.o ABSOLUTE
    ..\\..\\bsp\\drivers\\src\\at32f435_437_misc.c 0x00000000   Number         0  at32f435_437_misc.o ABSOLUTE
    ..\\..\\bsp\\drivers\\src\\at32f435_437_pwc.c 0x00000000   Number         0  at32f435_437_pwc.o ABSOLUTE
    ..\\..\\bsp\\drivers\\src\\at32f435_437_qspi.c 0x00000000   Number         0  at32f435_437_qspi.o ABSOLUTE
    ..\\..\\bsp\\drivers\\src\\at32f435_437_scfg.c 0x00000000   Number         0  at32f435_437_scfg.o ABSOLUTE
    ..\\..\\bsp\\drivers\\src\\at32f435_437_sdio.c 0x00000000   Number         0  at32f435_437_sdio.o ABSOLUTE
    ..\\..\\bsp\\drivers\\src\\at32f435_437_spi.c 0x00000000   Number         0  at32f435_437_spi.o ABSOLUTE
    ..\\..\\bsp\\drivers\\src\\at32f435_437_tmr.c 0x00000000   Number         0  at32f435_437_tmr.o ABSOLUTE
    ..\\..\\bsp\\drivers\\src\\at32f435_437_usart.c 0x00000000   Number         0  at32f435_437_usart.o ABSOLUTE
    ..\\..\\bsp\\drivers\\src\\at32f435_437_usb.c 0x00000000   Number         0  at32f435_437_usb.o ABSOLUTE
    ..\\..\\bsp\\drivers\\src\\at32f435_437_wdt.c 0x00000000   Number         0  at32f435_437_wdt.o ABSOLUTE
    ..\\..\\bsp\\drivers\\src\\at32f435_437_wwdt.c 0x00000000   Number         0  at32f435_437_wwdt.o ABSOLUTE
    ..\\..\\bsp\\drivers\\src\\at32f435_437_xmc.c 0x00000000   Number         0  at32f435_437_xmc.o ABSOLUTE
    ..\\..\\bsp\\platform\\src\\at32f435_437_clock.c 0x00000000   Number         0  at32f435_437_clock.o ABSOLUTE
    ..\\..\\bsp\\platform\\src\\at32f435_437_int.c 0x00000000   Number         0  at32f435_437_int.o ABSOLUTE
    dc.s                                     0x00000000   Number         0  dc.o ABSOLUTE
    handlers.s                               0x00000000   Number         0  handlers.o ABSOLUTE
    init.s                                   0x00000000   Number         0  init.o ABSOLUTE
    RESET                                    0x08000000   Section      524  startup_at32f435_437.o(RESET)
    .ARM.Collect$$$$00000000                 0x0800020c   Section        0  entry.o(.ARM.Collect$$$$00000000)
    .ARM.Collect$$$$00000001                 0x0800020c   Section        4  entry2.o(.ARM.Collect$$$$00000001)
    .ARM.Collect$$$$00000004                 0x08000210   Section        4  entry5.o(.ARM.Collect$$$$00000004)
    .ARM.Collect$$$$00000008                 0x08000214   Section        0  entry7b.o(.ARM.Collect$$$$00000008)
    .ARM.Collect$$$$0000000A                 0x08000214   Section        0  entry8b.o(.ARM.Collect$$$$0000000A)
    .ARM.Collect$$$$0000000B                 0x08000214   Section        8  entry9a.o(.ARM.Collect$$$$0000000B)
    .ARM.Collect$$$$0000000D                 0x0800021c   Section        0  entry10a.o(.ARM.Collect$$$$0000000D)
    .ARM.Collect$$$$0000000F                 0x0800021c   Section        0  entry11a.o(.ARM.Collect$$$$0000000F)
    .ARM.Collect$$$$00002712                 0x0800021c   Section        4  entry2.o(.ARM.Collect$$$$00002712)
    __lit__00000000                          0x0800021c   Data           4  entry2.o(.ARM.Collect$$$$00002712)
    .text                                    0x08000220   Section       36  startup_at32f435_437.o(.text)
    $v0                                      0x08000220   Number         0  startup_at32f435_437.o(.text)
    .text                                    0x08000244   Section        0  uldiv.o(.text)
    .text                                    0x080002a6   Section        0  llshl.o(.text)
    .text                                    0x080002c4   Section        0  llushr.o(.text)
    .text                                    0x080002e4   Section       36  init.o(.text)
    i.BusFault_Handler                       0x08000308   Section        0  at32f435_437_int.o(i.BusFault_Handler)
    i.DebugMon_Handler                       0x0800030c   Section        0  at32f435_437_int.o(i.DebugMon_Handler)
    i.HardFault_Handler                      0x0800030e   Section        0  at32f435_437_int.o(i.HardFault_Handler)
    i.MemManage_Handler                      0x08000312   Section        0  at32f435_437_int.o(i.MemManage_Handler)
    i.NMI_Handler                            0x08000316   Section        0  at32f435_437_int.o(i.NMI_Handler)
    i.PendSV_Handler                         0x08000318   Section        0  at32f435_437_int.o(i.PendSV_Handler)
    i.SVC_Handler                            0x0800031a   Section        0  at32f435_437_int.o(i.SVC_Handler)
    i.SysTick_Handler                        0x0800031c   Section        0  at32f435_437_int.o(i.SysTick_Handler)
    i.SystemInit                             0x08000320   Section        0  system_at32f435_437.o(i.SystemInit)
    i.UsageFault_Handler                     0x080003b0   Section        0  at32f435_437_int.o(i.UsageFault_Handler)
    i.__scatterload_copy                     0x080003b4   Section       14  handlers.o(i.__scatterload_copy)
    i.__scatterload_null                     0x080003c2   Section        2  handlers.o(i.__scatterload_null)
    i.__scatterload_zeroinit                 0x080003c4   Section       14  handlers.o(i.__scatterload_zeroinit)
    i.crm_ahb_div_set                        0x080003d4   Section        0  at32f435_437_crm.o(i.crm_ahb_div_set)
    i.crm_apb1_div_set                       0x080003e8   Section        0  at32f435_437_crm.o(i.crm_apb1_div_set)
    i.crm_apb2_div_set                       0x080003fc   Section        0  at32f435_437_crm.o(i.crm_apb2_div_set)
    i.crm_auto_step_mode_enable              0x08000410   Section        0  at32f435_437_crm.o(i.crm_auto_step_mode_enable)
    i.crm_clock_source_enable                0x08000438   Section        0  at32f435_437_crm.o(i.crm_clock_source_enable)
    i.crm_flag_get                           0x080004a0   Section        0  at32f435_437_crm.o(i.crm_flag_get)
    i.crm_hext_stable_wait                   0x080004d0   Section        0  at32f435_437_crm.o(i.crm_hext_stable_wait)
    i.crm_periph_clock_enable                0x08000500   Section        0  at32f435_437_crm.o(i.crm_periph_clock_enable)
    i.crm_pll_config                         0x0800054c   Section        0  at32f435_437_crm.o(i.crm_pll_config)
    i.crm_reset                              0x08000594   Section        0  at32f435_437_crm.o(i.crm_reset)
    i.crm_sysclk_switch                      0x0800060c   Section        0  at32f435_437_crm.o(i.crm_sysclk_switch)
    i.crm_sysclk_switch_status_get           0x08000648   Section        0  at32f435_437_crm.o(i.crm_sysclk_switch_status_get)
    i.main                                   0x08000658   Section        0  main.o(i.main)
    i.system_clock_config                    0x08000660   Section        0  at32f435_437_clock.o(i.system_clock_config)
    i.system_core_clock_update               0x080006fc   Section        0  system_at32f435_437.o(i.system_core_clock_update)
    .constdata                               0x080007ec   Section       22  system_at32f435_437.o(.constdata)
    sys_ahb_div_table                        0x080007ec   Data          16  system_at32f435_437.o(.constdata)
    pll_fr_table                             0x080007fc   Data           6  system_at32f435_437.o(.constdata)
    .data                                    0x20000000   Section        4  system_at32f435_437.o(.data)
    STACK                                    0x20000008   Section     1024  startup_at32f435_437.o(STACK)

    Global Symbols

    Symbol Name                              Value     Ov Type        Size  Object(Section)

    BuildAttributes$$THM_ISAv4$E$P$D$K$B$S$7EM$VFPi3$EXTD16$VFPS$VFMA$PE$A:L22UL41UL21$X:L11$S22US41US21$IEEE1$IW$USESV6$~STKCKD$USESV7$~SHL$OSPACE$EBA8$MICROLIB$REQ8$PRES8$EABIv2 0x00000000   Number         0  anon$$obj.o ABSOLUTE
    __ARM_use_no_argv                        0x00000000   Number         0  main.o ABSOLUTE
    __cpp_initialize__aeabi_                  - Undefined Weak Reference
    __cxa_finalize                            - Undefined Weak Reference
    __decompress                              - Undefined Weak Reference
    _clock_init                               - Undefined Weak Reference
    _microlib_exit                            - Undefined Weak Reference
    __Vectors_Size                           0x0000020c   Number         0  startup_at32f435_437.o ABSOLUTE
    __Vectors                                0x08000000   Data           4  startup_at32f435_437.o(RESET)
    __Vectors_End                            0x0800020c   Data           0  startup_at32f435_437.o(RESET)
    __main                                   0x0800020d   Thumb Code     0  entry.o(.ARM.Collect$$$$00000000)
    _main_stk                                0x0800020d   Thumb Code     0  entry2.o(.ARM.Collect$$$$00000001)
    _main_scatterload                        0x08000211   Thumb Code     0  entry5.o(.ARM.Collect$$$$00000004)
    __main_after_scatterload                 0x08000215   Thumb Code     0  entry5.o(.ARM.Collect$$$$00000004)
    _main_clock                              0x08000215   Thumb Code     0  entry7b.o(.ARM.Collect$$$$00000008)
    _main_cpp_init                           0x08000215   Thumb Code     0  entry8b.o(.ARM.Collect$$$$0000000A)
    _main_init                               0x08000215   Thumb Code     0  entry9a.o(.ARM.Collect$$$$0000000B)
    __rt_final_cpp                           0x0800021d   Thumb Code     0  entry10a.o(.ARM.Collect$$$$0000000D)
    __rt_final_exit                          0x0800021d   Thumb Code     0  entry11a.o(.ARM.Collect$$$$0000000F)
    Reset_Handler                            0x08000221   Thumb Code     8  startup_at32f435_437.o(.text)
    ACC_IRQHandler                           0x0800023b   Thumb Code     0  startup_at32f435_437.o(.text)
    ADC1_2_3_IRQHandler                      0x0800023b   Thumb Code     0  startup_at32f435_437.o(.text)
    CAN1_RX0_IRQHandler                      0x0800023b   Thumb Code     0  startup_at32f435_437.o(.text)
    CAN1_RX1_IRQHandler                      0x0800023b   Thumb Code     0  startup_at32f435_437.o(.text)
    CAN1_SE_IRQHandler                       0x0800023b   Thumb Code     0  startup_at32f435_437.o(.text)
    CAN1_TX_IRQHandler                       0x0800023b   Thumb Code     0  startup_at32f435_437.o(.text)
    CAN2_RX0_IRQHandler                      0x0800023b   Thumb Code     0  startup_at32f435_437.o(.text)
    CAN2_RX1_IRQHandler                      0x0800023b   Thumb Code     0  startup_at32f435_437.o(.text)
    CAN2_SE_IRQHandler                       0x0800023b   Thumb Code     0  startup_at32f435_437.o(.text)
    CAN2_TX_IRQHandler                       0x0800023b   Thumb Code     0  startup_at32f435_437.o(.text)
    CRM_IRQHandler                           0x0800023b   Thumb Code     0  startup_at32f435_437.o(.text)
    DMA1_Channel1_IRQHandler                 0x0800023b   Thumb Code     0  startup_at32f435_437.o(.text)
    DMA1_Channel2_IRQHandler                 0x0800023b   Thumb Code     0  startup_at32f435_437.o(.text)
    DMA1_Channel3_IRQHandler                 0x0800023b   Thumb Code     0  startup_at32f435_437.o(.text)
    DMA1_Channel4_IRQHandler                 0x0800023b   Thumb Code     0  startup_at32f435_437.o(.text)
    DMA1_Channel5_IRQHandler                 0x0800023b   Thumb Code     0  startup_at32f435_437.o(.text)
    DMA1_Channel6_IRQHandler                 0x0800023b   Thumb Code     0  startup_at32f435_437.o(.text)
    DMA1_Channel7_IRQHandler                 0x0800023b   Thumb Code     0  startup_at32f435_437.o(.text)
    DMA2_Channel1_IRQHandler                 0x0800023b   Thumb Code     0  startup_at32f435_437.o(.text)
    DMA2_Channel2_IRQHandler                 0x0800023b   Thumb Code     0  startup_at32f435_437.o(.text)
    DMA2_Channel3_IRQHandler                 0x0800023b   Thumb Code     0  startup_at32f435_437.o(.text)
    DMA2_Channel4_IRQHandler                 0x0800023b   Thumb Code     0  startup_at32f435_437.o(.text)
    DMA2_Channel5_IRQHandler                 0x0800023b   Thumb Code     0  startup_at32f435_437.o(.text)
    DMA2_Channel6_IRQHandler                 0x0800023b   Thumb Code     0  startup_at32f435_437.o(.text)
    DMA2_Channel7_IRQHandler                 0x0800023b   Thumb Code     0  startup_at32f435_437.o(.text)
    DMAMUX_IRQHandler                        0x0800023b   Thumb Code     0  startup_at32f435_437.o(.text)
    DVP_IRQHandler                           0x0800023b   Thumb Code     0  startup_at32f435_437.o(.text)
    EDMA_Stream1_IRQHandler                  0x0800023b   Thumb Code     0  startup_at32f435_437.o(.text)
    EDMA_Stream2_IRQHandler                  0x0800023b   Thumb Code     0  startup_at32f435_437.o(.text)
    EDMA_Stream3_IRQHandler                  0x0800023b   Thumb Code     0  startup_at32f435_437.o(.text)
    EDMA_Stream4_IRQHandler                  0x0800023b   Thumb Code     0  startup_at32f435_437.o(.text)
    EDMA_Stream5_IRQHandler                  0x0800023b   Thumb Code     0  startup_at32f435_437.o(.text)
    EDMA_Stream6_IRQHandler                  0x0800023b   Thumb Code     0  startup_at32f435_437.o(.text)
    EDMA_Stream7_IRQHandler                  0x0800023b   Thumb Code     0  startup_at32f435_437.o(.text)
    EDMA_Stream8_IRQHandler                  0x0800023b   Thumb Code     0  startup_at32f435_437.o(.text)
    EMAC_IRQHandler                          0x0800023b   Thumb Code     0  startup_at32f435_437.o(.text)
    EMAC_WKUP_IRQHandler                     0x0800023b   Thumb Code     0  startup_at32f435_437.o(.text)
    ERTCAlarm_IRQHandler                     0x0800023b   Thumb Code     0  startup_at32f435_437.o(.text)
    ERTC_WKUP_IRQHandler                     0x0800023b   Thumb Code     0  startup_at32f435_437.o(.text)
    EXINT0_IRQHandler                        0x0800023b   Thumb Code     0  startup_at32f435_437.o(.text)
    EXINT15_10_IRQHandler                    0x0800023b   Thumb Code     0  startup_at32f435_437.o(.text)
    EXINT1_IRQHandler                        0x0800023b   Thumb Code     0  startup_at32f435_437.o(.text)
    EXINT2_IRQHandler                        0x0800023b   Thumb Code     0  startup_at32f435_437.o(.text)
    EXINT3_IRQHandler                        0x0800023b   Thumb Code     0  startup_at32f435_437.o(.text)
    EXINT4_IRQHandler                        0x0800023b   Thumb Code     0  startup_at32f435_437.o(.text)
    EXINT9_5_IRQHandler                      0x0800023b   Thumb Code     0  startup_at32f435_437.o(.text)
    FLASH_IRQHandler                         0x0800023b   Thumb Code     0  startup_at32f435_437.o(.text)
    FPU_IRQHandler                           0x0800023b   Thumb Code     0  startup_at32f435_437.o(.text)
    I2C1_ERR_IRQHandler                      0x0800023b   Thumb Code     0  startup_at32f435_437.o(.text)
    I2C1_EVT_IRQHandler                      0x0800023b   Thumb Code     0  startup_at32f435_437.o(.text)
    I2C2_ERR_IRQHandler                      0x0800023b   Thumb Code     0  startup_at32f435_437.o(.text)
    I2C2_EVT_IRQHandler                      0x0800023b   Thumb Code     0  startup_at32f435_437.o(.text)
    I2C3_ERR_IRQHandler                      0x0800023b   Thumb Code     0  startup_at32f435_437.o(.text)
    I2C3_EVT_IRQHandler                      0x0800023b   Thumb Code     0  startup_at32f435_437.o(.text)
    OTGFS1_IRQHandler                        0x0800023b   Thumb Code     0  startup_at32f435_437.o(.text)
    OTGFS1_WKUP_IRQHandler                   0x0800023b   Thumb Code     0  startup_at32f435_437.o(.text)
    OTGFS2_IRQHandler                        0x0800023b   Thumb Code     0  startup_at32f435_437.o(.text)
    OTGFS2_WKUP_IRQHandler                   0x0800023b   Thumb Code     0  startup_at32f435_437.o(.text)
    PVM_IRQHandler                           0x0800023b   Thumb Code     0  startup_at32f435_437.o(.text)
    QSPI1_IRQHandler                         0x0800023b   Thumb Code     0  startup_at32f435_437.o(.text)
    QSPI2_IRQHandler                         0x0800023b   Thumb Code     0  startup_at32f435_437.o(.text)
    SDIO1_IRQHandler                         0x0800023b   Thumb Code     0  startup_at32f435_437.o(.text)
    SDIO2_IRQHandler                         0x0800023b   Thumb Code     0  startup_at32f435_437.o(.text)
    SPI1_IRQHandler                          0x0800023b   Thumb Code     0  startup_at32f435_437.o(.text)
    SPI2_I2S2EXT_IRQHandler                  0x0800023b   Thumb Code     0  startup_at32f435_437.o(.text)
    SPI3_I2S3EXT_IRQHandler                  0x0800023b   Thumb Code     0  startup_at32f435_437.o(.text)
    SPI4_IRQHandler                          0x0800023b   Thumb Code     0  startup_at32f435_437.o(.text)
    TAMP_STAMP_IRQHandler                    0x0800023b   Thumb Code     0  startup_at32f435_437.o(.text)
    TMR1_BRK_TMR9_IRQHandler                 0x0800023b   Thumb Code     0  startup_at32f435_437.o(.text)
    TMR1_CH_IRQHandler                       0x0800023b   Thumb Code     0  startup_at32f435_437.o(.text)
    TMR1_OVF_TMR10_IRQHandler                0x0800023b   Thumb Code     0  startup_at32f435_437.o(.text)
    TMR1_TRG_HALL_TMR11_IRQHandler           0x0800023b   Thumb Code     0  startup_at32f435_437.o(.text)
    TMR20_BRK_IRQHandler                     0x0800023b   Thumb Code     0  startup_at32f435_437.o(.text)
    TMR20_CH_IRQHandler                      0x0800023b   Thumb Code     0  startup_at32f435_437.o(.text)
    TMR20_OVF_IRQHandler                     0x0800023b   Thumb Code     0  startup_at32f435_437.o(.text)
    TMR20_TRG_HALL_IRQHandler                0x0800023b   Thumb Code     0  startup_at32f435_437.o(.text)
    TMR2_GLOBAL_IRQHandler                   0x0800023b   Thumb Code     0  startup_at32f435_437.o(.text)
    TMR3_GLOBAL_IRQHandler                   0x0800023b   Thumb Code     0  startup_at32f435_437.o(.text)
    TMR4_GLOBAL_IRQHandler                   0x0800023b   Thumb Code     0  startup_at32f435_437.o(.text)
    TMR5_GLOBAL_IRQHandler                   0x0800023b   Thumb Code     0  startup_at32f435_437.o(.text)
    TMR6_DAC_GLOBAL_IRQHandler               0x0800023b   Thumb Code     0  startup_at32f435_437.o(.text)
    TMR7_GLOBAL_IRQHandler                   0x0800023b   Thumb Code     0  startup_at32f435_437.o(.text)
    TMR8_BRK_TMR12_IRQHandler                0x0800023b   Thumb Code     0  startup_at32f435_437.o(.text)
    TMR8_CH_IRQHandler                       0x0800023b   Thumb Code     0  startup_at32f435_437.o(.text)
    TMR8_OVF_TMR13_IRQHandler                0x0800023b   Thumb Code     0  startup_at32f435_437.o(.text)
    TMR8_TRG_HALL_TMR14_IRQHandler           0x0800023b   Thumb Code     0  startup_at32f435_437.o(.text)
    UART4_IRQHandler                         0x0800023b   Thumb Code     0  startup_at32f435_437.o(.text)
    UART5_IRQHandler                         0x0800023b   Thumb Code     0  startup_at32f435_437.o(.text)
    UART7_IRQHandler                         0x0800023b   Thumb Code     0  startup_at32f435_437.o(.text)
    UART8_IRQHandler                         0x0800023b   Thumb Code     0  startup_at32f435_437.o(.text)
    USART1_IRQHandler                        0x0800023b   Thumb Code     0  startup_at32f435_437.o(.text)
    USART2_IRQHandler                        0x0800023b   Thumb Code     0  startup_at32f435_437.o(.text)
    USART3_IRQHandler                        0x0800023b   Thumb Code     0  startup_at32f435_437.o(.text)
    USART6_IRQHandler                        0x0800023b   Thumb Code     0  startup_at32f435_437.o(.text)
    WWDT_IRQHandler                          0x0800023b   Thumb Code     0  startup_at32f435_437.o(.text)
    XMC_IRQHandler                           0x0800023b   Thumb Code     0  startup_at32f435_437.o(.text)
    __aeabi_uldivmod                         0x08000245   Thumb Code    98  uldiv.o(.text)
    __aeabi_llsl                             0x080002a7   Thumb Code    30  llshl.o(.text)
    _ll_shift_l                              0x080002a7   Thumb Code     0  llshl.o(.text)
    __aeabi_llsr                             0x080002c5   Thumb Code    32  llushr.o(.text)
    _ll_ushift_r                             0x080002c5   Thumb Code     0  llushr.o(.text)
    __scatterload                            0x080002e5   Thumb Code    28  init.o(.text)
    __scatterload_rt2                        0x080002e5   Thumb Code     0  init.o(.text)
    BusFault_Handler                         0x08000309   Thumb Code     4  at32f435_437_int.o(i.BusFault_Handler)
    DebugMon_Handler                         0x0800030d   Thumb Code     2  at32f435_437_int.o(i.DebugMon_Handler)
    HardFault_Handler                        0x0800030f   Thumb Code     4  at32f435_437_int.o(i.HardFault_Handler)
    MemManage_Handler                        0x08000313   Thumb Code     4  at32f435_437_int.o(i.MemManage_Handler)
    NMI_Handler                              0x08000317   Thumb Code     2  at32f435_437_int.o(i.NMI_Handler)
    PendSV_Handler                           0x08000319   Thumb Code     2  at32f435_437_int.o(i.PendSV_Handler)
    SVC_Handler                              0x0800031b   Thumb Code     2  at32f435_437_int.o(i.SVC_Handler)
    SysTick_Handler                          0x0800031d   Thumb Code     2  at32f435_437_int.o(i.SysTick_Handler)
    SystemInit                               0x08000321   Thumb Code   128  system_at32f435_437.o(i.SystemInit)
    UsageFault_Handler                       0x080003b1   Thumb Code     4  at32f435_437_int.o(i.UsageFault_Handler)
    __scatterload_copy                       0x080003b5   Thumb Code    14  handlers.o(i.__scatterload_copy)
    __scatterload_null                       0x080003c3   Thumb Code     2  handlers.o(i.__scatterload_null)
    __scatterload_zeroinit                   0x080003c5   Thumb Code    14  handlers.o(i.__scatterload_zeroinit)
    crm_ahb_div_set                          0x080003d5   Thumb Code    14  at32f435_437_crm.o(i.crm_ahb_div_set)
    crm_apb1_div_set                         0x080003e9   Thumb Code    14  at32f435_437_crm.o(i.crm_apb1_div_set)
    crm_apb2_div_set                         0x080003fd   Thumb Code    14  at32f435_437_crm.o(i.crm_apb2_div_set)
    crm_auto_step_mode_enable                0x08000411   Thumb Code    34  at32f435_437_crm.o(i.crm_auto_step_mode_enable)
    crm_clock_source_enable                  0x08000439   Thumb Code    98  at32f435_437_crm.o(i.crm_clock_source_enable)
    crm_flag_get                             0x080004a1   Thumb Code    44  at32f435_437_crm.o(i.crm_flag_get)
    crm_hext_stable_wait                     0x080004d1   Thumb Code    46  at32f435_437_crm.o(i.crm_hext_stable_wait)
    crm_periph_clock_enable                  0x08000501   Thumb Code    70  at32f435_437_crm.o(i.crm_periph_clock_enable)
    crm_pll_config                           0x0800054d   Thumb Code    68  at32f435_437_crm.o(i.crm_pll_config)
    crm_reset                                0x08000595   Thumb Code   106  at32f435_437_crm.o(i.crm_reset)
    crm_sysclk_switch                        0x0800060d   Thumb Code    54  at32f435_437_crm.o(i.crm_sysclk_switch)
    crm_sysclk_switch_status_get             0x08000649   Thumb Code    10  at32f435_437_crm.o(i.crm_sysclk_switch_status_get)
    main                                     0x08000659   Thumb Code     8  main.o(i.main)
    system_clock_config                      0x08000661   Thumb Code   144  at32f435_437_clock.o(i.system_clock_config)
    system_core_clock_update                 0x080006fd   Thumb Code   214  system_at32f435_437.o(i.system_core_clock_update)
    Region$$Table$$Base                      0x08000804   Number         0  anon$$obj.o(Region$$Table)
    Region$$Table$$Limit                     0x08000824   Number         0  anon$$obj.o(Region$$Table)
    system_core_clock                        0x20000000   Data           4  system_at32f435_437.o(.data)
    __initial_sp                             0x20000408   Data           0  startup_at32f435_437.o(STACK)



==============================================================================

Memory Map of the image

  Image Entry point : 0x0800020d

  Load Region LR_IROM1 (Base: 0x08000000, Size: 0x00000828, Max: 0x00100000, ABSOLUTE)

    Execution Region ER_IROM1 (Exec base: 0x08000000, Load base: 0x08000000, Size: 0x00000824, Max: 0x00100000, ABSOLUTE)

    Exec Addr    Load Addr    Size         Type   Attr      Idx    E Section Name        Object

    0x08000000   0x08000000   0x0000020c   Data   RO         4911    RESET               startup_at32f435_437.o
    0x0800020c   0x0800020c   0x00000000   Code   RO         4940  * .ARM.Collect$$$$00000000  mc_w.l(entry.o)
    0x0800020c   0x0800020c   0x00000004   Code   RO         4945    .ARM.Collect$$$$00000001  mc_w.l(entry2.o)
    0x08000210   0x08000210   0x00000004   Code   RO         4948    .ARM.Collect$$$$00000004  mc_w.l(entry5.o)
    0x08000214   0x08000214   0x00000000   Code   RO         4950    .ARM.Collect$$$$00000008  mc_w.l(entry7b.o)
    0x08000214   0x08000214   0x00000000   Code   RO         4952    .ARM.Collect$$$$0000000A  mc_w.l(entry8b.o)
    0x08000214   0x08000214   0x00000008   Code   RO         4953    .ARM.Collect$$$$0000000B  mc_w.l(entry9a.o)
    0x0800021c   0x0800021c   0x00000000   Code   RO         4955    .ARM.Collect$$$$0000000D  mc_w.l(entry10a.o)
    0x0800021c   0x0800021c   0x00000000   Code   RO         4957    .ARM.Collect$$$$0000000F  mc_w.l(entry11a.o)
    0x0800021c   0x0800021c   0x00000004   Code   RO         4946    .ARM.Collect$$$$00002712  mc_w.l(entry2.o)
    0x08000220   0x08000220   0x00000024   Code   RO         4912    .text               startup_at32f435_437.o
    0x08000244   0x08000244   0x00000062   Code   RO         4943    .text               mc_w.l(uldiv.o)
    0x080002a6   0x080002a6   0x0000001e   Code   RO         4959    .text               mc_w.l(llshl.o)
    0x080002c4   0x080002c4   0x00000020   Code   RO         4961    .text               mc_w.l(llushr.o)
    0x080002e4   0x080002e4   0x00000024   Code   RO         4963    .text               mc_w.l(init.o)
    0x08000308   0x08000308   0x00000004   Code   RO         4800    i.BusFault_Handler  at32f435_437_int.o
    0x0800030c   0x0800030c   0x00000002   Code   RO         4801    i.DebugMon_Handler  at32f435_437_int.o
    0x0800030e   0x0800030e   0x00000004   Code   RO         4802    i.HardFault_Handler  at32f435_437_int.o
    0x08000312   0x08000312   0x00000004   Code   RO         4803    i.MemManage_Handler  at32f435_437_int.o
    0x08000316   0x08000316   0x00000002   Code   RO         4804    i.NMI_Handler       at32f435_437_int.o
    0x08000318   0x08000318   0x00000002   Code   RO         4805    i.PendSV_Handler    at32f435_437_int.o
    0x0800031a   0x0800031a   0x00000002   Code   RO         4806    i.SVC_Handler       at32f435_437_int.o
    0x0800031c   0x0800031c   0x00000002   Code   RO         4807    i.SysTick_Handler   at32f435_437_int.o
    0x0800031e   0x0800031e   0x00000002   PAD
    0x08000320   0x08000320   0x00000090   Code   RO         4875    i.SystemInit        system_at32f435_437.o
    0x080003b0   0x080003b0   0x00000004   Code   RO         4808    i.UsageFault_Handler  at32f435_437_int.o
    0x080003b4   0x080003b4   0x0000000e   Code   RO         4967    i.__scatterload_copy  mc_w.l(handlers.o)
    0x080003c2   0x080003c2   0x00000002   Code   RO         4968    i.__scatterload_null  mc_w.l(handlers.o)
    0x080003c4   0x080003c4   0x0000000e   Code   RO         4969    i.__scatterload_zeroinit  mc_w.l(handlers.o)
    0x080003d2   0x080003d2   0x00000002   PAD
    0x080003d4   0x080003d4   0x00000014   Code   RO          795    i.crm_ahb_div_set   at32f435_437_crm.o
    0x080003e8   0x080003e8   0x00000014   Code   RO          796    i.crm_apb1_div_set  at32f435_437_crm.o
    0x080003fc   0x080003fc   0x00000014   Code   RO          797    i.crm_apb2_div_set  at32f435_437_crm.o
    0x08000410   0x08000410   0x00000028   Code   RO          798    i.crm_auto_step_mode_enable  at32f435_437_crm.o
    0x08000438   0x08000438   0x00000068   Code   RO          805    i.crm_clock_source_enable  at32f435_437_crm.o
    0x080004a0   0x080004a0   0x00000030   Code   RO          811    i.crm_flag_get      at32f435_437_crm.o
    0x080004d0   0x080004d0   0x0000002e   Code   RO          813    i.crm_hext_stable_wait  at32f435_437_crm.o
    0x080004fe   0x080004fe   0x00000002   PAD
    0x08000500   0x08000500   0x0000004c   Code   RO          821    i.crm_periph_clock_enable  at32f435_437_crm.o
    0x0800054c   0x0800054c   0x00000048   Code   RO          824    i.crm_pll_config    at32f435_437_crm.o
    0x08000594   0x08000594   0x00000078   Code   RO          826    i.crm_reset         at32f435_437_crm.o
    0x0800060c   0x0800060c   0x0000003c   Code   RO          827    i.crm_sysclk_switch  at32f435_437_crm.o
    0x08000648   0x08000648   0x00000010   Code   RO          828    i.crm_sysclk_switch_status_get  at32f435_437_crm.o
    0x08000658   0x08000658   0x00000008   Code   RO         4919    i.main              main.o
    0x08000660   0x08000660   0x0000009c   Code   RO         4773    i.system_clock_config  at32f435_437_clock.o
    0x080006fc   0x080006fc   0x000000f0   Code   RO         4876    i.system_core_clock_update  system_at32f435_437.o
    0x080007ec   0x080007ec   0x00000016   Data   RO         4877    .constdata          system_at32f435_437.o
    0x08000802   0x08000802   0x00000002   PAD
    0x08000804   0x08000804   0x00000020   Data   RO         4965    Region$$Table       anon$$obj.o


    Execution Region RW_IRAM1 (Exec base: 0x20000000, Load base: 0x08000824, Size: 0x00000408, Max: 0x00060000, ABSOLUTE)

    Exec Addr    Load Addr    Size         Type   Attr      Idx    E Section Name        Object

    0x20000000   0x08000824   0x00000004   Data   RW         4878    .data               system_at32f435_437.o
    0x20000004   0x08000828   0x00000004   PAD
    0x20000008        -       0x00000400   Zero   RW         4909    STACK               startup_at32f435_437.o


==============================================================================

Image component sizes


      Code (inc. data)   RO Data    RW Data    ZI Data      Debug   Object Name

         0          0          0          0          0      33540   at32f435_437_acc.o
       156         12          0          0          0        606   at32f435_437_clock.o
       642         76          0          0          0       6902   at32f435_437_crm.o
        26          0          0          0          0       4394   at32f435_437_int.o
         8          0          0          0          0        459   main.o
        36          8        524          0       1024        900   startup_at32f435_437.o
       384         42         22          4          0       2160   system_at32f435_437.o

    ----------------------------------------------------------------------
      1256        138        580          4       1028      48961   Object Totals
         0          0         32          0          0          0   (incl. Generated)
         4          0          2          0          4          0   (incl. Padding)

    ----------------------------------------------------------------------

      Code (inc. data)   RO Data    RW Data    ZI Data      Debug   Library Member Name

         0          0          0          0          0          0   entry.o
         0          0          0          0          0          0   entry10a.o
         0          0          0          0          0          0   entry11a.o
         8          4          0          0          0          0   entry2.o
         4          0          0          0          0          0   entry5.o
         0          0          0          0          0          0   entry7b.o
         0          0          0          0          0          0   entry8b.o
         8          4          0          0          0          0   entry9a.o
        30          0          0          0          0          0   handlers.o
        36          8          0          0          0         68   init.o
        30          0          0          0          0         68   llshl.o
        32          0          0          0          0         68   llushr.o
        98          0          0          0          0         92   uldiv.o

    ----------------------------------------------------------------------
       248         16          0          0          0        296   Library Totals
         2          0          0          0          0          0   (incl. Padding)

    ----------------------------------------------------------------------

      Code (inc. data)   RO Data    RW Data    ZI Data      Debug   Library Name

       246         16          0          0          0        296   mc_w.l

    ----------------------------------------------------------------------
       248         16          0          0          0        296   Library Totals

    ----------------------------------------------------------------------

==============================================================================


      Code (inc. data)   RO Data    RW Data    ZI Data      Debug   

      1504        154        580          4       1028      47509   Grand Totals
      1504        154        580          4       1028      47509   ELF Image Totals
      1504        154        580          4          0          0   ROM Totals

==============================================================================

    Total RO  Size (Code + RO Data)                 2084 (   2.04kB)
    Total RW  Size (RW Data + ZI Data)              1032 (   1.01kB)
    Total ROM Size (Code + RO Data + RW Data)       2088 (   2.04kB)

==============================================================================

