Component: Arm Compiler for Embedded 6.19 Tool: armlink [5e73cb00]

==============================================================================

Section Cross References

    at32f435_437_acc.o(.ARM.exidx.text.acc_calibration_mode_enable) refers to at32f435_437_acc.o(.text.acc_calibration_mode_enable) for [Anonymous Symbol]
    at32f435_437_acc.o(.ARM.exidx.text.acc_step_set) refers to at32f435_437_acc.o(.text.acc_step_set) for [Anonymous Symbol]
    at32f435_437_acc.o(.ARM.exidx.text.acc_sof_select) refers to at32f435_437_acc.o(.text.acc_sof_select) for [Anonymous Symbol]
    at32f435_437_acc.o(.ARM.exidx.text.acc_interrupt_enable) refers to at32f435_437_acc.o(.text.acc_interrupt_enable) for [Anonymous Symbol]
    at32f435_437_acc.o(.ARM.exidx.text.acc_hicktrim_get) refers to at32f435_437_acc.o(.text.acc_hicktrim_get) for [Anonymous Symbol]
    at32f435_437_acc.o(.ARM.exidx.text.acc_hickcal_get) refers to at32f435_437_acc.o(.text.acc_hickcal_get) for [Anonymous Symbol]
    at32f435_437_acc.o(.ARM.exidx.text.acc_write_c1) refers to at32f435_437_acc.o(.text.acc_write_c1) for [Anonymous Symbol]
    at32f435_437_acc.o(.ARM.exidx.text.acc_write_c2) refers to at32f435_437_acc.o(.text.acc_write_c2) for [Anonymous Symbol]
    at32f435_437_acc.o(.ARM.exidx.text.acc_write_c3) refers to at32f435_437_acc.o(.text.acc_write_c3) for [Anonymous Symbol]
    at32f435_437_acc.o(.ARM.exidx.text.acc_read_c1) refers to at32f435_437_acc.o(.text.acc_read_c1) for [Anonymous Symbol]
    at32f435_437_acc.o(.ARM.exidx.text.acc_read_c2) refers to at32f435_437_acc.o(.text.acc_read_c2) for [Anonymous Symbol]
    at32f435_437_acc.o(.ARM.exidx.text.acc_read_c3) refers to at32f435_437_acc.o(.text.acc_read_c3) for [Anonymous Symbol]
    at32f435_437_acc.o(.ARM.exidx.text.acc_flag_get) refers to at32f435_437_acc.o(.text.acc_flag_get) for [Anonymous Symbol]
    at32f435_437_acc.o(.ARM.exidx.text.acc_interrupt_flag_get) refers to at32f435_437_acc.o(.text.acc_interrupt_flag_get) for [Anonymous Symbol]
    at32f435_437_acc.o(.ARM.exidx.text.acc_flag_clear) refers to at32f435_437_acc.o(.text.acc_flag_clear) for [Anonymous Symbol]
    at32f435_437_adc.o(.text.adc_reset) refers to at32f435_437_crm.o(.text.crm_periph_reset) for crm_periph_reset
    at32f435_437_adc.o(.ARM.exidx.text.adc_reset) refers to at32f435_437_adc.o(.text.adc_reset) for [Anonymous Symbol]
    at32f435_437_adc.o(.ARM.exidx.text.adc_enable) refers to at32f435_437_adc.o(.text.adc_enable) for [Anonymous Symbol]
    at32f435_437_adc.o(.ARM.exidx.text.adc_base_default_para_init) refers to at32f435_437_adc.o(.text.adc_base_default_para_init) for [Anonymous Symbol]
    at32f435_437_adc.o(.ARM.exidx.text.adc_base_config) refers to at32f435_437_adc.o(.text.adc_base_config) for [Anonymous Symbol]
    at32f435_437_adc.o(.ARM.exidx.text.adc_common_default_para_init) refers to at32f435_437_adc.o(.text.adc_common_default_para_init) for [Anonymous Symbol]
    at32f435_437_adc.o(.ARM.exidx.text.adc_common_config) refers to at32f435_437_adc.o(.text.adc_common_config) for [Anonymous Symbol]
    at32f435_437_adc.o(.ARM.exidx.text.adc_resolution_set) refers to at32f435_437_adc.o(.text.adc_resolution_set) for [Anonymous Symbol]
    at32f435_437_adc.o(.ARM.exidx.text.adc_voltage_battery_enable) refers to at32f435_437_adc.o(.text.adc_voltage_battery_enable) for [Anonymous Symbol]
    at32f435_437_adc.o(.ARM.exidx.text.adc_dma_mode_enable) refers to at32f435_437_adc.o(.text.adc_dma_mode_enable) for [Anonymous Symbol]
    at32f435_437_adc.o(.ARM.exidx.text.adc_dma_request_repeat_enable) refers to at32f435_437_adc.o(.text.adc_dma_request_repeat_enable) for [Anonymous Symbol]
    at32f435_437_adc.o(.ARM.exidx.text.adc_interrupt_enable) refers to at32f435_437_adc.o(.text.adc_interrupt_enable) for [Anonymous Symbol]
    at32f435_437_adc.o(.ARM.exidx.text.adc_calibration_value_set) refers to at32f435_437_adc.o(.text.adc_calibration_value_set) for [Anonymous Symbol]
    at32f435_437_adc.o(.ARM.exidx.text.adc_calibration_init) refers to at32f435_437_adc.o(.text.adc_calibration_init) for [Anonymous Symbol]
    at32f435_437_adc.o(.ARM.exidx.text.adc_calibration_init_status_get) refers to at32f435_437_adc.o(.text.adc_calibration_init_status_get) for [Anonymous Symbol]
    at32f435_437_adc.o(.ARM.exidx.text.adc_calibration_start) refers to at32f435_437_adc.o(.text.adc_calibration_start) for [Anonymous Symbol]
    at32f435_437_adc.o(.ARM.exidx.text.adc_calibration_status_get) refers to at32f435_437_adc.o(.text.adc_calibration_status_get) for [Anonymous Symbol]
    at32f435_437_adc.o(.ARM.exidx.text.adc_voltage_monitor_enable) refers to at32f435_437_adc.o(.text.adc_voltage_monitor_enable) for [Anonymous Symbol]
    at32f435_437_adc.o(.ARM.exidx.text.adc_voltage_monitor_threshold_value_set) refers to at32f435_437_adc.o(.text.adc_voltage_monitor_threshold_value_set) for [Anonymous Symbol]
[...]
    Removing at32f435_437_spi.o(.ARM.exidx.text.spi_i2s_reset), (8 bytes).
    Removing at32f435_437_spi.o(.ARM.exidx.text.spi_default_para_init), (8 bytes).
    Removing at32f435_437_spi.o(.ARM.exidx.text.spi_init), (8 bytes).
    Removing at32f435_437_spi.o(.text.spi_ti_mode_enable), (34 bytes).
    Removing at32f435_437_spi.o(.ARM.exidx.text.spi_ti_mode_enable), (8 bytes).
    Removing at32f435_437_spi.o(.text.spi_crc_next_transmit), (18 bytes).
    Removing at32f435_437_spi.o(.ARM.exidx.text.spi_crc_next_transmit), (8 bytes).
    Removing at32f435_437_spi.o(.text.spi_crc_polynomial_set), (30 bytes).
    Removing at32f435_437_spi.o(.ARM.exidx.text.spi_crc_polynomial_set), (8 bytes).
    Removing at32f435_437_spi.o(.text.spi_crc_polynomial_get), (14 bytes).
    Removing at32f435_437_spi.o(.ARM.exidx.text.spi_crc_polynomial_get), (8 bytes).
    Removing at32f435_437_spi.o(.text.spi_crc_enable), (34 bytes).
    Removing at32f435_437_spi.o(.ARM.exidx.text.spi_crc_enable), (8 bytes).
    Removing at32f435_437_spi.o(.text.spi_crc_value_get), (46 bytes).
    Removing at32f435_437_spi.o(.ARM.exidx.text.spi_crc_value_get), (8 bytes).
    Removing at32f435_437_spi.o(.text.spi_hardware_cs_output_enable), (34 bytes).
    Removing at32f435_437_spi.o(.ARM.exidx.text.spi_hardware_cs_output_enable), (8 bytes).
    Removing at32f435_437_spi.o(.text.spi_software_cs_internal_level_set), (34 bytes).
    Removing at32f435_437_spi.o(.ARM.exidx.text.spi_software_cs_internal_level_set), (8 bytes).
    Removing at32f435_437_spi.o(.text.spi_frame_bit_num_set), (34 bytes).
    Removing at32f435_437_spi.o(.ARM.exidx.text.spi_frame_bit_num_set), (8 bytes).
    Removing at32f435_437_spi.o(.text.spi_half_duplex_direction_set), (34 bytes).
    Removing at32f435_437_spi.o(.ARM.exidx.text.spi_half_duplex_direction_set), (8 bytes).
    Removing at32f435_437_spi.o(.ARM.exidx.text.spi_enable), (8 bytes).
    Removing at32f435_437_spi.o(.text.i2s_default_para_init), (38 bytes).
    Removing at32f435_437_spi.o(.ARM.exidx.text.i2s_default_para_init), (8 bytes).
    Removing at32f435_437_spi.o(.text.i2s_init), (798 bytes).
    Removing at32f435_437_spi.o(.ARM.exidx.text.i2s_init), (8 bytes).
    Removing at32f435_437_spi.o(.text.i2s_enable), (34 bytes).
    Removing at32f435_437_spi.o(.ARM.exidx.text.i2s_enable), (8 bytes).
    Removing at32f435_437_spi.o(.text.spi_i2s_interrupt_enable), (46 bytes).
    Removing at32f435_437_spi.o(.ARM.exidx.text.spi_i2s_interrupt_enable), (8 bytes).
    Removing at32f435_437_spi.o(.text.spi_i2s_dma_transmitter_enable), (34 bytes).
    Removing at32f435_437_spi.o(.ARM.exidx.text.spi_i2s_dma_transmitter_enable), (8 bytes).
    Removing at32f435_437_spi.o(.text.spi_i2s_dma_receiver_enable), (26 bytes).
    Removing at32f435_437_spi.o(.ARM.exidx.text.spi_i2s_dma_receiver_enable), (8 bytes).
    Removing at32f435_437_spi.o(.text.spi_i2s_data_transmit), (20 bytes).
    Removing at32f435_437_spi.o(.ARM.exidx.text.spi_i2s_data_transmit), (8 bytes).
    Removing at32f435_437_spi.o(.text.spi_i2s_data_receive), (14 bytes).
    Removing at32f435_437_spi.o(.ARM.exidx.text.spi_i2s_data_receive), (8 bytes).
    Removing at32f435_437_spi.o(.ARM.exidx.text.spi_i2s_flag_get), (8 bytes).
    Removing at32f435_437_spi.o(.text.spi_i2s_interrupt_flag_get), (318 bytes).
    Removing at32f435_437_spi.o(.ARM.exidx.text.spi_i2s_interrupt_flag_get), (8 bytes).
    Removing at32f435_437_spi.o(.text.spi_i2s_flag_clear), (122 bytes).
    Removing at32f435_437_spi.o(.ARM.exidx.text.spi_i2s_flag_clear), (8 bytes).
    Removing at32f435_437_tmr.o(.text), (0 bytes).
    Removing at32f435_437_tmr.o(.text.tmr_reset), (626 bytes).
    Removing at32f435_437_tmr.o(.ARM.exidx.text.tmr_reset), (8 bytes).
    Removing at32f435_437_tmr.o(.text.tmr_counter_enable), (26 bytes).
    Removing at32f435_437_tmr.o(.ARM.exidx.text.tmr_counter_enable), (8 bytes).
    Removing at32f435_437_tmr.o(.text.tmr_output_default_para_init), (38 bytes).
    Removing at32f435_437_tmr.o(.ARM.exidx.text.tmr_output_default_para_init), (8 bytes).
    Removing at32f435_437_tmr.o(.text.tmr_input_default_para_init), (28 bytes).
    Removing at32f435_437_tmr.o(.ARM.exidx.text.tmr_input_default_para_init), (8 bytes).
    Removing at32f435_437_tmr.o(.text.tmr_brkdt_default_para_init), (38 bytes).
    Removing at32f435_437_tmr.o(.ARM.exidx.text.tmr_brkdt_default_para_init), (8 bytes).
    Removing at32f435_437_tmr.o(.text.tmr_base_init), (34 bytes).
    Removing at32f435_437_tmr.o(.ARM.exidx.text.tmr_base_init), (8 bytes).
    Removing at32f435_437_tmr.o(.text.tmr_clock_source_div_set), (34 bytes).
    Removing at32f435_437_tmr.o(.ARM.exidx.text.tmr_clock_source_div_set), (8 bytes).
    Removing at32f435_437_tmr.o(.text.tmr_cnt_dir_set), (34 bytes).
    Removing at32f435_437_tmr.o(.ARM.exidx.text.tmr_cnt_dir_set), (8 bytes).
    Removing at32f435_437_tmr.o(.text.tmr_repetition_counter_set), (30 bytes).
    Removing at32f435_437_tmr.o(.ARM.exidx.text.tmr_repetition_counter_set), (8 bytes).
    Removing at32f435_437_tmr.o(.text.tmr_counter_value_set), (16 bytes).
    Removing at32f435_437_tmr.o(.ARM.exidx.text.tmr_counter_value_set), (8 bytes).
    Removing at32f435_437_tmr.o(.text.tmr_counter_value_get), (12 bytes).
    Removing at32f435_437_tmr.o(.ARM.exidx.text.tmr_counter_value_get), (8 bytes).
    Removing at32f435_437_tmr.o(.text.tmr_div_value_set), (16 bytes).
    Removing at32f435_437_tmr.o(.ARM.exidx.text.tmr_div_value_set), (8 bytes).
    Removing at32f435_437_tmr.o(.text.tmr_div_value_get), (12 bytes).
    Removing at32f435_437_tmr.o(.ARM.exidx.text.tmr_div_value_get), (8 bytes).
    Removing at32f435_437_tmr.o(.text.tmr_output_channel_config), (516 bytes).
    Removing at32f435_437_tmr.o(.ARM.exidx.text.tmr_output_channel_config), (8 bytes).
    Removing at32f435_437_tmr.o(.text.tmr_output_channel_mode_select), (172 bytes).
    Removing at32f435_437_tmr.o(.ARM.exidx.text.tmr_output_channel_mode_select), (8 bytes).
    Removing at32f435_437_tmr.o(.text.tmr_period_value_set), (16 bytes).
    Removing at32f435_437_tmr.o(.ARM.exidx.text.tmr_period_value_set), (8 bytes).
    Removing at32f435_437_tmr.o(.text.tmr_period_value_get), (12 bytes).
    Removing at32f435_437_tmr.o(.ARM.exidx.text.tmr_period_value_get), (8 bytes).
    Removing at32f435_437_tmr.o(.text.tmr_channel_value_set), (90 bytes).
    Removing at32f435_437_tmr.o(.ARM.exidx.text.tmr_channel_value_set), (8 bytes).
    Removing at32f435_437_tmr.o(.text.tmr_channel_value_get), (94 bytes).
    Removing at32f435_437_tmr.o(.ARM.exidx.text.tmr_channel_value_get), (8 bytes).
    Removing at32f435_437_tmr.o(.text.tmr_period_buffer_enable), (34 bytes).
    Removing at32f435_437_tmr.o(.ARM.exidx.text.tmr_period_buffer_enable), (8 bytes).
    Removing at32f435_437_tmr.o(.text.tmr_output_channel_buffer_enable), (172 bytes).
    Removing at32f435_437_tmr.o(.ARM.exidx.text.tmr_output_channel_buffer_enable), (8 bytes).
    Removing at32f435_437_tmr.o(.text.tmr_output_channel_immediately_set), (172 bytes).
    Removing at32f435_437_tmr.o(.ARM.exidx.text.tmr_output_channel_immediately_set), (8 bytes).
    Removing at32f435_437_tmr.o(.text.tmr_output_channel_switch_set), (172 bytes).
    Removing at32f435_437_tmr.o(.ARM.exidx.text.tmr_output_channel_switch_set), (8 bytes).
    Removing at32f435_437_tmr.o(.text.tmr_one_cycle_mode_enable), (34 bytes).
    Removing at32f435_437_tmr.o(.ARM.exidx.text.tmr_one_cycle_mode_enable), (8 bytes).
    Removing at32f435_437_tmr.o(.text.tmr_32_bit_function_enable), (62 bytes).
    Removing at32f435_437_tmr.o(.ARM.exidx.text.tmr_32_bit_function_enable), (8 bytes).
    Removing at32f435_437_tmr.o(.text.tmr_overflow_request_source_set), (34 bytes).
    Removing at32f435_437_tmr.o(.ARM.exidx.text.tmr_overflow_request_source_set), (8 bytes).
    Removing at32f435_437_tmr.o(.text.tmr_overflow_event_disable), (34 bytes).
    Removing at32f435_437_tmr.o(.ARM.exidx.text.tmr_overflow_event_disable), (8 bytes).
    Removing at32f435_437_tmr.o(.text.tmr_input_channel_init), (554 bytes).
    Removing at32f435_437_tmr.o(.ARM.exidx.text.tmr_input_channel_init), (8 bytes).
    Removing at32f435_437_tmr.o(.text.tmr_channel_enable), (212 bytes).
    Removing at32f435_437_tmr.o(.ARM.exidx.text.tmr_channel_enable), (8 bytes).
    Removing at32f435_437_tmr.o(.text.tmr_input_channel_filter_set), (148 bytes).
    Removing at32f435_437_tmr.o(.ARM.exidx.text.tmr_input_channel_filter_set), (8 bytes).
    Removing at32f435_437_tmr.o(.text.tmr_pwm_input_config), (546 bytes).
    Removing at32f435_437_tmr.o(.ARM.exidx.text.tmr_pwm_input_config), (8 bytes).
    Removing at32f435_437_tmr.o(.text.tmr_channel1_input_select), (34 bytes).
    Removing at32f435_437_tmr.o(.ARM.exidx.text.tmr_channel1_input_select), (8 bytes).
    Removing at32f435_437_tmr.o(.text.tmr_input_channel_divider_set), (148 bytes).
    Removing at32f435_437_tmr.o(.ARM.exidx.text.tmr_input_channel_divider_set), (8 bytes).
    Removing at32f435_437_tmr.o(.text.tmr_primary_mode_select), (34 bytes).
    Removing at32f435_437_tmr.o(.ARM.exidx.text.tmr_primary_mode_select), (8 bytes).
    Removing at32f435_437_tmr.o(.text.tmr_sub_mode_select), (26 bytes).
    Removing at32f435_437_tmr.o(.ARM.exidx.text.tmr_sub_mode_select), (8 bytes).
    Removing at32f435_437_tmr.o(.text.tmr_channel_dma_select), (34 bytes).
    Removing at32f435_437_tmr.o(.ARM.exidx.text.tmr_channel_dma_select), (8 bytes).
    Removing at32f435_437_tmr.o(.text.tmr_hall_select), (34 bytes).
    Removing at32f435_437_tmr.o(.ARM.exidx.text.tmr_hall_select), (8 bytes).
    Removing at32f435_437_tmr.o(.text.tmr_channel_buffer_enable), (26 bytes).
    Removing at32f435_437_tmr.o(.ARM.exidx.text.tmr_channel_buffer_enable), (8 bytes).
    Removing at32f435_437_tmr.o(.text.tmr_trgout2_enable), (30 bytes).
    Removing at32f435_437_tmr.o(.ARM.exidx.text.tmr_trgout2_enable), (8 bytes).
    Removing at32f435_437_tmr.o(.text.tmr_trigger_input_select), (34 bytes).
    Removing at32f435_437_tmr.o(.ARM.exidx.text.tmr_trigger_input_select), (8 bytes).
    Removing at32f435_437_tmr.o(.text.tmr_sub_sync_mode_set), (34 bytes).
    Removing at32f435_437_tmr.o(.ARM.exidx.text.tmr_sub_sync_mode_set), (8 bytes).
    Removing at32f435_437_tmr.o(.text.tmr_dma_request_enable), (64 bytes).
    Removing at32f435_437_tmr.o(.ARM.exidx.text.tmr_dma_request_enable), (8 bytes).
    Removing at32f435_437_tmr.o(.text.tmr_interrupt_enable), (58 bytes).
    Removing at32f435_437_tmr.o(.ARM.exidx.text.tmr_interrupt_enable), (8 bytes).
    Removing at32f435_437_tmr.o(.text.tmr_interrupt_flag_get), (60 bytes).
    Removing at32f435_437_tmr.o(.ARM.exidx.text.tmr_interrupt_flag_get), (8 bytes).
    Removing at32f435_437_tmr.o(.text.tmr_flag_get), (48 bytes).
    Removing at32f435_437_tmr.o(.ARM.exidx.text.tmr_flag_get), (8 bytes).
    Removing at32f435_437_tmr.o(.text.tmr_flag_clear), (18 bytes).
    Removing at32f435_437_tmr.o(.ARM.exidx.text.tmr_flag_clear), (8 bytes).
    Removing at32f435_437_tmr.o(.text.tmr_event_sw_trigger), (24 bytes).
    Removing at32f435_437_tmr.o(.ARM.exidx.text.tmr_event_sw_trigger), (8 bytes).
    Removing at32f435_437_tmr.o(.text.tmr_output_enable), (34 bytes).
    Removing at32f435_437_tmr.o(.ARM.exidx.text.tmr_output_enable), (8 bytes).
    Removing at32f435_437_tmr.o(.text.tmr_internal_clock_set), (18 bytes).
    Removing at32f435_437_tmr.o(.ARM.exidx.text.tmr_internal_clock_set), (8 bytes).
    Removing at32f435_437_tmr.o(.text.tmr_output_channel_polarity_set), (220 bytes).
    Removing at32f435_437_tmr.o(.ARM.exidx.text.tmr_output_channel_polarity_set), (8 bytes).
    Removing at32f435_437_tmr.o(.text.tmr_external_clock_config), (86 bytes).
    Removing at32f435_437_tmr.o(.ARM.exidx.text.tmr_external_clock_config), (8 bytes).
    Removing at32f435_437_tmr.o(.text.tmr_external_clock_mode1_config), (60 bytes).
    Removing at32f435_437_tmr.o(.ARM.exidx.text.tmr_external_clock_mode1_config), (8 bytes).
    Removing at32f435_437_tmr.o(.text.tmr_external_clock_mode2_config), (50 bytes).
    Removing at32f435_437_tmr.o(.ARM.exidx.text.tmr_external_clock_mode2_config), (8 bytes).
    Removing at32f435_437_tmr.o(.text.tmr_encoder_mode_config), (132 bytes).
    Removing at32f435_437_tmr.o(.ARM.exidx.text.tmr_encoder_mode_config), (8 bytes).
    Removing at32f435_437_tmr.o(.text.tmr_force_output_set), (172 bytes).
    Removing at32f435_437_tmr.o(.ARM.exidx.text.tmr_force_output_set), (8 bytes).
    Removing at32f435_437_tmr.o(.text.tmr_dma_control_config), (52 bytes).
    Removing at32f435_437_tmr.o(.ARM.exidx.text.tmr_dma_control_config), (8 bytes).
    Removing at32f435_437_tmr.o(.text.tmr_brkdt_config), (158 bytes).
    Removing at32f435_437_tmr.o(.ARM.exidx.text.tmr_brkdt_config), (8 bytes).
    Removing at32f435_437_tmr.o(.text.tmr_iremap_config), (88 bytes).
    Removing at32f435_437_tmr.o(.ARM.exidx.text.tmr_iremap_config), (8 bytes).
    Removing at32f435_437_usart.o(.text), (0 bytes).
    Removing at32f435_437_usart.o(.text.usart_reset), (344 bytes).
    Removing at32f435_437_usart.o(.ARM.exidx.text.usart_reset), (8 bytes).
    Removing at32f435_437_usart.o(.text.usart_init), (286 bytes).
    Removing at32f435_437_usart.o(.ARM.exidx.text.usart_init), (8 bytes).
    Removing at32f435_437_usart.o(.text.usart_parity_selection_config), (110 bytes).
    Removing at32f435_437_usart.o(.ARM.exidx.text.usart_parity_selection_config), (8 bytes).
    Removing at32f435_437_usart.o(.text.usart_enable), (34 bytes).
    Removing at32f435_437_usart.o(.ARM.exidx.text.usart_enable), (8 bytes).
    Removing at32f435_437_usart.o(.text.usart_transmitter_enable), (34 bytes).
    Removing at32f435_437_usart.o(.ARM.exidx.text.usart_transmitter_enable), (8 bytes).
    Removing at32f435_437_usart.o(.text.usart_receiver_enable), (34 bytes).
    Removing at32f435_437_usart.o(.ARM.exidx.text.usart_receiver_enable), (8 bytes).
    Removing at32f435_437_usart.o(.text.usart_clock_config), (86 bytes).
    Removing at32f435_437_usart.o(.ARM.exidx.text.usart_clock_config), (8 bytes).
    Removing at32f435_437_usart.o(.text.usart_clock_enable), (34 bytes).
    Removing at32f435_437_usart.o(.ARM.exidx.text.usart_clock_enable), (8 bytes).
    Removing at32f435_437_usart.o(.text.usart_interrupt_enable), (72 bytes).
    Removing at32f435_437_usart.o(.ARM.exidx.text.usart_interrupt_enable), (8 bytes).
    Removing at32f435_437_usart.o(.text.usart_dma_transmitter_enable), (34 bytes).
    Removing at32f435_437_usart.o(.ARM.exidx.text.usart_dma_transmitter_enable), (8 bytes).
    Removing at32f435_437_usart.o(.text.usart_dma_receiver_enable), (34 bytes).
    Removing at32f435_437_usart.o(.ARM.exidx.text.usart_dma_receiver_enable), (8 bytes).
    Removing at32f435_437_usart.o(.text.usart_wakeup_id_set), (82 bytes).
    Removing at32f435_437_usart.o(.ARM.exidx.text.usart_wakeup_id_set), (8 bytes).
    Removing at32f435_437_usart.o(.text.usart_wakeup_mode_set), (34 bytes).
    Removing at32f435_437_usart.o(.ARM.exidx.text.usart_wakeup_mode_set), (8 bytes).
    Removing at32f435_437_usart.o(.text.usart_receiver_mute_enable), (34 bytes).
    Removing at32f435_437_usart.o(.ARM.exidx.text.usart_receiver_mute_enable), (8 bytes).
    Removing at32f435_437_usart.o(.text.usart_break_bit_num_set), (34 bytes).
    Removing at32f435_437_usart.o(.ARM.exidx.text.usart_break_bit_num_set), (8 bytes).
    Removing at32f435_437_usart.o(.text.usart_lin_mode_enable), (34 bytes).
    Removing at32f435_437_usart.o(.ARM.exidx.text.usart_lin_mode_enable), (8 bytes).
    Removing at32f435_437_usart.o(.text.usart_data_transmit), (24 bytes).
    Removing at32f435_437_usart.o(.ARM.exidx.text.usart_data_transmit), (8 bytes).
    Removing at32f435_437_usart.o(.text.usart_data_receive), (14 bytes).
    Removing at32f435_437_usart.o(.ARM.exidx.text.usart_data_receive), (8 bytes).
    Removing at32f435_437_usart.o(.text.usart_break_send), (18 bytes).
    Removing at32f435_437_usart.o(.ARM.exidx.text.usart_break_send), (8 bytes).
    Removing at32f435_437_usart.o(.text.usart_smartcard_guard_time_set), (30 bytes).
    Removing at32f435_437_usart.o(.ARM.exidx.text.usart_smartcard_guard_time_set), (8 bytes).
    Removing at32f435_437_usart.o(.text.usart_irda_smartcard_division_set), (28 bytes).
    Removing at32f435_437_usart.o(.ARM.exidx.text.usart_irda_smartcard_division_set), (8 bytes).
    Removing at32f435_437_usart.o(.text.usart_smartcard_mode_enable), (34 bytes).
    Removing at32f435_437_usart.o(.ARM.exidx.text.usart_smartcard_mode_enable), (8 bytes).
    Removing at32f435_437_usart.o(.text.usart_smartcard_nack_set), (34 bytes).
    Removing at32f435_437_usart.o(.ARM.exidx.text.usart_smartcard_nack_set), (8 bytes).
    Removing at32f435_437_usart.o(.text.usart_single_line_halfduplex_select), (34 bytes).
    Removing at32f435_437_usart.o(.ARM.exidx.text.usart_single_line_halfduplex_select), (8 bytes).
    Removing at32f435_437_usart.o(.text.usart_irda_mode_enable), (34 bytes).
    Removing at32f435_437_usart.o(.ARM.exidx.text.usart_irda_mode_enable), (8 bytes).
    Removing at32f435_437_usart.o(.text.usart_irda_low_power_enable), (34 bytes).
    Removing at32f435_437_usart.o(.ARM.exidx.text.usart_irda_low_power_enable), (8 bytes).
    Removing at32f435_437_usart.o(.text.usart_hardware_flow_control_set), (144 bytes).
    Removing at32f435_437_usart.o(.ARM.exidx.text.usart_hardware_flow_control_set), (8 bytes).
    Removing at32f435_437_usart.o(.text.usart_flag_get), (42 bytes).
    Removing at32f435_437_usart.o(.ARM.exidx.text.usart_flag_get), (8 bytes).
    Removing at32f435_437_usart.o(.text.usart_interrupt_flag_get), (312 bytes).
    Removing at32f435_437_usart.o(.ARM.exidx.text.usart_interrupt_flag_get), (8 bytes).
    Removing at32f435_437_usart.o(.text.usart_flag_clear), (40 bytes).
    Removing at32f435_437_usart.o(.ARM.exidx.text.usart_flag_clear), (8 bytes).
    Removing at32f435_437_usart.o(.text.usart_rs485_delay_time_config), (60 bytes).
    Removing at32f435_437_usart.o(.ARM.exidx.text.usart_rs485_delay_time_config), (8 bytes).
    Removing at32f435_437_usart.o(.text.usart_transmit_receive_pin_swap), (34 bytes).
    Removing at32f435_437_usart.o(.ARM.exidx.text.usart_transmit_receive_pin_swap), (8 bytes).
    Removing at32f435_437_usart.o(.text.usart_id_bit_num_set), (34 bytes).
    Removing at32f435_437_usart.o(.ARM.exidx.text.usart_id_bit_num_set), (8 bytes).
    Removing at32f435_437_usart.o(.text.usart_de_polarity_set), (34 bytes).
    Removing at32f435_437_usart.o(.ARM.exidx.text.usart_de_polarity_set), (8 bytes).
    Removing at32f435_437_usart.o(.text.usart_rs485_mode_enable), (34 bytes).
    Removing at32f435_437_usart.o(.ARM.exidx.text.usart_rs485_mode_enable), (8 bytes).
    Removing at32f435_437_usb.o(.text), (0 bytes).
    Removing at32f435_437_usb.o(.text.usb_global_reset), (104 bytes).
    Removing at32f435_437_usb.o(.ARM.exidx.text.usb_global_reset), (8 bytes).
    Removing at32f435_437_usb.o(.text.usb_global_init), (26 bytes).
    Removing at32f435_437_usb.o(.ARM.exidx.text.usb_global_init), (8 bytes).
    Removing at32f435_437_usb.o(.text.usb_global_select_core), (38 bytes).
    Removing at32f435_437_usb.o(.ARM.exidx.text.usb_global_select_core), (8 bytes).
    Removing at32f435_437_usb.o(.text.usb_flush_tx_fifo), (82 bytes).
    Removing at32f435_437_usb.o(.ARM.exidx.text.usb_flush_tx_fifo), (8 bytes).
    Removing at32f435_437_usb.o(.text.usb_flush_rx_fifo), (60 bytes).
    Removing at32f435_437_usb.o(.ARM.exidx.text.usb_flush_rx_fifo), (8 bytes).
    Removing at32f435_437_usb.o(.text.usb_global_interrupt_enable), (54 bytes).
    Removing at32f435_437_usb.o(.ARM.exidx.text.usb_global_interrupt_enable), (8 bytes).
    Removing at32f435_437_usb.o(.text.usb_global_get_all_interrupt), (22 bytes).
    Removing at32f435_437_usb.o(.ARM.exidx.text.usb_global_get_all_interrupt), (8 bytes).
    Removing at32f435_437_usb.o(.text.usb_global_clear_interrupt), (16 bytes).
    Removing at32f435_437_usb.o(.ARM.exidx.text.usb_global_clear_interrupt), (8 bytes).
    Removing at32f435_437_usb.o(.text.usb_interrupt_enable), (18 bytes).
    Removing at32f435_437_usb.o(.ARM.exidx.text.usb_interrupt_enable), (8 bytes).
    Removing at32f435_437_usb.o(.text.usb_interrupt_disable), (18 bytes).
    Removing at32f435_437_usb.o(.ARM.exidx.text.usb_interrupt_disable), (8 bytes).
    Removing at32f435_437_usb.o(.text.usb_set_rx_fifo), (20 bytes).
    Removing at32f435_437_usb.o(.ARM.exidx.text.usb_set_rx_fifo), (8 bytes).
    Removing at32f435_437_usb.o(.text.usb_set_tx_fifo), (152 bytes).
    Removing at32f435_437_usb.o(.ARM.exidx.text.usb_set_tx_fifo), (8 bytes).
    Removing at32f435_437_usb.o(.text.usb_global_set_mode), (98 bytes).
    Removing at32f435_437_usb.o(.ARM.exidx.text.usb_global_set_mode), (8 bytes).
    Removing at32f435_437_usb.o(.text.usb_global_power_on), (42 bytes).
    Removing at32f435_437_usb.o(.ARM.exidx.text.usb_global_power_on), (8 bytes).
    Removing at32f435_437_usb.o(.text.usb_stop_phy_clk), (22 bytes).
    Removing at32f435_437_usb.o(.ARM.exidx.text.usb_stop_phy_clk), (8 bytes).
    Removing at32f435_437_usb.o(.text.usb_open_phy_clk), (22 bytes).
    Removing at32f435_437_usb.o(.ARM.exidx.text.usb_open_phy_clk), (8 bytes).
    Removing at32f435_437_usb.o(.text.usb_write_packet), (84 bytes).
    Removing at32f435_437_usb.o(.ARM.exidx.text.usb_write_packet), (8 bytes).
    Removing at32f435_437_usb.o(.text.usb_read_packet), (76 bytes).
    Removing at32f435_437_usb.o(.ARM.exidx.text.usb_read_packet), (8 bytes).
    Removing at32f435_437_usb.o(.text.usb_ept_open), (478 bytes).
    Removing at32f435_437_usb.o(.ARM.exidx.text.usb_ept_open), (8 bytes).
    Removing at32f435_437_usb.o(.text.usb_ept_close), (112 bytes).
    Removing at32f435_437_usb.o(.ARM.exidx.text.usb_ept_close), (8 bytes).
    Removing at32f435_437_usb.o(.text.usb_ept_stall), (162 bytes).
    Removing at32f435_437_usb.o(.ARM.exidx.text.usb_ept_stall), (8 bytes).
    Removing at32f435_437_usb.o(.text.usb_ept_clear_stall), (154 bytes).
    Removing at32f435_437_usb.o(.ARM.exidx.text.usb_ept_clear_stall), (8 bytes).
    Removing at32f435_437_usb.o(.text.usb_get_all_out_interrupt), (28 bytes).
    Removing at32f435_437_usb.o(.ARM.exidx.text.usb_get_all_out_interrupt), (8 bytes).
    Removing at32f435_437_usb.o(.text.usb_get_all_in_interrupt), (28 bytes).
    Removing at32f435_437_usb.o(.ARM.exidx.text.usb_get_all_in_interrupt), (8 bytes).
    Removing at32f435_437_usb.o(.text.usb_ept_out_interrupt), (34 bytes).
    Removing at32f435_437_usb.o(.ARM.exidx.text.usb_ept_out_interrupt), (8 bytes).
    Removing at32f435_437_usb.o(.text.usb_ept_in_interrupt), (64 bytes).
    Removing at32f435_437_usb.o(.ARM.exidx.text.usb_ept_in_interrupt), (8 bytes).
    Removing at32f435_437_usb.o(.text.usb_ept_out_clear), (26 bytes).
    Removing at32f435_437_usb.o(.ARM.exidx.text.usb_ept_out_clear), (8 bytes).
    Removing at32f435_437_usb.o(.text.usb_ept_in_clear), (26 bytes).
    Removing at32f435_437_usb.o(.ARM.exidx.text.usb_ept_in_clear), (8 bytes).
    Removing at32f435_437_usb.o(.text.usb_set_address), (38 bytes).
    Removing at32f435_437_usb.o(.ARM.exidx.text.usb_set_address), (8 bytes).
    Removing at32f435_437_usb.o(.text.usb_ept0_start), (56 bytes).
    Removing at32f435_437_usb.o(.ARM.exidx.text.usb_ept0_start), (8 bytes).
    Removing at32f435_437_usb.o(.text.usb_ept0_setup), (38 bytes).
    Removing at32f435_437_usb.o(.ARM.exidx.text.usb_ept0_setup), (8 bytes).
    Removing at32f435_437_usb.o(.text.usb_connect), (22 bytes).
    Removing at32f435_437_usb.o(.ARM.exidx.text.usb_connect), (8 bytes).
    Removing at32f435_437_usb.o(.text.usb_disconnect), (22 bytes).
    Removing at32f435_437_usb.o(.ARM.exidx.text.usb_disconnect), (8 bytes).
    Removing at32f435_437_usb.o(.text.usb_remote_wkup_set), (22 bytes).
    Removing at32f435_437_usb.o(.ARM.exidx.text.usb_remote_wkup_set), (8 bytes).
    Removing at32f435_437_usb.o(.text.usb_remote_wkup_clear), (22 bytes).
    Removing at32f435_437_usb.o(.ARM.exidx.text.usb_remote_wkup_clear), (8 bytes).
    Removing at32f435_437_usb.o(.text.usb_suspend_status_get), (18 bytes).
    Removing at32f435_437_usb.o(.ARM.exidx.text.usb_suspend_status_get), (8 bytes).
    Removing at32f435_437_usb.o(.text.usb_port_power_on), (68 bytes).
    Removing at32f435_437_usb.o(.ARM.exidx.text.usb_port_power_on), (8 bytes).
    Removing at32f435_437_usb.o(.text.usbh_get_frame), (22 bytes).
    Removing at32f435_437_usb.o(.ARM.exidx.text.usbh_get_frame), (8 bytes).
    Removing at32f435_437_usb.o(.text.usb_hc_enable), (332 bytes).
    Removing at32f435_437_usb.o(.ARM.exidx.text.usb_hc_enable), (8 bytes).
    Removing at32f435_437_usb.o(.text.usb_hch_read_interrupt), (22 bytes).
    Removing at32f435_437_usb.o(.ARM.exidx.text.usb_hch_read_interrupt), (8 bytes).
    Removing at32f435_437_usb.o(.text.usb_host_disable), (242 bytes).
    Removing at32f435_437_usb.o(.ARM.exidx.text.usb_host_disable), (8 bytes).
    Removing at32f435_437_usb.o(.text.usb_hch_halt), (250 bytes).
    Removing at32f435_437_usb.o(.ARM.exidx.text.usb_hch_halt), (8 bytes).
    Removing at32f435_437_usb.o(.text.usbh_fsls_clksel), (64 bytes).
    Removing at32f435_437_usb.o(.ARM.exidx.text.usbh_fsls_clksel), (8 bytes).
    Removing at32f435_437_wdt.o(.text), (0 bytes).
    Removing at32f435_437_wdt.o(.text.wdt_enable), (16 bytes).
    Removing at32f435_437_wdt.o(.ARM.exidx.text.wdt_enable), (8 bytes).
    Removing at32f435_437_wdt.o(.text.wdt_counter_reload), (16 bytes).
    Removing at32f435_437_wdt.o(.ARM.exidx.text.wdt_counter_reload), (8 bytes).
    Removing at32f435_437_wdt.o(.text.wdt_reload_value_set), (24 bytes).
    Removing at32f435_437_wdt.o(.ARM.exidx.text.wdt_reload_value_set), (8 bytes).
    Removing at32f435_437_wdt.o(.text.wdt_divider_set), (30 bytes).
    Removing at32f435_437_wdt.o(.ARM.exidx.text.wdt_divider_set), (8 bytes).
    Removing at32f435_437_wdt.o(.text.wdt_register_write_enable), (48 bytes).
    Removing at32f435_437_wdt.o(.ARM.exidx.text.wdt_register_write_enable), (8 bytes).
    Removing at32f435_437_wdt.o(.text.wdt_flag_get), (56 bytes).
    Removing at32f435_437_wdt.o(.ARM.exidx.text.wdt_flag_get), (8 bytes).
    Removing at32f435_437_wdt.o(.text.wdt_window_counter_set), (30 bytes).
    Removing at32f435_437_wdt.o(.ARM.exidx.text.wdt_window_counter_set), (8 bytes).
    Removing at32f435_437_wwdt.o(.text), (0 bytes).
    Removing at32f435_437_wwdt.o(.text.wwdt_reset), (30 bytes).
    Removing at32f435_437_wwdt.o(.ARM.exidx.text.wwdt_reset), (8 bytes).
    Removing at32f435_437_wwdt.o(.text.wwdt_divider_set), (38 bytes).
    Removing at32f435_437_wwdt.o(.ARM.exidx.text.wwdt_divider_set), (8 bytes).
    Removing at32f435_437_wwdt.o(.text.wwdt_flag_clear), (14 bytes).
    Removing at32f435_437_wwdt.o(.ARM.exidx.text.wwdt_flag_clear), (8 bytes).
    Removing at32f435_437_wwdt.o(.text.wwdt_enable), (28 bytes).
    Removing at32f435_437_wwdt.o(.ARM.exidx.text.wwdt_enable), (8 bytes).
    Removing at32f435_437_wwdt.o(.text.wwdt_interrupt_enable), (18 bytes).
    Removing at32f435_437_wwdt.o(.ARM.exidx.text.wwdt_interrupt_enable), (8 bytes).
    Removing at32f435_437_wwdt.o(.text.wwdt_flag_get), (16 bytes).
    Removing at32f435_437_wwdt.o(.ARM.exidx.text.wwdt_flag_get), (8 bytes).
    Removing at32f435_437_wwdt.o(.text.wwdt_interrupt_flag_get), (50 bytes).
    Removing at32f435_437_wwdt.o(.ARM.exidx.text.wwdt_interrupt_flag_get), (8 bytes).
    Removing at32f435_437_wwdt.o(.text.wwdt_counter_set), (30 bytes).
    Removing at32f435_437_wwdt.o(.ARM.exidx.text.wwdt_counter_set), (8 bytes).
    Removing at32f435_437_wwdt.o(.text.wwdt_window_counter_set), (30 bytes).
    Removing at32f435_437_wwdt.o(.ARM.exidx.text.wwdt_window_counter_set), (8 bytes).
    Removing at32f435_437_xmc.o(.text), (0 bytes).
    Removing at32f435_437_xmc.o(.text.xmc_nor_sram_reset), (88 bytes).
    Removing at32f435_437_xmc.o(.ARM.exidx.text.xmc_nor_sram_reset), (8 bytes).
    Removing at32f435_437_xmc.o(.text.xmc_nor_sram_init), (104 bytes).
    Removing at32f435_437_xmc.o(.ARM.exidx.text.xmc_nor_sram_init), (8 bytes).
    Removing at32f435_437_xmc.o(.text.xmc_nor_sram_timing_config), (152 bytes).
    Removing at32f435_437_xmc.o(.ARM.exidx.text.xmc_nor_sram_timing_config), (8 bytes).
    Removing at32f435_437_xmc.o(.text.xmc_norsram_default_para_init), (72 bytes).
    Removing at32f435_437_xmc.o(.ARM.exidx.text.xmc_norsram_default_para_init), (8 bytes).
    Removing at32f435_437_xmc.o(.text.xmc_norsram_timing_default_para_init), (88 bytes).
    Removing at32f435_437_xmc.o(.ARM.exidx.text.xmc_norsram_timing_default_para_init), (8 bytes).
    Removing at32f435_437_xmc.o(.text.xmc_nor_sram_enable), (38 bytes).
    Removing at32f435_437_xmc.o(.ARM.exidx.text.xmc_nor_sram_enable), (8 bytes).
    Removing at32f435_437_xmc.o(.text.xmc_ext_timing_config), (70 bytes).
    Removing at32f435_437_xmc.o(.ARM.exidx.text.xmc_ext_timing_config), (8 bytes).
    Removing at32f435_437_xmc.o(.text.xmc_nand_reset), (102 bytes).
    Removing at32f435_437_xmc.o(.ARM.exidx.text.xmc_nand_reset), (8 bytes).
    Removing at32f435_437_xmc.o(.text.xmc_nand_init), (78 bytes).
    Removing at32f435_437_xmc.o(.ARM.exidx.text.xmc_nand_init), (8 bytes).
    Removing at32f435_437_xmc.o(.text.xmc_nand_timing_config), (116 bytes).
    Removing at32f435_437_xmc.o(.ARM.exidx.text.xmc_nand_timing_config), (8 bytes).
    Removing at32f435_437_xmc.o(.text.xmc_nand_default_para_init), (38 bytes).
    Removing at32f435_437_xmc.o(.ARM.exidx.text.xmc_nand_default_para_init), (8 bytes).
    Removing at32f435_437_xmc.o(.text.xmc_nand_timing_default_para_init), (54 bytes).
    Removing at32f435_437_xmc.o(.ARM.exidx.text.xmc_nand_timing_default_para_init), (8 bytes).
    Removing at32f435_437_xmc.o(.text.xmc_nand_enable), (78 bytes).
    Removing at32f435_437_xmc.o(.ARM.exidx.text.xmc_nand_enable), (8 bytes).
    Removing at32f435_437_xmc.o(.text.xmc_nand_ecc_enable), (78 bytes).
    Removing at32f435_437_xmc.o(.ARM.exidx.text.xmc_nand_ecc_enable), (8 bytes).
    Removing at32f435_437_xmc.o(.text.xmc_ecc_get), (48 bytes).
    Removing at32f435_437_xmc.o(.ARM.exidx.text.xmc_ecc_get), (8 bytes).
    Removing at32f435_437_xmc.o(.text.xmc_sdram_reset), (82 bytes).
    Removing at32f435_437_xmc.o(.ARM.exidx.text.xmc_sdram_reset), (8 bytes).
    Removing at32f435_437_xmc.o(.text.xmc_sdram_init), (702 bytes).
    Removing at32f435_437_xmc.o(.ARM.exidx.text.xmc_sdram_init), (8 bytes).
    Removing at32f435_437_xmc.o(.text.xmc_sdram_default_para_init), (84 bytes).
    Removing at32f435_437_xmc.o(.ARM.exidx.text.xmc_sdram_default_para_init), (8 bytes).
    Removing at32f435_437_xmc.o(.text.xmc_sdram_cmd), (38 bytes).
    Removing at32f435_437_xmc.o(.ARM.exidx.text.xmc_sdram_cmd), (8 bytes).
    Removing at32f435_437_xmc.o(.text.xmc_sdram_status_get), (56 bytes).
    Removing at32f435_437_xmc.o(.ARM.exidx.text.xmc_sdram_status_get), (8 bytes).
    Removing at32f435_437_xmc.o(.text.xmc_sdram_refresh_counter_set), (36 bytes).
    Removing at32f435_437_xmc.o(.ARM.exidx.text.xmc_sdram_refresh_counter_set), (8 bytes).
    Removing at32f435_437_xmc.o(.text.xmc_sdram_auto_refresh_set), (34 bytes).
    Removing at32f435_437_xmc.o(.ARM.exidx.text.xmc_sdram_auto_refresh_set), (8 bytes).
    Removing at32f435_437_xmc.o(.text.xmc_interrupt_enable), (242 bytes).
    Removing at32f435_437_xmc.o(.ARM.exidx.text.xmc_interrupt_enable), (8 bytes).
    Removing at32f435_437_xmc.o(.text.xmc_flag_status_get), (136 bytes).
    Removing at32f435_437_xmc.o(.ARM.exidx.text.xmc_flag_status_get), (8 bytes).
    Removing at32f435_437_xmc.o(.text.xmc_interrupt_flag_status_get), (442 bytes).
    Removing at32f435_437_xmc.o(.ARM.exidx.text.xmc_interrupt_flag_status_get), (8 bytes).
    Removing at32f435_437_xmc.o(.text.xmc_flag_clear), (162 bytes).
    Removing at32f435_437_xmc.o(.ARM.exidx.text.xmc_flag_clear), (8 bytes).
    Removing at32f435_437_xmc.o(.text.xmc_pccard_reset), (50 bytes).
    Removing at32f435_437_xmc.o(.ARM.exidx.text.xmc_pccard_reset), (8 bytes).
    Removing at32f435_437_xmc.o(.text.xmc_pccard_init), (36 bytes).
    Removing at32f435_437_xmc.o(.ARM.exidx.text.xmc_pccard_init), (8 bytes).
    Removing at32f435_437_xmc.o(.text.xmc_pccard_timing_config), (102 bytes).
    Removing at32f435_437_xmc.o(.ARM.exidx.text.xmc_pccard_timing_config), (8 bytes).
    Removing at32f435_437_xmc.o(.text.xmc_pccard_default_para_init), (22 bytes).
    Removing at32f435_437_xmc.o(.ARM.exidx.text.xmc_pccard_default_para_init), (8 bytes).
    Removing at32f435_437_xmc.o(.text.xmc_pccard_timing_default_para_init), (76 bytes).
    Removing at32f435_437_xmc.o(.ARM.exidx.text.xmc_pccard_timing_default_para_init), (8 bytes).
    Removing at32f435_437_xmc.o(.text.xmc_pccard_enable), (36 bytes).
    Removing at32f435_437_xmc.o(.ARM.exidx.text.xmc_pccard_enable), (8 bytes).
    Removing at32f435_437_clock.o(.text), (0 bytes).
    Removing at32f435_437_clock.o(.ARM.exidx.text.system_clock_config), (8 bytes).
    Removing at32f435_437_int.o(.text), (0 bytes).
    Removing at32f435_437_int.o(.ARM.exidx.text.NMI_Handler), (8 bytes).
    Removing at32f435_437_int.o(.ARM.exidx.text.HardFault_Handler), (8 bytes).
    Removing at32f435_437_int.o(.ARM.exidx.text.MemManage_Handler), (8 bytes).
    Removing at32f435_437_int.o(.ARM.exidx.text.BusFault_Handler), (8 bytes).
    Removing at32f435_437_int.o(.ARM.exidx.text.UsageFault_Handler), (8 bytes).
    Removing at32f435_437_int.o(.ARM.exidx.text.SVC_Handler), (8 bytes).
    Removing at32f435_437_int.o(.ARM.exidx.text.DebugMon_Handler), (8 bytes).
    Removing at32f435_437_int.o(.ARM.exidx.text.PendSV_Handler), (8 bytes).
    Removing at32f435_437_int.o(.ARM.exidx.text.SysTick_Handler), (8 bytes).
    Removing system_at32f435_437.o(.text), (0 bytes).
    Removing system_at32f435_437.o(.ARM.exidx.text.SystemInit), (8 bytes).
    Removing system_at32f435_437.o(.ARM.exidx.text.system_core_clock_update), (8 bytes).
    Removing startup_at32f435_437.o(HEAP), (512 bytes).
    Removing main.o(.text), (0 bytes).
    Removing main.o(.ARM.exidx.text.main), (8 bytes).
    Removing main.o(.ARM.use_no_argv), (4 bytes).
    Removing nafe11388_if.o(.text), (0 bytes).
    Removing nafe11388_if.o(.ARM.exidx.text.nafe11388_init), (8 bytes).
    Removing nafe11388_if.o(.ARM.exidx.text.nafe11388_startSample), (8 bytes).
    Removing bsp_spi.o(.text), (0 bytes).
    Removing bsp_spi.o(.ARM.exidx.text.bsp_spi_config), (8 bytes).
    Removing bsp_spi.o(.ARM.exidx.text.bsp_spi_gpio_config), (8 bytes).
    Removing bsp_spi.o(.text.bsp_register_callback), (34 bytes).
    Removing bsp_spi.o(.ARM.exidx.text.bsp_register_callback), (8 bytes).
    Removing bsp_spi.o(.text.SPI_ReadWriteHalfWord), (368 bytes).
    Removing bsp_spi.o(.ARM.exidx.text.SPI_ReadWriteHalfWord), (8 bytes).
    Removing bsp_spi.o(.ARM.exidx.text.SPI_ReadWriteByte), (8 bytes).
    Removing bsp_spi.o(.text.bsp_spi_transmit_done), (44 bytes).
    Removing bsp_spi.o(.ARM.exidx.text.bsp_spi_transmit_done), (8 bytes).
    Removing bsp_spi.o(.text.bsp_spi_received_done), (44 bytes).
    Removing bsp_spi.o(.ARM.exidx.text.bsp_spi_received_done), (8 bytes).
    Removing bsp_spi.o(.ARM.exidx.text.bsp_spi_set_cs), (8 bytes).
    Removing bsp_spi.o(.bss.transmit_callback_func), (4 bytes).
    Removing bsp_spi.o(.bss.received_callback_func), (4 bytes).
    Removing bsp_nafe11388.o(.text), (0 bytes).
    Removing bsp_nafe11388.o(.ARM.exidx.text.NAFE_HAL_writeRegBlock), (8 bytes).
    Removing bsp_nafe11388.o(.ARM.exidx.text.NAFE_HAL_readRegBlock), (8 bytes).
    Removing bsp_nafe11388.o(.ARM.exidx.text.NAFE_HAL_sendCmdBlock), (8 bytes).
    Removing bsp_nafe11388.o(.ARM.exidx.text.NAFE_init), (8 bytes).
    Removing bsp_nafe11388.o(.ARM.exidx.text.NAFE_resetDevice), (8 bytes).
    Removing bsp_nafe11388.o(.ARM.exidx.text.NAFE_readRegBlock), (8 bytes).
    Removing bsp_nafe11388.o(.ARM.exidx.text.NAFE_setChannel), (8 bytes).
    Removing bsp_nafe11388.o(.ARM.exidx.text.NAFE_writeRegBlock), (8 bytes).
    Removing bsp_nafe11388.o(.ARM.exidx.text.NAFE_startSample), (8 bytes).
    Removing bsp_nafe11388.o(.ARM.exidx.text.NAFE_scsrBlock), (8 bytes).
    Removing bsp_nafe11388.o(.ARM.exidx.text.NAFE_sccrBlock), (8 bytes).
    Removing bsp_nafe11388.o(.ARM.exidx.text.NAFE_mcsrBlock), (8 bytes).
    Removing bsp_nafe11388.o(.ARM.exidx.text.NAFE_mcmrBlock), (8 bytes).
    Removing bsp_nafe11388.o(.ARM.exidx.text.NAFE_mccrBlock), (8 bytes).
    Removing bsp_nafe11388.o(.ARM.exidx.text.NAFE_sendCmdBlock), (8 bytes).
    Removing bsp_nafe11388.o(.ARM.exidx.text.NAFE_HAL_delay), (8 bytes).
    Removing bsp_nafe11388.o(.ARM.exidx.text.NAFE_combCmdForInstructionCmds), (8 bytes).
    Removing bsp_nafe11388.o(.ARM.exidx.text.NAFE_combCmdForAccessRegs), (8 bytes).
    Removing bsp_nafe11388.o(.ARM.exidx.text.NAFE_triggerSample), (8 bytes).
    Removing bsp_nafe11388.o(.ARM.exidx.text.NAFE_formatResultArray), (8 bytes).
    Removing bsp_nafe11388.o(.ARM.exidx.text.NAFE_terminateContiSample), (8 bytes).

1465 unused section(s) (total 57582 bytes) removed from the image.

==============================================================================

Image Symbol Table

    Local Symbols

    Symbol Name                              Value     Ov Type        Size  Object(Section)

    ../../bsp/cmsis/cm4/device_support/startup/mdk/startup_at32f435_437.s 0x00000000   Number         0  startup_at32f435_437.o ABSOLUTE
    ../clib/microlib/division.c              0x00000000   Number         0  uldiv.o ABSOLUTE
    ../clib/microlib/init/entry.s            0x00000000   Number         0  entry.o ABSOLUTE
    ../clib/microlib/init/entry.s            0x00000000   Number         0  entry2.o ABSOLUTE
    ../clib/microlib/init/entry.s            0x00000000   Number         0  entry5.o ABSOLUTE
    ../clib/microlib/init/entry.s            0x00000000   Number         0  entry7a.o ABSOLUTE
    ../clib/microlib/init/entry.s            0x00000000   Number         0  entry7b.o ABSOLUTE
    ../clib/microlib/init/entry.s            0x00000000   Number         0  entry8a.o ABSOLUTE
    ../clib/microlib/init/entry.s            0x00000000   Number         0  entry8b.o ABSOLUTE
    ../clib/microlib/init/entry.s            0x00000000   Number         0  entry9a.o ABSOLUTE
    ../clib/microlib/init/entry.s            0x00000000   Number         0  entry9b.o ABSOLUTE
    ../clib/microlib/init/entry.s            0x00000000   Number         0  entry10a.o ABSOLUTE
    ../clib/microlib/init/entry.s            0x00000000   Number         0  entry10b.o ABSOLUTE
    ../clib/microlib/init/entry.s            0x00000000   Number         0  entry11a.o ABSOLUTE
    ../clib/microlib/init/entry.s            0x00000000   Number         0  entry11b.o ABSOLUTE
    ../clib/microlib/longlong.c              0x00000000   Number         0  llshl.o ABSOLUTE
    ../clib/microlib/longlong.c              0x00000000   Number         0  llushr.o ABSOLUTE
    ../clib/microlib/string/memset.c         0x00000000   Number         0  memseta.o ABSOLUTE
    ../clib/microlib/stubs.s                 0x00000000   Number         0  iusefp.o ABSOLUTE
    ../fplib/microlib/f2d.c                  0x00000000   Number         0  f2d.o ABSOLUTE
    ../fplib/microlib/fpdiv.c                0x00000000   Number         0  ddiv.o ABSOLUTE
    ../fplib/microlib/fpepilogue.c           0x00000000   Number         0  depilogue.o ABSOLUTE
    ../fplib/microlib/fpflt.c                0x00000000   Number         0  dflti.o ABSOLUTE
    ../fplib/microlib/fpmul.c                0x00000000   Number         0  dmul.o ABSOLUTE
    at32f435_437_acc.c                       0x00000000   Number         0  at32f435_437_acc.o ABSOLUTE
    at32f435_437_adc.c                       0x00000000   Number         0  at32f435_437_adc.o ABSOLUTE
    at32f435_437_can.c                       0x00000000   Number         0  at32f435_437_can.o ABSOLUTE
    at32f435_437_clock.c                     0x00000000   Number         0  at32f435_437_clock.o ABSOLUTE
    at32f435_437_crc.c                       0x00000000   Number         0  at32f435_437_crc.o ABSOLUTE
    at32f435_437_crm.c                       0x00000000   Number         0  at32f435_437_crm.o ABSOLUTE
    at32f435_437_dac.c                       0x00000000   Number         0  at32f435_437_dac.o ABSOLUTE
    at32f435_437_debug.c                     0x00000000   Number         0  at32f435_437_debug.o ABSOLUTE
    at32f435_437_dma.c                       0x00000000   Number         0  at32f435_437_dma.o ABSOLUTE
    at32f435_437_dvp.c                       0x00000000   Number         0  at32f435_437_dvp.o ABSOLUTE
    at32f435_437_edma.c                      0x00000000   Number         0  at32f435_437_edma.o ABSOLUTE
    at32f435_437_emac.c                      0x00000000   Number         0  at32f435_437_emac.o ABSOLUTE
    at32f435_437_ertc.c                      0x00000000   Number         0  at32f435_437_ertc.o ABSOLUTE
    at32f435_437_exint.c                     0x00000000   Number         0  at32f435_437_exint.o ABSOLUTE
    at32f435_437_flash.c                     0x00000000   Number         0  at32f435_437_flash.o ABSOLUTE
    at32f435_437_gpio.c                      0x00000000   Number         0  at32f435_437_gpio.o ABSOLUTE
    at32f435_437_i2c.c                       0x00000000   Number         0  at32f435_437_i2c.o ABSOLUTE
    at32f435_437_int.c                       0x00000000   Number         0  at32f435_437_int.o ABSOLUTE
    at32f435_437_misc.c                      0x00000000   Number         0  at32f435_437_misc.o ABSOLUTE
    at32f435_437_pwc.c                       0x00000000   Number         0  at32f435_437_pwc.o ABSOLUTE
    at32f435_437_qspi.c                      0x00000000   Number         0  at32f435_437_qspi.o ABSOLUTE
    at32f435_437_scfg.c                      0x00000000   Number         0  at32f435_437_scfg.o ABSOLUTE
    at32f435_437_sdio.c                      0x00000000   Number         0  at32f435_437_sdio.o ABSOLUTE
    at32f435_437_spi.c                       0x00000000   Number         0  at32f435_437_spi.o ABSOLUTE
    at32f435_437_tmr.c                       0x00000000   Number         0  at32f435_437_tmr.o ABSOLUTE
    at32f435_437_usart.c                     0x00000000   Number         0  at32f435_437_usart.o ABSOLUTE
    at32f435_437_usb.c                       0x00000000   Number         0  at32f435_437_usb.o ABSOLUTE
    at32f435_437_wdt.c                       0x00000000   Number         0  at32f435_437_wdt.o ABSOLUTE
    at32f435_437_wwdt.c                      0x00000000   Number         0  at32f435_437_wwdt.o ABSOLUTE
    at32f435_437_xmc.c                       0x00000000   Number         0  at32f435_437_xmc.o ABSOLUTE
    bsp_nafe11388.c                          0x00000000   Number         0  bsp_nafe11388.o ABSOLUTE
    bsp_spi.c                                0x00000000   Number         0  bsp_spi.o ABSOLUTE
    dc.s                                     0x00000000   Number         0  dc.o ABSOLUTE
    handlers.s                               0x00000000   Number         0  handlers.o ABSOLUTE
    init.s                                   0x00000000   Number         0  init.o ABSOLUTE
    main.c                                   0x00000000   Number         0  main.o ABSOLUTE
    nafe11388_if.c                           0x00000000   Number         0  nafe11388_if.o ABSOLUTE
    system_at32f435_437.c                    0x00000000   Number         0  system_at32f435_437.o ABSOLUTE
    RESET                                    0x08000000   Section      524  startup_at32f435_437.o(RESET)
    .ARM.Collect$$$$00000000                 0x0800020c   Section        0  entry.o(.ARM.Collect$$$$00000000)
    .ARM.Collect$$$$00000001                 0x0800020c   Section        4  entry2.o(.ARM.Collect$$$$00000001)
    .ARM.Collect$$$$00000004                 0x08000210   Section        4  entry5.o(.ARM.Collect$$$$00000004)
    .ARM.Collect$$$$00000008                 0x08000214   Section        0  entry7b.o(.ARM.Collect$$$$00000008)
    .ARM.Collect$$$$0000000A                 0x08000214   Section        0  entry8b.o(.ARM.Collect$$$$0000000A)
    .ARM.Collect$$$$0000000B                 0x08000214   Section        8  entry9a.o(.ARM.Collect$$$$0000000B)
    __lit__00000000                          0x0800021c   Data           4  entry2.o(.ARM.Collect$$$$00002712)
    .ARM.Collect$$$$0000000D                 0x0800021c   Section        0  entry10a.o(.ARM.Collect$$$$0000000D)
    .ARM.Collect$$$$0000000F                 0x0800021c   Section        0  entry11a.o(.ARM.Collect$$$$0000000F)
    .ARM.Collect$$$$00002712                 0x0800021c   Section        4  entry2.o(.ARM.Collect$$$$00002712)
    $v0                                      0x08000220   Number         0  startup_at32f435_437.o(.text)
    .text                                    0x08000220   Section       36  startup_at32f435_437.o(.text)
    .text                                    0x08000244   Section        0  uldiv.o(.text)
    .text                                    0x080002a6   Section        0  memseta.o(.text)
    .text                                    0x080002ca   Section        0  dmul.o(.text)
    .text                                    0x080003ae   Section        0  ddiv.o(.text)
    .text                                    0x0800048c   Section        0  dflti.o(.text)
    .text                                    0x080004ae   Section        0  f2d.o(.text)
    .text                                    0x080004d4   Section        0  llshl.o(.text)
    .text                                    0x080004f2   Section        0  llushr.o(.text)
    .text                                    0x08000512   Section        0  iusefp.o(.text)
    .text                                    0x08000512   Section        0  depilogue.o(.text)
    .text                                    0x080005cc   Section       36  init.o(.text)
    [Anonymous Symbol]                       0x080005f0   Section        0  at32f435_437_int.o(.text.BusFault_Handler)
    [Anonymous Symbol]                       0x080005f4   Section        0  at32f435_437_int.o(.text.DebugMon_Handler)
    [Anonymous Symbol]                       0x080005f8   Section        0  at32f435_437_int.o(.text.HardFault_Handler)
    [Anonymous Symbol]                       0x080005fc   Section        0  at32f435_437_int.o(.text.MemManage_Handler)
    NAFE_HAL_delay                           0x08000601   Thumb Code   122  bsp_nafe11388.o(.text.NAFE_HAL_delay)
    [Anonymous Symbol]                       0x08000600   Section        0  bsp_nafe11388.o(.text.NAFE_HAL_delay)
    [Anonymous Symbol]                       0x0800067c   Section        0  bsp_nafe11388.o(.text.NAFE_HAL_readRegBlock)
    [Anonymous Symbol]                       0x08000760   Section        0  bsp_nafe11388.o(.text.NAFE_HAL_sendCmdBlock)
    [Anonymous Symbol]                       0x08000790   Section        0  bsp_nafe11388.o(.text.NAFE_HAL_writeRegBlock)
    NAFE_combCmdForAccessRegs                0x08000829   Thumb Code    64  bsp_nafe11388.o(.text.NAFE_combCmdForAccessRegs)
    [Anonymous Symbol]                       0x08000828   Section        0  bsp_nafe11388.o(.text.NAFE_combCmdForAccessRegs)
    NAFE_combCmdForInstructionCmds           0x08000869   Thumb Code    42  bsp_nafe11388.o(.text.NAFE_combCmdForInstructionCmds)
    [Anonymous Symbol]                       0x08000868   Section        0  bsp_nafe11388.o(.text.NAFE_combCmdForInstructionCmds)
    NAFE_formatResultArray                   0x08000899   Thumb Code   476  bsp_nafe11388.o(.text.NAFE_formatResultArray)
    [Anonymous Symbol]                       0x08000898   Section        0  bsp_nafe11388.o(.text.NAFE_formatResultArray)
    [Anonymous Symbol]                       0x08000a74   Section        0  bsp_nafe11388.o(.text.NAFE_init)
    NAFE_mccrBlock                           0x08000cb5   Thumb Code   414  bsp_nafe11388.o(.text.NAFE_mccrBlock)
    [Anonymous Symbol]                       0x08000cb4   Section        0  bsp_nafe11388.o(.text.NAFE_mccrBlock)
    NAFE_mcmrBlock                           0x08000e55   Thumb Code   346  bsp_nafe11388.o(.text.NAFE_mcmrBlock)
    [Anonymous Symbol]                       0x08000e54   Section        0  bsp_nafe11388.o(.text.NAFE_mcmrBlock)
    NAFE_mcsrBlock                           0x08000fb1   Thumb Code   188  bsp_nafe11388.o(.text.NAFE_mcsrBlock)
    [Anonymous Symbol]                       0x08000fb0   Section        0  bsp_nafe11388.o(.text.NAFE_mcsrBlock)
    NAFE_readRegBlock                        0x0800106d   Thumb Code    52  bsp_nafe11388.o(.text.NAFE_readRegBlock)
    [Anonymous Symbol]                       0x0800106c   Section        0  bsp_nafe11388.o(.text.NAFE_readRegBlock)
    NAFE_resetDevice                         0x080010a1   Thumb Code    30  bsp_nafe11388.o(.text.NAFE_resetDevice)
    [Anonymous Symbol]                       0x080010a0   Section        0  bsp_nafe11388.o(.text.NAFE_resetDevice)
    NAFE_sccrBlock                           0x080010c1   Thumb Code   198  bsp_nafe11388.o(.text.NAFE_sccrBlock)
    [Anonymous Symbol]                       0x080010c0   Section        0  bsp_nafe11388.o(.text.NAFE_sccrBlock)
    NAFE_scsrBlock                           0x08001189   Thumb Code   184  bsp_nafe11388.o(.text.NAFE_scsrBlock)
    [Anonymous Symbol]                       0x08001188   Section        0  bsp_nafe11388.o(.text.NAFE_scsrBlock)
    NAFE_sendCmdBlock                        0x08001241   Thumb Code    34  bsp_nafe11388.o(.text.NAFE_sendCmdBlock)
    [Anonymous Symbol]                       0x08001240   Section        0  bsp_nafe11388.o(.text.NAFE_sendCmdBlock)
    NAFE_setChannel                          0x08001265   Thumb Code    30  bsp_nafe11388.o(.text.NAFE_setChannel)
    [Anonymous Symbol]                       0x08001264   Section        0  bsp_nafe11388.o(.text.NAFE_setChannel)
    [Anonymous Symbol]                       0x08001284   Section        0  bsp_nafe11388.o(.text.NAFE_startSample)
    NAFE_terminateContiSample                0x080013a5   Thumb Code    34  bsp_nafe11388.o(.text.NAFE_terminateContiSample)
    [Anonymous Symbol]                       0x080013a4   Section        0  bsp_nafe11388.o(.text.NAFE_terminateContiSample)
    NAFE_triggerSample                       0x080013c9   Thumb Code   166  bsp_nafe11388.o(.text.NAFE_triggerSample)
    [Anonymous Symbol]                       0x080013c8   Section        0  bsp_nafe11388.o(.text.NAFE_triggerSample)
    NAFE_writeRegBlock                       0x08001471   Thumb Code    50  bsp_nafe11388.o(.text.NAFE_writeRegBlock)
    [Anonymous Symbol]                       0x08001470   Section        0  bsp_nafe11388.o(.text.NAFE_writeRegBlock)
    [Anonymous Symbol]                       0x080014a4   Section        0  at32f435_437_int.o(.text.NMI_Handler)
    [Anonymous Symbol]                       0x080014a8   Section        0  at32f435_437_int.o(.text.PendSV_Handler)
    [Anonymous Symbol]                       0x080014ac   Section        0  bsp_spi.o(.text.SPI_ReadWriteByte)
    [Anonymous Symbol]                       0x0800161c   Section        0  at32f435_437_int.o(.text.SVC_Handler)
    [Anonymous Symbol]                       0x08001620   Section        0  at32f435_437_int.o(.text.SysTick_Handler)
    [Anonymous Symbol]                       0x08001624   Section        0  system_at32f435_437.o(.text.SystemInit)
    [Anonymous Symbol]                       0x080016dc   Section        0  at32f435_437_int.o(.text.UsageFault_Handler)
    [Anonymous Symbol]                       0x080016e0   Section        0  bsp_spi.o(.text.bsp_spi_config)
    bsp_spi_gpio_config                      0x08001939   Thumb Code   172  bsp_spi.o(.text.bsp_spi_gpio_config)
    [Anonymous Symbol]                       0x08001938   Section        0  bsp_spi.o(.text.bsp_spi_gpio_config)
    [Anonymous Symbol]                       0x080019e4   Section        0  bsp_spi.o(.text.bsp_spi_set_cs)
    [Anonymous Symbol]                       0x08001a1c   Section        0  at32f435_437_crm.o(.text.crm_ahb_div_set)
    [Anonymous Symbol]                       0x08001a44   Section        0  at32f435_437_crm.o(.text.crm_apb1_div_set)
    [Anonymous Symbol]                       0x08001a6c   Section        0  at32f435_437_crm.o(.text.crm_apb2_div_set)
    [Anonymous Symbol]                       0x08001a94   Section        0  at32f435_437_crm.o(.text.crm_auto_step_mode_enable)
    [Anonymous Symbol]                       0x08001acc   Section        0  at32f435_437_crm.o(.text.crm_clock_source_enable)
    [Anonymous Symbol]                       0x08001b74   Section        0  at32f435_437_crm.o(.text.crm_flag_get)
    [Anonymous Symbol]                       0x08001bb4   Section        0  at32f435_437_crm.o(.text.crm_hext_stable_wait)
    [Anonymous Symbol]                       0x08001c18   Section        0  at32f435_437_crm.o(.text.crm_periph_clock_enable)
    [Anonymous Symbol]                       0x08001c6c   Section        0  at32f435_437_crm.o(.text.crm_pll_config)
    [Anonymous Symbol]                       0x08001cf0   Section        0  at32f435_437_crm.o(.text.crm_reset)
    [Anonymous Symbol]                       0x08001d8c   Section        0  at32f435_437_crm.o(.text.crm_sysclk_switch)
    [Anonymous Symbol]                       0x08001dd4   Section        0  at32f435_437_crm.o(.text.crm_sysclk_switch_status_get)
    [Anonymous Symbol]                       0x08001de4   Section        0  at32f435_437_gpio.o(.text.gpio_bits_reset)
    [Anonymous Symbol]                       0x08001df8   Section        0  at32f435_437_gpio.o(.text.gpio_bits_set)
    [Anonymous Symbol]                       0x08001e0c   Section        0  at32f435_437_gpio.o(.text.gpio_default_para_init)
    [Anonymous Symbol]                       0x08001e30   Section        0  at32f435_437_gpio.o(.text.gpio_init)
    [Anonymous Symbol]                       0x08001f18   Section        0  at32f435_437_gpio.o(.text.gpio_pin_mux_config)
    [Anonymous Symbol]                       0x08001fa0   Section        0  main.o(.text.main)
    [Anonymous Symbol]                       0x08002000   Section        0  nafe11388_if.o(.text.nafe11388_init)
    [Anonymous Symbol]                       0x08002034   Section        0  nafe11388_if.o(.text.nafe11388_startSample)
    [Anonymous Symbol]                       0x080020dc   Section        0  at32f435_437_spi.o(.text.spi_default_para_init)
    [Anonymous Symbol]                       0x08002108   Section        0  at32f435_437_spi.o(.text.spi_enable)
    [Anonymous Symbol]                       0x0800212c   Section        0  at32f435_437_spi.o(.text.spi_i2s_flag_get)
    [Anonymous Symbol]                       0x0800215c   Section        0  at32f435_437_spi.o(.text.spi_init)
    [Anonymous Symbol]                       0x08002354   Section        0  at32f435_437_clock.o(.text.system_clock_config)
    [Anonymous Symbol]                       0x08002404   Section        0  system_at32f435_437.o(.text.system_core_clock_update)
    i.__scatterload_copy                     0x08002554   Section       14  handlers.o(i.__scatterload_copy)
    i.__scatterload_null                     0x08002562   Section        2  handlers.o(i.__scatterload_null)
    i.__scatterload_zeroinit                 0x08002564   Section       14  handlers.o(i.__scatterload_zeroinit)
    system_core_clock_update.pll_fr_table    0x08002572   Data           6  system_at32f435_437.o(.rodata.system_core_clock_update.pll_fr_table)
    [Anonymous Symbol]                       0x08002572   Section        0  system_at32f435_437.o(.rodata.system_core_clock_update.pll_fr_table)
    system_core_clock_update.sys_ahb_div_table 0x08002578   Data          16  system_at32f435_437.o(.rodata.system_core_clock_update.sys_ahb_div_table)
    [Anonymous Symbol]                       0x08002578   Section        0  system_at32f435_437.o(.rodata.system_core_clock_update.sys_ahb_div_table)
    gs_ChnConfig                             0x20000000   Data         224  nafe11388_if.o(.data.gs_ChnConfig)
    [Anonymous Symbol]                       0x20000000   Section        0  nafe11388_if.o(.data.gs_ChnConfig)
    gs_SysConfig                             0x200000e0   Data           6  nafe11388_if.o(.data.gs_SysConfig)
    [Anonymous Symbol]                       0x200000e0   Section        0  nafe11388_if.o(.data.gs_SysConfig)
    gs_XferHdl                               0x200000e8   Data          32  nafe11388_if.o(.data.gs_XferHdl)
    [Anonymous Symbol]                       0x200000e8   Section        0  nafe11388_if.o(.data.gs_XferHdl)
    nafe_dev                                 0x20000108   Data          20  nafe11388_if.o(.data.nafe_dev)
    [Anonymous Symbol]                       0x20000108   Section        0  nafe11388_if.o(.data.nafe_dev)
    gs_Result                                0x20000120   Data           8  nafe11388_if.o(.bss.gs_Result)
    [Anonymous Symbol]                       0x20000120   Section        0  nafe11388_if.o(.bss.gs_Result)
    STACK                                    0x20000128   Section     1024  startup_at32f435_437.o(STACK)

    Global Symbols

    Symbol Name                              Value     Ov Type        Size  Object(Section)

    BuildAttributes$$THM_ISAv4$E$P$D$K$B$S$7EM$VFPi3$EXTD16$VFPS$VFMA$PE$A:L22UL41UL21$X:L11$S22US41US21$IEEE1$IW$~IW$USESV6$~STKCKD$USESV7$~SHL$OSPACE$ROPI$EBA8$MICROLIB$REQ8$PRES8$EABIv2 0x00000000   Number         0  anon$$obj.o ABSOLUTE
    __cpp_initialize__aeabi_                  - Undefined Weak Reference
    __cxa_finalize                            - Undefined Weak Reference
    __decompress                              - Undefined Weak Reference
    _clock_init                               - Undefined Weak Reference
    _microlib_exit                            - Undefined Weak Reference
    __Vectors_Size                           0x0000020c   Number         0  startup_at32f435_437.o ABSOLUTE
    __Vectors                                0x08000000   Data           4  startup_at32f435_437.o(RESET)
    __Vectors_End                            0x0800020c   Data           0  startup_at32f435_437.o(RESET)
    __main                                   0x0800020d   Thumb Code     0  entry.o(.ARM.Collect$$$$00000000)
    _main_stk                                0x0800020d   Thumb Code     0  entry2.o(.ARM.Collect$$$$00000001)
    _main_scatterload                        0x08000211   Thumb Code     0  entry5.o(.ARM.Collect$$$$00000004)
    __main_after_scatterload                 0x08000215   Thumb Code     0  entry5.o(.ARM.Collect$$$$00000004)
    _main_clock                              0x08000215   Thumb Code     0  entry7b.o(.ARM.Collect$$$$00000008)
    _main_cpp_init                           0x08000215   Thumb Code     0  entry8b.o(.ARM.Collect$$$$0000000A)
    _main_init                               0x08000215   Thumb Code     0  entry9a.o(.ARM.Collect$$$$0000000B)
    __rt_final_cpp                           0x0800021d   Thumb Code     0  entry10a.o(.ARM.Collect$$$$0000000D)
    __rt_final_exit                          0x0800021d   Thumb Code     0  entry11a.o(.ARM.Collect$$$$0000000F)
    Reset_Handler                            0x08000221   Thumb Code     8  startup_at32f435_437.o(.text)
    ACC_IRQHandler                           0x0800023b   Thumb Code     0  startup_at32f435_437.o(.text)
    ADC1_2_3_IRQHandler                      0x0800023b   Thumb Code     0  startup_at32f435_437.o(.text)
    CAN1_RX0_IRQHandler                      0x0800023b   Thumb Code     0  startup_at32f435_437.o(.text)
    CAN1_RX1_IRQHandler                      0x0800023b   Thumb Code     0  startup_at32f435_437.o(.text)
    CAN1_SE_IRQHandler                       0x0800023b   Thumb Code     0  startup_at32f435_437.o(.text)
    CAN1_TX_IRQHandler                       0x0800023b   Thumb Code     0  startup_at32f435_437.o(.text)
    CAN2_RX0_IRQHandler                      0x0800023b   Thumb Code     0  startup_at32f435_437.o(.text)
    CAN2_RX1_IRQHandler                      0x0800023b   Thumb Code     0  startup_at32f435_437.o(.text)
    CAN2_SE_IRQHandler                       0x0800023b   Thumb Code     0  startup_at32f435_437.o(.text)
    CAN2_TX_IRQHandler                       0x0800023b   Thumb Code     0  startup_at32f435_437.o(.text)
    CRM_IRQHandler                           0x0800023b   Thumb Code     0  startup_at32f435_437.o(.text)
    DMA1_Channel1_IRQHandler                 0x0800023b   Thumb Code     0  startup_at32f435_437.o(.text)
    DMA1_Channel2_IRQHandler                 0x0800023b   Thumb Code     0  startup_at32f435_437.o(.text)
    DMA1_Channel3_IRQHandler                 0x0800023b   Thumb Code     0  startup_at32f435_437.o(.text)
    DMA1_Channel4_IRQHandler                 0x0800023b   Thumb Code     0  startup_at32f435_437.o(.text)
    DMA1_Channel5_IRQHandler                 0x0800023b   Thumb Code     0  startup_at32f435_437.o(.text)
    DMA1_Channel6_IRQHandler                 0x0800023b   Thumb Code     0  startup_at32f435_437.o(.text)
    DMA1_Channel7_IRQHandler                 0x0800023b   Thumb Code     0  startup_at32f435_437.o(.text)
    DMA2_Channel1_IRQHandler                 0x0800023b   Thumb Code     0  startup_at32f435_437.o(.text)
    DMA2_Channel2_IRQHandler                 0x0800023b   Thumb Code     0  startup_at32f435_437.o(.text)
    DMA2_Channel3_IRQHandler                 0x0800023b   Thumb Code     0  startup_at32f435_437.o(.text)
    DMA2_Channel4_IRQHandler                 0x0800023b   Thumb Code     0  startup_at32f435_437.o(.text)
    DMA2_Channel5_IRQHandler                 0x0800023b   Thumb Code     0  startup_at32f435_437.o(.text)
    DMA2_Channel6_IRQHandler                 0x0800023b   Thumb Code     0  startup_at32f435_437.o(.text)
    DMA2_Channel7_IRQHandler                 0x0800023b   Thumb Code     0  startup_at32f435_437.o(.text)
    DMAMUX_IRQHandler                        0x0800023b   Thumb Code     0  startup_at32f435_437.o(.text)
    DVP_IRQHandler                           0x0800023b   Thumb Code     0  startup_at32f435_437.o(.text)
    EDMA_Stream1_IRQHandler                  0x0800023b   Thumb Code     0  startup_at32f435_437.o(.text)
    EDMA_Stream2_IRQHandler                  0x0800023b   Thumb Code     0  startup_at32f435_437.o(.text)
    EDMA_Stream3_IRQHandler                  0x0800023b   Thumb Code     0  startup_at32f435_437.o(.text)
    EDMA_Stream4_IRQHandler                  0x0800023b   Thumb Code     0  startup_at32f435_437.o(.text)
    EDMA_Stream5_IRQHandler                  0x0800023b   Thumb Code     0  startup_at32f435_437.o(.text)
    EDMA_Stream6_IRQHandler                  0x0800023b   Thumb Code     0  startup_at32f435_437.o(.text)
    EDMA_Stream7_IRQHandler                  0x0800023b   Thumb Code     0  startup_at32f435_437.o(.text)
    EDMA_Stream8_IRQHandler                  0x0800023b   Thumb Code     0  startup_at32f435_437.o(.text)
    EMAC_IRQHandler                          0x0800023b   Thumb Code     0  startup_at32f435_437.o(.text)
    EMAC_WKUP_IRQHandler                     0x0800023b   Thumb Code     0  startup_at32f435_437.o(.text)
    ERTCAlarm_IRQHandler                     0x0800023b   Thumb Code     0  startup_at32f435_437.o(.text)
    ERTC_WKUP_IRQHandler                     0x0800023b   Thumb Code     0  startup_at32f435_437.o(.text)
    EXINT0_IRQHandler                        0x0800023b   Thumb Code     0  startup_at32f435_437.o(.text)
    EXINT15_10_IRQHandler                    0x0800023b   Thumb Code     0  startup_at32f435_437.o(.text)
    EXINT1_IRQHandler                        0x0800023b   Thumb Code     0  startup_at32f435_437.o(.text)
    EXINT2_IRQHandler                        0x0800023b   Thumb Code     0  startup_at32f435_437.o(.text)
    EXINT3_IRQHandler                        0x0800023b   Thumb Code     0  startup_at32f435_437.o(.text)
    EXINT4_IRQHandler                        0x0800023b   Thumb Code     0  startup_at32f435_437.o(.text)
    EXINT9_5_IRQHandler                      0x0800023b   Thumb Code     0  startup_at32f435_437.o(.text)
    FLASH_IRQHandler                         0x0800023b   Thumb Code     0  startup_at32f435_437.o(.text)
    FPU_IRQHandler                           0x0800023b   Thumb Code     0  startup_at32f435_437.o(.text)
    I2C1_ERR_IRQHandler                      0x0800023b   Thumb Code     0  startup_at32f435_437.o(.text)
    I2C1_EVT_IRQHandler                      0x0800023b   Thumb Code     0  startup_at32f435_437.o(.text)
    I2C2_ERR_IRQHandler                      0x0800023b   Thumb Code     0  startup_at32f435_437.o(.text)
    I2C2_EVT_IRQHandler                      0x0800023b   Thumb Code     0  startup_at32f435_437.o(.text)
    I2C3_ERR_IRQHandler                      0x0800023b   Thumb Code     0  startup_at32f435_437.o(.text)
    I2C3_EVT_IRQHandler                      0x0800023b   Thumb Code     0  startup_at32f435_437.o(.text)
    OTGFS1_IRQHandler                        0x0800023b   Thumb Code     0  startup_at32f435_437.o(.text)
    OTGFS1_WKUP_IRQHandler                   0x0800023b   Thumb Code     0  startup_at32f435_437.o(.text)
    OTGFS2_IRQHandler                        0x0800023b   Thumb Code     0  startup_at32f435_437.o(.text)
    OTGFS2_WKUP_IRQHandler                   0x0800023b   Thumb Code     0  startup_at32f435_437.o(.text)
    PVM_IRQHandler                           0x0800023b   Thumb Code     0  startup_at32f435_437.o(.text)
    QSPI1_IRQHandler                         0x0800023b   Thumb Code     0  startup_at32f435_437.o(.text)
    QSPI2_IRQHandler                         0x0800023b   Thumb Code     0  startup_at32f435_437.o(.text)
    SDIO1_IRQHandler                         0x0800023b   Thumb Code     0  startup_at32f435_437.o(.text)
    SDIO2_IRQHandler                         0x0800023b   Thumb Code     0  startup_at32f435_437.o(.text)
    SPI1_IRQHandler                          0x0800023b   Thumb Code     0  startup_at32f435_437.o(.text)
    SPI2_I2S2EXT_IRQHandler                  0x0800023b   Thumb Code     0  startup_at32f435_437.o(.text)
    SPI3_I2S3EXT_IRQHandler                  0x0800023b   Thumb Code     0  startup_at32f435_437.o(.text)
    SPI4_IRQHandler                          0x0800023b   Thumb Code     0  startup_at32f435_437.o(.text)
    TAMP_STAMP_IRQHandler                    0x0800023b   Thumb Code     0  startup_at32f435_437.o(.text)
    TMR1_BRK_TMR9_IRQHandler                 0x0800023b   Thumb Code     0  startup_at32f435_437.o(.text)
    TMR1_CH_IRQHandler                       0x0800023b   Thumb Code     0  startup_at32f435_437.o(.text)
    TMR1_OVF_TMR10_IRQHandler                0x0800023b   Thumb Code     0  startup_at32f435_437.o(.text)
    TMR1_TRG_HALL_TMR11_IRQHandler           0x0800023b   Thumb Code     0  startup_at32f435_437.o(.text)
    TMR20_BRK_IRQHandler                     0x0800023b   Thumb Code     0  startup_at32f435_437.o(.text)
    TMR20_CH_IRQHandler                      0x0800023b   Thumb Code     0  startup_at32f435_437.o(.text)
    TMR20_OVF_IRQHandler                     0x0800023b   Thumb Code     0  startup_at32f435_437.o(.text)
    TMR20_TRG_HALL_IRQHandler                0x0800023b   Thumb Code     0  startup_at32f435_437.o(.text)
    TMR2_GLOBAL_IRQHandler                   0x0800023b   Thumb Code     0  startup_at32f435_437.o(.text)
    TMR3_GLOBAL_IRQHandler                   0x0800023b   Thumb Code     0  startup_at32f435_437.o(.text)
    TMR4_GLOBAL_IRQHandler                   0x0800023b   Thumb Code     0  startup_at32f435_437.o(.text)
    TMR5_GLOBAL_IRQHandler                   0x0800023b   Thumb Code     0  startup_at32f435_437.o(.text)
    TMR6_DAC_GLOBAL_IRQHandler               0x0800023b   Thumb Code     0  startup_at32f435_437.o(.text)
    TMR7_GLOBAL_IRQHandler                   0x0800023b   Thumb Code     0  startup_at32f435_437.o(.text)
    TMR8_BRK_TMR12_IRQHandler                0x0800023b   Thumb Code     0  startup_at32f435_437.o(.text)
    TMR8_CH_IRQHandler                       0x0800023b   Thumb Code     0  startup_at32f435_437.o(.text)
    TMR8_OVF_TMR13_IRQHandler                0x0800023b   Thumb Code     0  startup_at32f435_437.o(.text)
    TMR8_TRG_HALL_TMR14_IRQHandler           0x0800023b   Thumb Code     0  startup_at32f435_437.o(.text)
    UART4_IRQHandler                         0x0800023b   Thumb Code     0  startup_at32f435_437.o(.text)
    UART5_IRQHandler                         0x0800023b   Thumb Code     0  startup_at32f435_437.o(.text)
    UART7_IRQHandler                         0x0800023b   Thumb Code     0  startup_at32f435_437.o(.text)
    UART8_IRQHandler                         0x0800023b   Thumb Code     0  startup_at32f435_437.o(.text)
    USART1_IRQHandler                        0x0800023b   Thumb Code     0  startup_at32f435_437.o(.text)
    USART2_IRQHandler                        0x0800023b   Thumb Code     0  startup_at32f435_437.o(.text)
    USART3_IRQHandler                        0x0800023b   Thumb Code     0  startup_at32f435_437.o(.text)
    USART6_IRQHandler                        0x0800023b   Thumb Code     0  startup_at32f435_437.o(.text)
    WWDT_IRQHandler                          0x0800023b   Thumb Code     0  startup_at32f435_437.o(.text)
    XMC_IRQHandler                           0x0800023b   Thumb Code     0  startup_at32f435_437.o(.text)
    __aeabi_uldivmod                         0x08000245   Thumb Code    98  uldiv.o(.text)
    __aeabi_memset                           0x080002a7   Thumb Code    14  memseta.o(.text)
    __aeabi_memset4                          0x080002a7   Thumb Code     0  memseta.o(.text)
    __aeabi_memset8                          0x080002a7   Thumb Code     0  memseta.o(.text)
    __aeabi_memclr                           0x080002b5   Thumb Code     4  memseta.o(.text)
    __aeabi_memclr4                          0x080002b5   Thumb Code     0  memseta.o(.text)
    __aeabi_memclr8                          0x080002b5   Thumb Code     0  memseta.o(.text)
    _memset$wrapper                          0x080002b9   Thumb Code    18  memseta.o(.text)
    __aeabi_dmul                             0x080002cb   Thumb Code   228  dmul.o(.text)
    __aeabi_ddiv                             0x080003af   Thumb Code   222  ddiv.o(.text)
    __aeabi_i2d                              0x0800048d   Thumb Code    34  dflti.o(.text)
    __aeabi_f2d                              0x080004af   Thumb Code    38  f2d.o(.text)
    __aeabi_llsl                             0x080004d5   Thumb Code    30  llshl.o(.text)
    _ll_shift_l                              0x080004d5   Thumb Code     0  llshl.o(.text)
    __aeabi_llsr                             0x080004f3   Thumb Code    32  llushr.o(.text)
    _ll_ushift_r                             0x080004f3   Thumb Code     0  llushr.o(.text)
    __I$use$fp                               0x08000513   Thumb Code     0  iusefp.o(.text)
    _double_round                            0x08000513   Thumb Code    30  depilogue.o(.text)
    _double_epilogue                         0x08000531   Thumb Code   156  depilogue.o(.text)
    __scatterload                            0x080005cd   Thumb Code    28  init.o(.text)
    __scatterload_rt2                        0x080005cd   Thumb Code     0  init.o(.text)
    BusFault_Handler                         0x080005f1   Thumb Code     4  at32f435_437_int.o(.text.BusFault_Handler)
    DebugMon_Handler                         0x080005f5   Thumb Code     2  at32f435_437_int.o(.text.DebugMon_Handler)
    HardFault_Handler                        0x080005f9   Thumb Code     4  at32f435_437_int.o(.text.HardFault_Handler)
    MemManage_Handler                        0x080005fd   Thumb Code     4  at32f435_437_int.o(.text.MemManage_Handler)
    NAFE_HAL_readRegBlock                    0x0800067d   Thumb Code   226  bsp_nafe11388.o(.text.NAFE_HAL_readRegBlock)
    NAFE_HAL_sendCmdBlock                    0x08000761   Thumb Code    48  bsp_nafe11388.o(.text.NAFE_HAL_sendCmdBlock)
    NAFE_HAL_writeRegBlock                   0x08000791   Thumb Code   152  bsp_nafe11388.o(.text.NAFE_HAL_writeRegBlock)
    NAFE_init                                0x08000a75   Thumb Code   576  bsp_nafe11388.o(.text.NAFE_init)
    NAFE_startSample                         0x08001285   Thumb Code   288  bsp_nafe11388.o(.text.NAFE_startSample)
    NMI_Handler                              0x080014a5   Thumb Code     2  at32f435_437_int.o(.text.NMI_Handler)
    PendSV_Handler                           0x080014a9   Thumb Code     2  at32f435_437_int.o(.text.PendSV_Handler)
    SPI_ReadWriteByte                        0x080014ad   Thumb Code   366  bsp_spi.o(.text.SPI_ReadWriteByte)
    SVC_Handler                              0x0800161d   Thumb Code     2  at32f435_437_int.o(.text.SVC_Handler)
    SysTick_Handler                          0x08001621   Thumb Code     2  at32f435_437_int.o(.text.SysTick_Handler)
    SystemInit                               0x08001625   Thumb Code   184  system_at32f435_437.o(.text.SystemInit)
    UsageFault_Handler                       0x080016dd   Thumb Code     4  at32f435_437_int.o(.text.UsageFault_Handler)
    bsp_spi_config                           0x080016e1   Thumb Code   600  bsp_spi.o(.text.bsp_spi_config)
    bsp_spi_set_cs                           0x080019e5   Thumb Code    56  bsp_spi.o(.text.bsp_spi_set_cs)
    crm_ahb_div_set                          0x08001a1d   Thumb Code    38  at32f435_437_crm.o(.text.crm_ahb_div_set)
    crm_apb1_div_set                         0x08001a45   Thumb Code    38  at32f435_437_crm.o(.text.crm_apb1_div_set)
    crm_apb2_div_set                         0x08001a6d   Thumb Code    38  at32f435_437_crm.o(.text.crm_apb2_div_set)
    crm_auto_step_mode_enable                0x08001a95   Thumb Code    56  at32f435_437_crm.o(.text.crm_auto_step_mode_enable)
    crm_clock_source_enable                  0x08001acd   Thumb Code   166  at32f435_437_crm.o(.text.crm_clock_source_enable)
    crm_flag_get                             0x08001b75   Thumb Code    62  at32f435_437_crm.o(.text.crm_flag_get)
    crm_hext_stable_wait                     0x08001bb5   Thumb Code   100  at32f435_437_crm.o(.text.crm_hext_stable_wait)
    crm_periph_clock_enable                  0x08001c19   Thumb Code    82  at32f435_437_crm.o(.text.crm_periph_clock_enable)
    crm_pll_config                           0x08001c6d   Thumb Code   130  at32f435_437_crm.o(.text.crm_pll_config)
    crm_reset                                0x08001cf1   Thumb Code   154  at32f435_437_crm.o(.text.crm_reset)
    crm_sysclk_switch                        0x08001d8d   Thumb Code    70  at32f435_437_crm.o(.text.crm_sysclk_switch)
    crm_sysclk_switch_status_get             0x08001dd5   Thumb Code    16  at32f435_437_crm.o(.text.crm_sysclk_switch_status_get)
    gpio_bits_reset                          0x08001de5   Thumb Code    20  at32f435_437_gpio.o(.text.gpio_bits_reset)
    gpio_bits_set                            0x08001df9   Thumb Code    20  at32f435_437_gpio.o(.text.gpio_bits_set)
    gpio_default_para_init                   0x08001e0d   Thumb Code    36  at32f435_437_gpio.o(.text.gpio_default_para_init)
    gpio_init                                0x08001e31   Thumb Code   232  at32f435_437_gpio.o(.text.gpio_init)
    gpio_pin_mux_config                      0x08001f19   Thumb Code   136  at32f435_437_gpio.o(.text.gpio_pin_mux_config)
    main                                     0x08001fa1   Thumb Code    96  main.o(.text.main)
    nafe11388_init                           0x08002001   Thumb Code    50  nafe11388_if.o(.text.nafe11388_init)
    nafe11388_startSample                    0x08002035   Thumb Code   168  nafe11388_if.o(.text.nafe11388_startSample)
    spi_default_para_init                    0x080020dd   Thumb Code    44  at32f435_437_spi.o(.text.spi_default_para_init)
    spi_enable                               0x08002109   Thumb Code    34  at32f435_437_spi.o(.text.spi_enable)
    spi_i2s_flag_get                         0x0800212d   Thumb Code    48  at32f435_437_spi.o(.text.spi_i2s_flag_get)
    spi_init                                 0x0800215d   Thumb Code   502  at32f435_437_spi.o(.text.spi_init)
    system_clock_config                      0x08002355   Thumb Code   174  at32f435_437_clock.o(.text.system_clock_config)
    system_core_clock_update                 0x08002405   Thumb Code   336  system_at32f435_437.o(.text.system_core_clock_update)
    __scatterload_copy                       0x08002555   Thumb Code    14  handlers.o(i.__scatterload_copy)
    __scatterload_null                       0x08002563   Thumb Code     2  handlers.o(i.__scatterload_null)
    __scatterload_zeroinit                   0x08002565   Thumb Code    14  handlers.o(i.__scatterload_zeroinit)
    Region$$Table$$Base                      0x08002588   Number         0  anon$$obj.o(Region$$Table)
    Region$$Table$$Limit                     0x080025a8   Number         0  anon$$obj.o(Region$$Table)
    system_core_clock                        0x2000011c   Data           4  system_at32f435_437.o(.data.system_core_clock)
    __initial_sp                             0x20000528   Data           0  startup_at32f435_437.o(STACK)



==============================================================================

Memory Map of the image

  Image Entry point : 0x0800020d

  Load Region LR_IROM1 (Base: 0x08000000, Size: 0x000026c8, Max: 0x00100000, ABSOLUTE)

    Execution Region ER_IROM1 (Exec base: 0x08000000, Load base: 0x08000000, Size: 0x000025a8, Max: 0x00100000, ABSOLUTE)

    Exec Addr    Load Addr    Size         Type   Attr      Idx    E Section Name        Object

    0x08000000   0x08000000   0x0000020c   Data   RO         1639    RESET               startup_at32f435_437.o
    0x0800020c   0x0800020c   0x00000000   Code   RO         1745  * .ARM.Collect$$$$00000000  mc_w.l(entry.o)
    0x0800020c   0x0800020c   0x00000004   Code   RO         1760    .ARM.Collect$$$$00000001  mc_w.l(entry2.o)
    0x08000210   0x08000210   0x00000004   Code   RO         1763    .ARM.Collect$$$$00000004  mc_w.l(entry5.o)
    0x08000214   0x08000214   0x00000000   Code   RO         1765    .ARM.Collect$$$$00000008  mc_w.l(entry7b.o)
    0x08000214   0x08000214   0x00000000   Code   RO         1767    .ARM.Collect$$$$0000000A  mc_w.l(entry8b.o)
    0x08000214   0x08000214   0x00000008   Code   RO         1768    .ARM.Collect$$$$0000000B  mc_w.l(entry9a.o)
    0x0800021c   0x0800021c   0x00000000   Code   RO         1770    .ARM.Collect$$$$0000000D  mc_w.l(entry10a.o)
    0x0800021c   0x0800021c   0x00000000   Code   RO         1772    .ARM.Collect$$$$0000000F  mc_w.l(entry11a.o)
    0x0800021c   0x0800021c   0x00000004   Code   RO         1761    .ARM.Collect$$$$00002712  mc_w.l(entry2.o)
    0x08000220   0x08000220   0x00000024   Code   RO         1640    .text               startup_at32f435_437.o
    0x08000244   0x08000244   0x00000062   Code   RO         1748    .text               mc_w.l(uldiv.o)
    0x080002a6   0x080002a6   0x00000024   Code   RO         1750    .text               mc_w.l(memseta.o)
    0x080002ca   0x080002ca   0x000000e4   Code   RO         1752    .text               mf_w.l(dmul.o)
    0x080003ae   0x080003ae   0x000000de   Code   RO         1754    .text               mf_w.l(ddiv.o)
    0x0800048c   0x0800048c   0x00000022   Code   RO         1756    .text               mf_w.l(dflti.o)
    0x080004ae   0x080004ae   0x00000026   Code   RO         1758    .text               mf_w.l(f2d.o)
    0x080004d4   0x080004d4   0x0000001e   Code   RO         1774    .text               mc_w.l(llshl.o)
    0x080004f2   0x080004f2   0x00000020   Code   RO         1776    .text               mc_w.l(llushr.o)
    0x08000512   0x08000512   0x00000000   Code   RO         1778    .text               mc_w.l(iusefp.o)
    0x08000512   0x08000512   0x000000ba   Code   RO         1779    .text               mf_w.l(depilogue.o)
    0x080005cc   0x080005cc   0x00000024   Code   RO         1781    .text               mc_w.l(init.o)
    0x080005f0   0x080005f0   0x00000004   Code   RO         1605    .text.BusFault_Handler  at32f435_437_int.o
    0x080005f4   0x080005f4   0x00000002   Code   RO         1611    .text.DebugMon_Handler  at32f435_437_int.o
    0x080005f6   0x080005f6   0x00000002   PAD
    0x080005f8   0x080005f8   0x00000004   Code   RO         1601    .text.HardFault_Handler  at32f435_437_int.o
    0x080005fc   0x080005fc   0x00000004   Code   RO         1603    .text.MemManage_Handler  at32f435_437_int.o
    0x08000600   0x08000600   0x0000007a   Code   RO         1727    .text.NAFE_HAL_delay  bsp_nafe11388.o
    0x0800067a   0x0800067a   0x00000002   PAD
    0x0800067c   0x0800067c   0x000000e2   Code   RO         1699    .text.NAFE_HAL_readRegBlock  bsp_nafe11388.o
    0x0800075e   0x0800075e   0x00000002   PAD
    0x08000760   0x08000760   0x00000030   Code   RO         1701    .text.NAFE_HAL_sendCmdBlock  bsp_nafe11388.o
    0x08000790   0x08000790   0x00000098   Code   RO         1697    .text.NAFE_HAL_writeRegBlock  bsp_nafe11388.o
    0x08000828   0x08000828   0x00000040   Code   RO         1731    .text.NAFE_combCmdForAccessRegs  bsp_nafe11388.o
    0x08000868   0x08000868   0x0000002a   Code   RO         1729    .text.NAFE_combCmdForInstructionCmds  bsp_nafe11388.o
    0x08000892   0x08000892   0x00000006   PAD
    0x08000898   0x08000898   0x000001dc   Code   RO         1735    .text.NAFE_formatResultArray  bsp_nafe11388.o
    0x08000a74   0x08000a74   0x00000240   Code   RO         1703    .text.NAFE_init     bsp_nafe11388.o
    0x08000cb4   0x08000cb4   0x0000019e   Code   RO         1723    .text.NAFE_mccrBlock  bsp_nafe11388.o
    0x08000e52   0x08000e52   0x00000002   PAD
    0x08000e54   0x08000e54   0x0000015a   Code   RO         1721    .text.NAFE_mcmrBlock  bsp_nafe11388.o
    0x08000fae   0x08000fae   0x00000002   PAD
    0x08000fb0   0x08000fb0   0x000000bc   Code   RO         1719    .text.NAFE_mcsrBlock  bsp_nafe11388.o
    0x0800106c   0x0800106c   0x00000034   Code   RO         1707    .text.NAFE_readRegBlock  bsp_nafe11388.o
    0x080010a0   0x080010a0   0x0000001e   Code   RO         1705    .text.NAFE_resetDevice  bsp_nafe11388.o
    0x080010be   0x080010be   0x00000002   PAD
    0x080010c0   0x080010c0   0x000000c6   Code   RO         1717    .text.NAFE_sccrBlock  bsp_nafe11388.o
    0x08001186   0x08001186   0x00000002   PAD
    0x08001188   0x08001188   0x000000b8   Code   RO         1715    .text.NAFE_scsrBlock  bsp_nafe11388.o
    0x08001240   0x08001240   0x00000022   Code   RO         1725    .text.NAFE_sendCmdBlock  bsp_nafe11388.o
    0x08001262   0x08001262   0x00000002   PAD
    0x08001264   0x08001264   0x0000001e   Code   RO         1709    .text.NAFE_setChannel  bsp_nafe11388.o
    0x08001282   0x08001282   0x00000002   PAD
    0x08001284   0x08001284   0x00000120   Code   RO         1713    .text.NAFE_startSample  bsp_nafe11388.o
    0x080013a4   0x080013a4   0x00000022   Code   RO         1737    .text.NAFE_terminateContiSample  bsp_nafe11388.o
    0x080013c6   0x080013c6   0x00000002   PAD
    0x080013c8   0x080013c8   0x000000a6   Code   RO         1733    .text.NAFE_triggerSample  bsp_nafe11388.o
    0x0800146e   0x0800146e   0x00000002   PAD
    0x08001470   0x08001470   0x00000032   Code   RO         1711    .text.NAFE_writeRegBlock  bsp_nafe11388.o
    0x080014a2   0x080014a2   0x00000002   PAD
    0x080014a4   0x080014a4   0x00000002   Code   RO         1599    .text.NMI_Handler   at32f435_437_int.o
    0x080014a6   0x080014a6   0x00000002   PAD
    0x080014a8   0x080014a8   0x00000002   Code   RO         1613    .text.PendSV_Handler  at32f435_437_int.o
    0x080014aa   0x080014aa   0x00000002   PAD
    0x080014ac   0x080014ac   0x0000016e   Code   RO         1680    .text.SPI_ReadWriteByte  bsp_spi.o
    0x0800161a   0x0800161a   0x00000002   PAD
    0x0800161c   0x0800161c   0x00000002   Code   RO         1609    .text.SVC_Handler   at32f435_437_int.o
    0x0800161e   0x0800161e   0x00000002   PAD
    0x08001620   0x08001620   0x00000002   Code   RO         1615    .text.SysTick_Handler  at32f435_437_int.o
    0x08001622   0x08001622   0x00000002   PAD
    0x08001624   0x08001624   0x000000b8   Code   RO         1624    .text.SystemInit    system_at32f435_437.o
    0x080016dc   0x080016dc   0x00000004   Code   RO         1607    .text.UsageFault_Handler  at32f435_437_int.o
    0x080016e0   0x080016e0   0x00000258   Code   RO         1672    .text.bsp_spi_config  bsp_spi.o
    0x08001938   0x08001938   0x000000ac   Code   RO         1674    .text.bsp_spi_gpio_config  bsp_spi.o
    0x080019e4   0x080019e4   0x00000038   Code   RO         1686    .text.bsp_spi_set_cs  bsp_spi.o
    0x08001a1c   0x08001a1c   0x00000026   Code   RO          260    .text.crm_ahb_div_set  at32f435_437_crm.o
    0x08001a42   0x08001a42   0x00000002   PAD
    0x08001a44   0x08001a44   0x00000026   Code   RO          262    .text.crm_apb1_div_set  at32f435_437_crm.o
    0x08001a6a   0x08001a6a   0x00000002   PAD
    0x08001a6c   0x08001a6c   0x00000026   Code   RO          264    .text.crm_apb2_div_set  at32f435_437_crm.o
    0x08001a92   0x08001a92   0x00000002   PAD
    0x08001a94   0x08001a94   0x00000038   Code   RO          272    .text.crm_auto_step_mode_enable  at32f435_437_crm.o
    0x08001acc   0x08001acc   0x000000a6   Code   RO          252    .text.crm_clock_source_enable  at32f435_437_crm.o
    0x08001b72   0x08001b72   0x00000002   PAD
    0x08001b74   0x08001b74   0x0000003e   Code   RO          236    .text.crm_flag_get  at32f435_437_crm.o
    0x08001bb2   0x08001bb2   0x00000002   PAD
    0x08001bb4   0x08001bb4   0x00000064   Code   RO          240    .text.crm_hext_stable_wait  at32f435_437_crm.o
    0x08001c18   0x08001c18   0x00000052   Code   RO          246    .text.crm_periph_clock_enable  at32f435_437_crm.o
    0x08001c6a   0x08001c6a   0x00000002   PAD
    0x08001c6c   0x08001c6c   0x00000082   Code   RO          282    .text.crm_pll_config  at32f435_437_crm.o
    0x08001cee   0x08001cee   0x00000002   PAD
    0x08001cf0   0x08001cf0   0x0000009a   Code   RO          230    .text.crm_reset     at32f435_437_crm.o
    0x08001d8a   0x08001d8a   0x00000002   PAD
    0x08001d8c   0x08001d8c   0x00000046   Code   RO          284    .text.crm_sysclk_switch  at32f435_437_crm.o
    0x08001dd2   0x08001dd2   0x00000002   PAD
    0x08001dd4   0x08001dd4   0x00000010   Code   RO          286    .text.crm_sysclk_switch_status_get  at32f435_437_crm.o
    0x08001de4   0x08001de4   0x00000014   Code   RO          815    .text.gpio_bits_reset  at32f435_437_gpio.o
    0x08001df8   0x08001df8   0x00000014   Code   RO          813    .text.gpio_bits_set  at32f435_437_gpio.o
    0x08001e0c   0x08001e0c   0x00000024   Code   RO          803    .text.gpio_default_para_init  at32f435_437_gpio.o
    0x08001e30   0x08001e30   0x000000e8   Code   RO          801    .text.gpio_init     at32f435_437_gpio.o
    0x08001f18   0x08001f18   0x00000088   Code   RO          825    .text.gpio_pin_mux_config  at32f435_437_gpio.o
    0x08001fa0   0x08001fa0   0x00000060   Code   RO         1647    .text.main          main.o
    0x08002000   0x08002000   0x00000032   Code   RO         1656    .text.nafe11388_init  nafe11388_if.o
    0x08002032   0x08002032   0x00000002   PAD
    0x08002034   0x08002034   0x000000a8   Code   RO         1658    .text.nafe11388_startSample  nafe11388_if.o
    0x080020dc   0x080020dc   0x0000002c   Code   RO         1126    .text.spi_default_para_init  at32f435_437_spi.o
    0x08002108   0x08002108   0x00000022   Code   RO         1150    .text.spi_enable    at32f435_437_spi.o
    0x0800212a   0x0800212a   0x00000002   PAD
    0x0800212c   0x0800212c   0x00000030   Code   RO         1168    .text.spi_i2s_flag_get  at32f435_437_spi.o
    0x0800215c   0x0800215c   0x000001f6   Code   RO         1128    .text.spi_init      at32f435_437_spi.o
    0x08002352   0x08002352   0x00000002   PAD
    0x08002354   0x08002354   0x000000ae   Code   RO         1591    .text.system_clock_config  at32f435_437_clock.o
    0x08002402   0x08002402   0x00000002   PAD
    0x08002404   0x08002404   0x00000150   Code   RO         1626    .text.system_core_clock_update  system_at32f435_437.o
    0x08002554   0x08002554   0x0000000e   Code   RO         1785    i.__scatterload_copy  mc_w.l(handlers.o)
    0x08002562   0x08002562   0x00000002   Code   RO         1786    i.__scatterload_null  mc_w.l(handlers.o)
    0x08002564   0x08002564   0x0000000e   Code   RO         1787    i.__scatterload_zeroinit  mc_w.l(handlers.o)
    0x08002572   0x08002572   0x00000006   Data   RO         1630    .rodata.system_core_clock_update.pll_fr_table  system_at32f435_437.o
    0x08002578   0x08002578   0x00000010   Data   RO         1629    .rodata.system_core_clock_update.sys_ahb_div_table  system_at32f435_437.o
    0x08002588   0x08002588   0x00000020   Data   RO         1784    Region$$Table       anon$$obj.o


    Execution Region RW_IRAM1 (Exec base: 0x20000000, Load base: 0x080025a8, Size: 0x00000528, Max: 0x00060000, ABSOLUTE)

    Exec Addr    Load Addr    Size         Type   Attr      Idx    E Section Name        Object

    0x20000000   0x080025a8   0x000000e0   Data   RW         1663    .data.gs_ChnConfig  nafe11388_if.o
    0x200000e0   0x08002688   0x00000006   Data   RW         1662    .data.gs_SysConfig  nafe11388_if.o
    0x200000e6   0x0800268e   0x00000002   PAD
    0x200000e8   0x08002690   0x00000020   Data   RW         1661    .data.gs_XferHdl    nafe11388_if.o
    0x20000108   0x080026b0   0x00000014   Data   RW         1660    .data.nafe_dev      nafe11388_if.o
    0x2000011c   0x080026c4   0x00000004   Data   RW         1628    .data.system_core_clock  system_at32f435_437.o
    0x20000120        -       0x00000008   Zero   RW         1664    .bss.gs_Result      nafe11388_if.o
    0x20000128        -       0x00000400   Zero   RW         1637    STACK               startup_at32f435_437.o


==============================================================================

Image component sizes


      Code (inc. data)   RO Data    RW Data    ZI Data      Debug   Object Name

       174          0          0          0          0       8533   at32f435_437_clock.o
       950          6          0          0          0      27254   at32f435_437_crm.o
       444          0          0          0          0      11925   at32f435_437_gpio.o
        26          0          0          0          0       1042   at32f435_437_int.o
       628          0          0          0          0      12826   at32f435_437_spi.o
      3720         26          0          0          0      11839   bsp_nafe11388.o
      1194         24          0          0          0      15307   bsp_spi.o
        96          0          0          0          0       1312   main.o
       218          6          0        282          8       5574   nafe11388_if.o
        36          8        524          0       1024        944   startup_at32f435_437.o
       520          0         22          4          0      11571   system_at32f435_437.o

    ----------------------------------------------------------------------
      8072         70        578        288       1032     108127   Object Totals
         0          0         32          0          0          0   (incl. Generated)
        66          0          0          2          0          0   (incl. Padding)

    ----------------------------------------------------------------------

      Code (inc. data)   RO Data    RW Data    ZI Data      Debug   Library Member Name

         0          0          0          0          0          0   entry.o
         0          0          0          0          0          0   entry10a.o
         0          0          0          0          0          0   entry11a.o
         8          4          0          0          0          0   entry2.o
         4          0          0          0          0          0   entry5.o
         0          0          0          0          0          0   entry7b.o
         0          0          0          0          0          0   entry8b.o
         8          4          0          0          0          0   entry9a.o
        30          0          0          0          0          0   handlers.o
        36          8          0          0          0         68   init.o
         0          0          0          0          0          0   iusefp.o
        30          0          0          0          0         68   llshl.o
        32          0          0          0          0         68   llushr.o
        36          0          0          0          0        108   memseta.o
        98          0          0          0          0         92   uldiv.o
       222          0          0          0          0        100   ddiv.o
       186          0          0          0          0        176   depilogue.o
        34          0          0          0          0         76   dflti.o
       228          0          0          0          0         96   dmul.o
        38          0          0          0          0         68   f2d.o

    ----------------------------------------------------------------------
       990         16          0          0          0        920   Library Totals
         0          0          0          0          0          0   (incl. Padding)

    ----------------------------------------------------------------------

      Code (inc. data)   RO Data    RW Data    ZI Data      Debug   Library Name

       282         16          0          0          0        404   mc_w.l
       708          0          0          0          0        516   mf_w.l

    ----------------------------------------------------------------------
       990         16          0          0          0        920   Library Totals

    ----------------------------------------------------------------------

==============================================================================


      Code (inc. data)   RO Data    RW Data    ZI Data      Debug   

      9062         86        578        288       1032     108707   Grand Totals
      9062         86        578        288       1032     108707   ELF Image Totals
      9062         86        578        288          0          0   ROM Totals

==============================================================================

    Total RO  Size (Code + RO Data)                 9640 (   9.41kB)
    Total RW  Size (RW Data + ZI Data)              1320 (   1.29kB)
    Total ROM Size (Code + RO Data + RW Data)       9928 (   9.70kB)

==============================================================================

